<html>
<body>
<pre>
<h1>µVision Build Log</h1>
<h2>Tool Versions:</h2>
IDE-Version: ¦ÌVision V5.34.0.0
Copyright (C) 2021 ARM Ltd and ARM Germany GmbH. All rights reserved.
License Information: \ Administrator,  , LIC=GMZI6-DZPXZ-CXTU6-D5KDZ-VZYP8-MQWFK
 
Tool Versions:
Toolchain:       MDK-ARM Plus  Version: 5.34.0.0
Toolchain Path:  D:\01_Embedded\04_Tool\keil5\ARM\ARMCC\Bin
C Compiler:      Armcc.exe V5.06 update 7 (build 960)
Assembler:       Armasm.exe V5.06 update 7 (build 960)
Linker/Locator:  ArmLink.exe V5.06 update 7 (build 960)
Library Manager: ArmAr.exe V5.06 update 7 (build 960)
Hex Converter:   FromElf.exe V5.06 update 7 (build 960)
CPU DLL:         SARMCM3.DLL V5.34.0.0
Dialog DLL:      DCM.DLL V1.17.3.0
Target DLL:      STLink\ST-LINKIII-KEIL_SWO.dll V3.0.8.0
Dialog DLL:      TCM.DLL V1.48.0.0
 
<h2>Project:</h2>
D:\01_Embedded\01_Project\BMS_48Pro_260425\Template_STM32F103C8T6_Hal_20260425\MDK-ARM\Template_STM32F103C8T6_Hal_20260425.uvprojx
Project File Date:  05/06/2026

<h2>Output:</h2>
*** Using Compiler 'V5.06 update 7 (build 960)', folder: 'D:\01_Embedded\04_Tool\keil5\ARM\ARMCC\Bin'
Build target 'Template_STM32F103C8T6_Hal_20260425'
compiling main.c...
../Core/Src/main.c(130): warning:  #177-D: function "BQ76940_Test_Poll"  was declared but never referenced
  static void BQ76940_Test_Poll(void)
../Core/Src/main.c(97): warning:  #177-D: function "bq_dump_balance_regs_with_pec"  was declared but never referenced
  static void bq_dump_balance_regs_with_pec(void)
../Core/Src/main.c: 2 warnings, 0 errors
linking...
Program Size: Code=12612 RO-data=472 RW-data=92 ZI-data=3132  
FromELF: creating hex file...
After Build - User command #1: fromelf --bin --output D:\01_Embedded\01_Project\BMS_48Pro_260425\Template_STM32F103C8T6_Hal_20260425\MDK-ARM\BuildFile
Error: Q0120E: No input file specified.
Finished: 0 information, 0 warning and 1 error messages.
".\BuildFile\BMS_48_pro.axf" - 0 Error(s), 2 Warning(s).

<h2>Software Packages used:</h2>

Package Vendor: ARM
                http://www.keil.com/pack/ARM.CMSIS.5.7.0.pack
                ARM.CMSIS.5.7.0
                CMSIS (Cortex Microcontroller Software Interface Standard)
   * Component: CORE Version: 5.4.0

Package Vendor: Keil
                https://www.keil.com/pack/Keil.STM32F1xx_DFP.2.4.1.pack
                Keil.STM32F1xx_DFP.2.4.1
                STMicroelectronics STM32F1 Series Device Support, Drivers and Examples

<h2>Collection of Component include folders:</h2>
  .\RTE\_Template_STM32F103C8T6_Hal_20260425
  D:\01_Embedded\04_Tool\keil5\Packs\ARM\CMSIS\5.7.0\CMSIS\Core\Include
  D:\01_Embedded\04_Tool\keil5\Packs\Keil\STM32F1xx_DFP\2.4.1\Device\Include

<h2>Collection of Component Files used:</h2>

   * Component: ARM::CMSIS:CORE:5.4.0
      Include file:  CMSIS\Core\Include\tz_context.h
Build Time Elapsed:  00:00:02
</pre>
</body>
</html>
