Component: ARM Compiler 5.06 update 7 (build 960) Tool: armlink [4d3601]

==============================================================================

Section Cross References

    startup_stm32f103xb.o(STACK) refers (Special) to heapauxi.o(.text) for __use_two_region_memory
    startup_stm32f103xb.o(HEAP) refers (Special) to heapauxi.o(.text) for __use_two_region_memory
    startup_stm32f103xb.o(RESET) refers (Special) to heapauxi.o(.text) for __use_two_region_memory
    startup_stm32f103xb.o(RESET) refers to startup_stm32f103xb.o(STACK) for __initial_sp
    startup_stm32f103xb.o(RESET) refers to startup_stm32f103xb.o(.text) for Reset_Handler
    startup_stm32f103xb.o(RESET) refers to stm32f1xx_it.o(i.NMI_Handler) for NMI_Handler
    startup_stm32f103xb.o(RESET) refers to stm32f1xx_it.o(i.HardFault_Handler) for HardFault_Handler
    startup_stm32f103xb.o(RESET) refers to stm32f1xx_it.o(i.MemManage_Handler) for MemManage_Handler
    startup_stm32f103xb.o(RESET) refers to stm32f1xx_it.o(i.BusFault_Handler) for BusFault_Handler
    startup_stm32f103xb.o(RESET) refers to stm32f1xx_it.o(i.UsageFault_Handler) for UsageFault_Handler
    startup_stm32f103xb.o(RESET) refers to port.o(.emb_text) for SVC_Handler
    startup_stm32f103xb.o(RESET) refers to stm32f1xx_it.o(i.DebugMon_Handler) for DebugMon_Handler
    startup_stm32f103xb.o(RESET) refers to cmsis_os2.o(i.SysTick_Handler) for SysTick_Handler
    startup_stm32f103xb.o(RESET) refers to stm32f1xx_it.o(i.TIM2_IRQHandler) for TIM2_IRQHandler
    startup_stm32f103xb.o(.text) refers (Special) to heapauxi.o(.text) for __use_two_region_memory
    startup_stm32f103xb.o(.text) refers to system_stm32f1xx.o(i.SystemInit) for SystemInit
    startup_stm32f103xb.o(.text) refers to __main.o(!!!main) for __main
    startup_stm32f103xb.o(.text) refers to startup_stm32f103xb.o(HEAP) for Heap_Mem
    startup_stm32f103xb.o(.text) refers to startup_stm32f103xb.o(STACK) for Stack_Mem
    main.o(i.BQ76940_Test_Init) refers to bsp_bq76940.o(i.BQ76940_Init) for BQ76940_Init
    main.o(i.BQ76940_Test_Init) refers to stm32f1xx_hal_iwdg.o(i.HAL_IWDG_Refresh) for HAL_IWDG_Refresh
    main.o(i.BQ76940_Test_Init) refers to stm32f1xx_hal.o(i.HAL_Delay) for HAL_Delay
    main.o(i.BQ76940_Test_Init) refers to noretval__2printf.o(.text) for __2printf
    main.o(i.BQ76940_Test_Init) refers to main.o(.data) for .data
    main.o(i.BQ76940_Test_Init) refers to iwdg.o(.bss) for hiwdg
    main.o(i.BQ76940_Test_Poll) refers to _printf_pad.o(.text) for _printf_pre_padding
    main.o(i.BQ76940_Test_Poll) refers to _printf_percent.o(.ARM.Collect$$_printf_percent$$00000000) for _printf_percent
    main.o(i.BQ76940_Test_Poll) refers to _printf_u.o(.ARM.Collect$$_printf_percent$$0000000A) for _printf_u
    main.o(i.BQ76940_Test_Poll) refers to _printf_x.o(.ARM.Collect$$_printf_percent$$0000000C) for _printf_x
    main.o(i.BQ76940_Test_Poll) refers to _printf_f.o(.ARM.Collect$$_printf_percent$$00000003) for _printf_f
    main.o(i.BQ76940_Test_Poll) refers to _printf_dec.o(.text) for _printf_int_dec
    main.o(i.BQ76940_Test_Poll) refers to _printf_hex_int.o(.text) for _printf_longlong_hex
    main.o(i.BQ76940_Test_Poll) refers to printf1.o(x$fpl$printf1) for _printf_fp_dec
    main.o(i.BQ76940_Test_Poll) refers to stm32f1xx_hal_iwdg.o(i.HAL_IWDG_Refresh) for HAL_IWDG_Refresh
    main.o(i.BQ76940_Test_Poll) refers to stm32f1xx_hal.o(i.HAL_GetTick) for HAL_GetTick
    main.o(i.BQ76940_Test_Poll) refers to stm32f1xx_hal.o(i.HAL_Delay) for HAL_Delay
    main.o(i.BQ76940_Test_Poll) refers to rt_memclr_w.o(.text) for __aeabi_memclr4
    main.o(i.BQ76940_Test_Poll) refers to bsp_bq76940.o(i.BQ76940_ReadVoltage) for BQ76940_ReadVoltage
    main.o(i.BQ76940_Test_Poll) refers to bsp_bq76940.o(i.BQ76940_ReadCurrent) for BQ76940_ReadCurrent
    main.o(i.BQ76940_Test_Poll) refers to bsp_bq76940.o(i.BQ76940_ReadTemp) for BQ76940_ReadTemp
    main.o(i.BQ76940_Test_Poll) refers to bsp_bq76940.o(i.BQ76940_ReadFault) for BQ76940_ReadFault
    main.o(i.BQ76940_Test_Poll) refers to f2d.o(x$fpl$f2d) for __aeabi_f2d
    main.o(i.BQ76940_Test_Poll) refers to noretval__2printf.o(.text) for __2printf
    main.o(i.BQ76940_Test_Poll) refers to bsp_bq76940.o(i.BQ76940_ClearFault) for BQ76940_ClearFault
    main.o(i.BQ76940_Test_Poll) refers to iwdg.o(.bss) for hiwdg
    main.o(i.BQ76940_Test_Poll) refers to main.o(.data) for .data
    main.o(i.BQ76940_Test_Poll) refers to main.o(.conststring) for .conststring
    main.o(i.HAL_TIM_PeriodElapsedCallback) refers to stm32f1xx_hal.o(i.HAL_IncTick) for HAL_IncTick
    main.o(i.SystemClock_Config) refers to rt_memclr_w.o(.text) for __aeabi_memclr4
    main.o(i.SystemClock_Config) refers to stm32f1xx_hal_rcc.o(i.HAL_RCC_OscConfig) for HAL_RCC_OscConfig
    main.o(i.SystemClock_Config) refers to stm32f1xx_hal_rcc.o(i.HAL_RCC_ClockConfig) for HAL_RCC_ClockConfig
    main.o(i.main) refers to stm32f1xx_hal.o(i.HAL_Init) for HAL_Init
[...]
    .ARM.Collect$$libshutdown$$0000000C      0x0800018c   Section        0  libshutdown2.o(.ARM.Collect$$libshutdown$$0000000C)
    .ARM.Collect$$libshutdown$$0000000E      0x0800018c   Section        0  libshutdown2.o(.ARM.Collect$$libshutdown$$0000000E)
    .ARM.Collect$$libshutdown$$00000011      0x0800018c   Section        0  libshutdown2.o(.ARM.Collect$$libshutdown$$00000011)
    .ARM.Collect$$libshutdown$$00000012      0x0800018c   Section        2  libshutdown2.o(.ARM.Collect$$libshutdown$$00000012)
    .ARM.Collect$$rtentry$$00000000          0x0800018e   Section        0  __rtentry.o(.ARM.Collect$$rtentry$$00000000)
    .ARM.Collect$$rtentry$$00000002          0x0800018e   Section        0  __rtentry2.o(.ARM.Collect$$rtentry$$00000002)
    .ARM.Collect$$rtentry$$00000004          0x0800018e   Section        6  __rtentry4.o(.ARM.Collect$$rtentry$$00000004)
    .ARM.Collect$$rtentry$$00000009          0x08000194   Section        0  __rtentry2.o(.ARM.Collect$$rtentry$$00000009)
    .ARM.Collect$$rtentry$$0000000A          0x08000194   Section        4  __rtentry2.o(.ARM.Collect$$rtentry$$0000000A)
    .ARM.Collect$$rtentry$$0000000C          0x08000198   Section        0  __rtentry2.o(.ARM.Collect$$rtentry$$0000000C)
    .ARM.Collect$$rtentry$$0000000D          0x08000198   Section        8  __rtentry2.o(.ARM.Collect$$rtentry$$0000000D)
    .ARM.Collect$$rtexit$$00000000           0x080001a0   Section        2  rtexit.o(.ARM.Collect$$rtexit$$00000000)
    .ARM.Collect$$rtexit$$00000002           0x080001a2   Section        0  rtexit2.o(.ARM.Collect$$rtexit$$00000002)
    .ARM.Collect$$rtexit$$00000003           0x080001a2   Section        4  rtexit2.o(.ARM.Collect$$rtexit$$00000003)
    .ARM.Collect$$rtexit$$00000004           0x080001a6   Section        6  rtexit2.o(.ARM.Collect$$rtexit$$00000004)
    .emb_text                                0x080001ac   Section      150  port.o(.emb_text)
    .text                                    0x08000244   Section       64  startup_stm32f103xb.o(.text)
    .text                                    0x08000284   Section        2  use_no_semi_2.o(.text)
    .text                                    0x08000288   Section        0  noretval__2printf.o(.text)
    .text                                    0x080002a0   Section        0  _printf_pad.o(.text)
    .text                                    0x080002f0   Section        0  _printf_dec.o(.text)
    .text                                    0x08000368   Section        0  _printf_hex_int.o(.text)
    .text                                    0x080003c0   Section        0  __printf_flags_wp.o(.text)
    .text                                    0x080004f8   Section       78  rt_memclr_w.o(.text)
    .text                                    0x08000546   Section        0  heapauxi.o(.text)
    .text                                    0x0800054c   Section        2  use_no_semi.o(.text)
    .text                                    0x0800054e   Section        0  _printf_intcommon.o(.text)
    .text                                    0x08000600   Section        0  _printf_fp_dec.o(.text)
    _fp_digits                               0x08000603   Thumb Code   432  _printf_fp_dec.o(.text)
    .text                                    0x08000a20   Section        0  _printf_char_file.o(.text)
    .text                                    0x08000a44   Section        8  rt_locale_intlibspace.o(.text)
    .text                                    0x08000a4c   Section      138  lludiv10.o(.text)
    .text                                    0x08000ad8   Section        0  _printf_char_common.o(.text)
    _printf_input_char                       0x08000ad9   Thumb Code    10  _printf_char_common.o(.text)
    .text                                    0x08000b08   Section        0  _printf_fp_infnan.o(.text)
    .text                                    0x08000b88   Section        0  bigflt0.o(.text)
    .text                                    0x08000c6c   Section        0  ferror.o(.text)
    .text                                    0x08000c74   Section        8  libspace.o(.text)
    .text                                    0x08000c7c   Section       74  sys_stackheap_outer.o(.text)
    .text                                    0x08000cc6   Section        0  exit.o(.text)
    .text                                    0x08000cd8   Section      128  strcmpv7m.o(.text)
    CL$$btod_d2e                             0x08000d58   Section       62  btod.o(CL$$btod_d2e)
    CL$$btod_d2e_denorm_low                  0x08000d96   Section       70  btod.o(CL$$btod_d2e_denorm_low)
    CL$$btod_d2e_norm_op1                    0x08000ddc   Section       96  btod.o(CL$$btod_d2e_norm_op1)
    CL$$btod_div_common                      0x08000e3c   Section      824  btod.o(CL$$btod_div_common)
    CL$$btod_e2e                             0x08001174   Section      220  btod.o(CL$$btod_e2e)
    CL$$btod_ediv                            0x08001250   Section       42  btod.o(CL$$btod_ediv)
    CL$$btod_emul                            0x0800127a   Section       42  btod.o(CL$$btod_emul)
    CL$$btod_mult_common                     0x080012a4   Section      580  btod.o(CL$$btod_mult_common)
    i.BQ76940_ClearFault                     0x080014e8   Section        0  bsp_bq76940.o(i.BQ76940_ClearFault)
    i.BQ76940_Init                           0x0800150c   Section        0  bsp_bq76940.o(i.BQ76940_Init)
    i.BQ76940_ReadCurrent                    0x08001600   Section        0  bsp_bq76940.o(i.BQ76940_ReadCurrent)
    i.BQ76940_ReadFault                      0x0800163c   Section        0  bsp_bq76940.o(i.BQ76940_ReadFault)
    i.BQ76940_ReadTemp                       0x0800164c   Section        0  bsp_bq76940.o(i.BQ76940_ReadTemp)
    i.BQ76940_ReadVoltage                    0x08001680   Section        0  bsp_bq76940.o(i.BQ76940_ReadVoltage)
    i.BQ76940_Test_Init                      0x080016c8   Section        0  main.o(i.BQ76940_Test_Init)
    BQ76940_Test_Init                        0x080016c9   Thumb Code    62  main.o(i.BQ76940_Test_Init)
    i.BQ76940_Test_Poll                      0x08001738   Section        0  main.o(i.BQ76940_Test_Poll)
    BQ76940_Test_Poll                        0x08001739   Thumb Code   228  main.o(i.BQ76940_Test_Poll)
    i.BSP_I2C_IsDeviceReady                  0x08001828   Section        0  bsp_i2c.o(i.BSP_I2C_IsDeviceReady)
    i.BSP_I2C_Read_Buffer                    0x08001844   Section        0  bsp_i2c.o(i.BSP_I2C_Read_Buffer)
    i.BSP_I2C_Read_Buffer_PEC                0x0800186c   Section        0  bsp_i2c.o(i.BSP_I2C_Read_Buffer_PEC)
    i.BSP_I2C_Read_Byte                      0x080018cc   Section        0  bsp_i2c.o(i.BSP_I2C_Read_Byte)
    i.BSP_I2C_Read_Byte_PEC                  0x080018f8   Section        0  bsp_i2c.o(i.BSP_I2C_Read_Byte_PEC)
    i.BSP_I2C_Write_Byte_PEC                 0x08001944   Section        0  bsp_i2c.o(i.BSP_I2C_Write_Byte_PEC)
    i.BusFault_Handler                       0x08001980   Section        0  stm32f1xx_it.o(i.BusFault_Handler)
    i.CRC8_Update                            0x08001982   Section        0  crc8.o(i.CRC8_Update)
    i.DebugMon_Handler                       0x080019b4   Section        0  stm32f1xx_it.o(i.DebugMon_Handler)
    i.Error_Handler                          0x080019b6   Section        0  main.o(i.Error_Handler)
    i.HAL_CAN_Init                           0x080019ba   Section        0  stm32f1xx_hal_can.o(i.HAL_CAN_Init)
    i.HAL_CAN_MspInit                        0x08001ad4   Section        0  can.o(i.HAL_CAN_MspInit)
    i.HAL_Delay                              0x08001b40   Section        0  stm32f1xx_hal.o(i.HAL_Delay)
    i.HAL_GPIO_Init                          0x08001b64   Section        0  stm32f1xx_hal_gpio.o(i.HAL_GPIO_Init)
    i.HAL_GPIO_WritePin                      0x08001d44   Section        0  stm32f1xx_hal_gpio.o(i.HAL_GPIO_WritePin)
    i.HAL_GetTick                            0x08001d50   Section        0  stm32f1xx_hal.o(i.HAL_GetTick)
    i.HAL_I2C_Init                           0x08001d5c   Section        0  stm32f1xx_hal_i2c.o(i.HAL_I2C_Init)
    i.HAL_I2C_IsDeviceReady                  0x08001ee4   Section        0  stm32f1xx_hal_i2c.o(i.HAL_I2C_IsDeviceReady)
    i.HAL_I2C_Mem_Read                       0x08002050   Section        0  stm32f1xx_hal_i2c.o(i.HAL_I2C_Mem_Read)
    i.HAL_I2C_Mem_Write                      0x080022ac   Section        0  stm32f1xx_hal_i2c.o(i.HAL_I2C_Mem_Write)
    i.HAL_I2C_MspInit                        0x080023dc   Section        0  i2c.o(i.HAL_I2C_MspInit)
    i.HAL_IWDG_Init                          0x0800244c   Section        0  stm32f1xx_hal_iwdg.o(i.HAL_IWDG_Init)
    i.HAL_IWDG_Refresh                       0x080024aa   Section        0  stm32f1xx_hal_iwdg.o(i.HAL_IWDG_Refresh)
    i.HAL_IncTick                            0x080024b8   Section        0  stm32f1xx_hal.o(i.HAL_IncTick)
    i.HAL_Init                               0x080024c8   Section        0  stm32f1xx_hal.o(i.HAL_Init)
    i.HAL_InitTick                           0x080024ec   Section        0  stm32f1xx_hal_timebase_tim.o(i.HAL_InitTick)
    i.HAL_MspInit                            0x08002584   Section        0  stm32f1xx_hal_msp.o(i.HAL_MspInit)
    i.HAL_NVIC_EnableIRQ                     0x080025cc   Section        0  stm32f1xx_hal_cortex.o(i.HAL_NVIC_EnableIRQ)
    i.HAL_NVIC_SetPriority                   0x080025e8   Section        0  stm32f1xx_hal_cortex.o(i.HAL_NVIC_SetPriority)
    i.HAL_NVIC_SetPriorityGrouping           0x08002628   Section        0  stm32f1xx_hal_cortex.o(i.HAL_NVIC_SetPriorityGrouping)
    i.HAL_RCC_ClockConfig                    0x0800264c   Section        0  stm32f1xx_hal_rcc.o(i.HAL_RCC_ClockConfig)
    i.HAL_RCC_GetClockConfig                 0x08002778   Section        0  stm32f1xx_hal_rcc.o(i.HAL_RCC_GetClockConfig)
    i.HAL_RCC_GetPCLK1Freq                   0x080027b8   Section        0  stm32f1xx_hal_rcc.o(i.HAL_RCC_GetPCLK1Freq)
    i.HAL_RCC_GetPCLK2Freq                   0x080027d8   Section        0  stm32f1xx_hal_rcc.o(i.HAL_RCC_GetPCLK2Freq)
    i.HAL_RCC_GetSysClockFreq                0x080027f8   Section        0  stm32f1xx_hal_rcc.o(i.HAL_RCC_GetSysClockFreq)
    i.HAL_RCC_OscConfig                      0x08002844   Section        0  stm32f1xx_hal_rcc.o(i.HAL_RCC_OscConfig)
    i.HAL_TIMEx_BreakCallback                0x08002b64   Section        0  stm32f1xx_hal_tim_ex.o(i.HAL_TIMEx_BreakCallback)
    i.HAL_TIMEx_CommutCallback               0x08002b66   Section        0  stm32f1xx_hal_tim_ex.o(i.HAL_TIMEx_CommutCallback)
    i.HAL_TIM_Base_Init                      0x08002b68   Section        0  stm32f1xx_hal_tim.o(i.HAL_TIM_Base_Init)
    i.HAL_TIM_Base_MspInit                   0x08002bc2   Section        0  stm32f1xx_hal_tim.o(i.HAL_TIM_Base_MspInit)
    i.HAL_TIM_Base_Start_IT                  0x08002bc4   Section        0  stm32f1xx_hal_tim.o(i.HAL_TIM_Base_Start_IT)
    i.HAL_TIM_IC_CaptureCallback             0x08002c1c   Section        0  stm32f1xx_hal_tim.o(i.HAL_TIM_IC_CaptureCallback)
    i.HAL_TIM_IRQHandler                     0x08002c1e   Section        0  stm32f1xx_hal_tim.o(i.HAL_TIM_IRQHandler)
    i.HAL_TIM_OC_DelayElapsedCallback        0x08002d4e   Section        0  stm32f1xx_hal_tim.o(i.HAL_TIM_OC_DelayElapsedCallback)
    i.HAL_TIM_PWM_PulseFinishedCallback      0x08002d50   Section        0  stm32f1xx_hal_tim.o(i.HAL_TIM_PWM_PulseFinishedCallback)
    i.HAL_TIM_PeriodElapsedCallback          0x08002d52   Section        0  main.o(i.HAL_TIM_PeriodElapsedCallback)
    i.HAL_TIM_TriggerCallback                0x08002d60   Section        0  stm32f1xx_hal_tim.o(i.HAL_TIM_TriggerCallback)
    i.HAL_UART_Init                          0x08002d62   Section        0  stm32f1xx_hal_uart.o(i.HAL_UART_Init)
    i.HAL_UART_MspInit                       0x08002dc8   Section        0  usart.o(i.HAL_UART_MspInit)
    i.HAL_UART_Transmit                      0x08002e38   Section        0  stm32f1xx_hal_uart.o(i.HAL_UART_Transmit)
    i.HardFault_Handler                      0x08002ed8   Section        0  stm32f1xx_it.o(i.HardFault_Handler)
    i.I2C_IsAcknowledgeFailed                0x08002eda   Section        0  stm32f1xx_hal_i2c.o(i.I2C_IsAcknowledgeFailed)
    I2C_IsAcknowledgeFailed                  0x08002edb   Thumb Code    46  stm32f1xx_hal_i2c.o(i.I2C_IsAcknowledgeFailed)
    i.I2C_RequestMemoryRead                  0x08002f08   Section        0  stm32f1xx_hal_i2c.o(i.I2C_RequestMemoryRead)
    I2C_RequestMemoryRead                    0x08002f09   Thumb Code   246  stm32f1xx_hal_i2c.o(i.I2C_RequestMemoryRead)
    i.I2C_RequestMemoryWrite                 0x08003004   Section        0  stm32f1xx_hal_i2c.o(i.I2C_RequestMemoryWrite)
    I2C_RequestMemoryWrite                   0x08003005   Thumb Code   162  stm32f1xx_hal_i2c.o(i.I2C_RequestMemoryWrite)
    i.I2C_WaitOnBTFFlagUntilTimeout          0x080030ac   Section        0  stm32f1xx_hal_i2c.o(i.I2C_WaitOnBTFFlagUntilTimeout)
    I2C_WaitOnBTFFlagUntilTimeout            0x080030ad   Thumb Code    86  stm32f1xx_hal_i2c.o(i.I2C_WaitOnBTFFlagUntilTimeout)
    i.I2C_WaitOnFlagUntilTimeout             0x08003104   Section        0  stm32f1xx_hal_i2c.o(i.I2C_WaitOnFlagUntilTimeout)
    I2C_WaitOnFlagUntilTimeout               0x08003105   Thumb Code   144  stm32f1xx_hal_i2c.o(i.I2C_WaitOnFlagUntilTimeout)
    i.I2C_WaitOnMasterAddressFlagUntilTimeout 0x08003194   Section        0  stm32f1xx_hal_i2c.o(i.I2C_WaitOnMasterAddressFlagUntilTimeout)
    I2C_WaitOnMasterAddressFlagUntilTimeout  0x08003195   Thumb Code   188  stm32f1xx_hal_i2c.o(i.I2C_WaitOnMasterAddressFlagUntilTimeout)
    i.I2C_WaitOnRXNEFlagUntilTimeout         0x08003250   Section        0  stm32f1xx_hal_i2c.o(i.I2C_WaitOnRXNEFlagUntilTimeout)
    I2C_WaitOnRXNEFlagUntilTimeout           0x08003251   Thumb Code   112  stm32f1xx_hal_i2c.o(i.I2C_WaitOnRXNEFlagUntilTimeout)
    i.I2C_WaitOnTXEFlagUntilTimeout          0x080032c0   Section        0  stm32f1xx_hal_i2c.o(i.I2C_WaitOnTXEFlagUntilTimeout)
    I2C_WaitOnTXEFlagUntilTimeout            0x080032c1   Thumb Code    86  stm32f1xx_hal_i2c.o(i.I2C_WaitOnTXEFlagUntilTimeout)
    i.MX_CAN_Init                            0x08003318   Section        0  can.o(i.MX_CAN_Init)
    i.MX_GPIO_Init                           0x08003354   Section        0  gpio.o(i.MX_GPIO_Init)
    i.MX_I2C1_Init                           0x080033c4   Section        0  i2c.o(i.MX_I2C1_Init)
    i.MX_IWDG_Init                           0x08003404   Section        0  iwdg.o(i.MX_IWDG_Init)
    i.MX_USART1_UART_Init                    0x08003430   Section        0  usart.o(i.MX_USART1_UART_Init)
    i.MemManage_Handler                      0x08003468   Section        0  stm32f1xx_it.o(i.MemManage_Handler)
    i.NMI_Handler                            0x0800346a   Section        0  stm32f1xx_it.o(i.NMI_Handler)
    i.SysTick_Handler                        0x0800346c   Section        0  cmsis_os2.o(i.SysTick_Handler)
    i.SystemClock_Config                     0x08003486   Section        0  main.o(i.SystemClock_Config)
    i.SystemInit                             0x080034ea   Section        0  system_stm32f1xx.o(i.SystemInit)
    i.TIM2_IRQHandler                        0x080034ec   Section        0  stm32f1xx_it.o(i.TIM2_IRQHandler)
    i.TIM_Base_SetConfig                     0x080034f8   Section        0  stm32f1xx_hal_tim.o(i.TIM_Base_SetConfig)
    i.UART_EndRxTransfer                     0x08003570   Section        0  stm32f1xx_hal_uart.o(i.UART_EndRxTransfer)
    UART_EndRxTransfer                       0x08003571   Thumb Code    78  stm32f1xx_hal_uart.o(i.UART_EndRxTransfer)
    i.UART_SetConfig                         0x080035c0   Section        0  stm32f1xx_hal_uart.o(i.UART_SetConfig)
    UART_SetConfig                           0x080035c1   Thumb Code   178  stm32f1xx_hal_uart.o(i.UART_SetConfig)
    i.UART_WaitOnFlagUntilTimeout            0x08003678   Section        0  stm32f1xx_hal_uart.o(i.UART_WaitOnFlagUntilTimeout)
    UART_WaitOnFlagUntilTimeout              0x08003679   Thumb Code   114  stm32f1xx_hal_uart.o(i.UART_WaitOnFlagUntilTimeout)
    i.UsageFault_Handler                     0x080036ea   Section        0  stm32f1xx_it.o(i.UsageFault_Handler)
    i.__ARM_fpclassify                       0x080036ec   Section        0  fpclassify.o(i.__ARM_fpclassify)
    i.__NVIC_SetPriority                     0x08003714   Section        0  stm32f1xx_hal_cortex.o(i.__NVIC_SetPriority)
    __NVIC_SetPriority                       0x08003715   Thumb Code    32  stm32f1xx_hal_cortex.o(i.__NVIC_SetPriority)
    i._is_digit                              0x08003734   Section        0  __printf_wp.o(i._is_digit)
    i._sys_exit                              0x08003742   Section        0  usart.o(i._sys_exit)
    i.bq_adc_raw_to_mV                       0x08003744   Section        0  bsp_bq76940.o(i.bq_adc_raw_to_mV)
    bq_adc_raw_to_mV                         0x08003745   Thumb Code    56  bsp_bq76940.o(i.bq_adc_raw_to_mV)
    i.bq_read_buf                            0x08003784   Section        0  bsp_bq76940.o(i.bq_read_buf)
    bq_read_buf                              0x08003785   Thumb Code    26  bsp_bq76940.o(i.bq_read_buf)
    i.bq_read_u8                             0x080037a4   Section        0  bsp_bq76940.o(i.bq_read_u8)
    bq_read_u8                               0x080037a5   Thumb Code    24  bsp_bq76940.o(i.bq_read_u8)
    i.bq_write_u8                            0x080037c0   Section        0  bsp_bq76940.o(i.bq_write_u8)
    bq_write_u8                              0x080037c1   Thumb Code    10  bsp_bq76940.o(i.bq_write_u8)
    i.bsp_i2c_calc_pec_read                  0x080037ca   Section        0  bsp_i2c.o(i.bsp_i2c_calc_pec_read)
    bsp_i2c_calc_pec_read                    0x080037cb   Thumb Code    72  bsp_i2c.o(i.bsp_i2c_calc_pec_read)
    i.bsp_i2c_calc_pec_write                 0x08003812   Section        0  bsp_i2c.o(i.bsp_i2c_calc_pec_write)
    bsp_i2c_calc_pec_write                   0x08003813   Thumb Code    52  bsp_i2c.o(i.bsp_i2c_calc_pec_write)
    i.fputc                                  0x08003848   Section        0  usart.o(i.fputc)
    i.main                                   0x0800386c   Section        0  main.o(i.main)
    i.prvResetNextTaskUnblockTime            0x080038a8   Section        0  tasks.o(i.prvResetNextTaskUnblockTime)
    prvResetNextTaskUnblockTime              0x080038a9   Thumb Code    26  tasks.o(i.prvResetNextTaskUnblockTime)
    i.uxListRemove                           0x080038c8   Section        0  list.o(i.uxListRemove)
    i.vListInsertEnd                         0x080038ee   Section        0  list.o(i.vListInsertEnd)
    i.vTaskSwitchContext                     0x08003908   Section        0  tasks.o(i.vTaskSwitchContext)
    i.xPortSysTickHandler                    0x0800396c   Section        0  port.o(i.xPortSysTickHandler)
    i.xTaskGetSchedulerState                 0x08003998   Section        0  tasks.o(i.xTaskGetSchedulerState)
    i.xTaskIncrementTick                     0x080039b4   Section        0  tasks.o(i.xTaskIncrementTick)
    locale$$code                             0x08003a7c   Section       44  lc_numeric_c.o(locale$$code)
    x$fpl$dretinf                            0x08003aa8   Section       12  dretinf.o(x$fpl$dretinf)
    x$fpl$f2d                                0x08003ab4   Section       86  f2d.o(x$fpl$f2d)
    x$fpl$fadd                               0x08003b0c   Section      196  faddsub_clz.o(x$fpl$fadd)
    _fadd1                                   0x08003b1b   Thumb Code     0  faddsub_clz.o(x$fpl$fadd)
    x$fpl$fdiv                               0x08003bd0   Section      388  fdiv.o(x$fpl$fdiv)
    _fdiv1                                   0x08003bd1   Thumb Code     0  fdiv.o(x$fpl$fdiv)
    x$fpl$fflt                               0x08003d54   Section       48  fflt_clz.o(x$fpl$fflt)
    x$fpl$ffltu                              0x08003d84   Section       38  fflt_clz.o(x$fpl$ffltu)
    x$fpl$fmul                               0x08003dac   Section      258  fmul.o(x$fpl$fmul)
    x$fpl$fnaninf                            0x08003eae   Section      140  fnaninf.o(x$fpl$fnaninf)
    x$fpl$fretinf                            0x08003f3a   Section       10  fretinf.o(x$fpl$fretinf)
    x$fpl$fsub                               0x08003f44   Section      234  faddsub_clz.o(x$fpl$fsub)
    _fsub1                                   0x08003f53   Thumb Code     0  faddsub_clz.o(x$fpl$fsub)
    x$fpl$printf1                            0x0800402e   Section        4  printf1.o(x$fpl$printf1)
    .constdata                               0x08004032   Section       18  stm32f1xx_hal_rcc.o(.constdata)
    x$fpl$usenofp                            0x08004032   Section        0  usenofp.o(x$fpl$usenofp)
    aPredivFactorTable                       0x08004032   Data           2  stm32f1xx_hal_rcc.o(.constdata)
    aPLLMULFactorTable                       0x08004034   Data          16  stm32f1xx_hal_rcc.o(.constdata)
    .constdata                               0x08004044   Section       16  system_stm32f1xx.o(.constdata)
    .constdata                               0x08004054   Section        8  system_stm32f1xx.o(.constdata)
    .constdata                               0x0800405c   Section       40  _printf_hex_int.o(.constdata)
    uc_hextab                                0x0800405c   Data          20  _printf_hex_int.o(.constdata)
    lc_hextab                                0x08004070   Data          20  _printf_hex_int.o(.constdata)
    .constdata                               0x08004084   Section       17  __printf_flags_wp.o(.constdata)
    maptable                                 0x08004084   Data          17  __printf_flags_wp.o(.constdata)
    .constdata                               0x08004098   Section      148  bigflt0.o(.constdata)
    tenpwrs_x                                0x08004098   Data          60  bigflt0.o(.constdata)
    tenpwrs_i                                0x080040d4   Data          64  bigflt0.o(.constdata)
    .conststring                             0x0800412c   Section       78  main.o(.conststring)
    locale$$data                             0x0800419c   Section       28  lc_numeric_c.o(locale$$data)
    __lcnum_c_name                           0x080041a0   Data           2  lc_numeric_c.o(locale$$data)
    __lcnum_c_start                          0x080041a8   Data           0  lc_numeric_c.o(locale$$data)
    __lcnum_c_point                          0x080041b4   Data           0  lc_numeric_c.o(locale$$data)
    __lcnum_c_thousands                      0x080041b6   Data           0  lc_numeric_c.o(locale$$data)
    __lcnum_c_grouping                       0x080041b7   Data           0  lc_numeric_c.o(locale$$data)
    __lcnum_c_end                            0x080041b8   Data           0  lc_numeric_c.o(locale$$data)
    .data                                    0x20000000   Section        8  main.o(.data)
    g_bq_inited                              0x20000000   Data           1  main.o(.data)
    last_print_ms                            0x20000004   Data           4  main.o(.data)
    .data                                    0x20000008   Section        1  usart.o(.data)
    .data                                    0x2000000c   Section        4  usart.o(.data)
    .data                                    0x20000010   Section       12  stm32f1xx_hal.o(.data)
    .data                                    0x2000001c   Section        4  system_stm32f1xx.o(.data)
    .data                                    0x20000020   Section       60  tasks.o(.data)
    uxDeletedTasksWaitingCleanUp             0x20000024   Data           4  tasks.o(.data)
    uxCurrentNumberOfTasks                   0x20000028   Data           4  tasks.o(.data)
    xTickCount                               0x2000002c   Data           4  tasks.o(.data)
    uxTopReadyPriority                       0x20000030   Data           4  tasks.o(.data)
    xSchedulerRunning                        0x20000034   Data           4  tasks.o(.data)
    xPendedTicks                             0x20000038   Data           4  tasks.o(.data)
    xYieldPending                            0x2000003c   Data           4  tasks.o(.data)
    xNumOfOverflows                          0x20000040   Data           4  tasks.o(.data)
    uxTaskNumber                             0x20000044   Data           4  tasks.o(.data)
    xNextTaskUnblockTime                     0x20000048   Data           4  tasks.o(.data)
    xIdleTaskHandle                          0x2000004c   Data           4  tasks.o(.data)
    uxSchedulerSuspended                     0x20000050   Data           4  tasks.o(.data)
    pxDelayedTaskList                        0x20000054   Data           4  tasks.o(.data)
    pxOverflowDelayedTaskList                0x20000058   Data           4  tasks.o(.data)
    .data                                    0x2000005c   Section        6  bsp_bq76940.o(.data)
    g_bq_read_use_pec                        0x2000005c   Data           1  bsp_bq76940.o(.data)
    g_bq_gain_uV                             0x2000005e   Data           2  bsp_bq76940.o(.data)
    g_bq_offset_mV                           0x20000060   Data           2  bsp_bq76940.o(.data)
    .bss                                     0x20000064   Section       40  can.o(.bss)
    .bss                                     0x2000008c   Section       84  i2c.o(.bss)
    .bss                                     0x200000e0   Section       12  iwdg.o(.bss)
    .bss                                     0x200000ec   Section       72  usart.o(.bss)
    .bss                                     0x20000134   Section       72  stm32f1xx_hal_timebase_tim.o(.bss)
    .bss                                     0x2000017c   Section     1220  tasks.o(.bss)
    pxReadyTasksLists                        0x2000017c   Data        1120  tasks.o(.bss)
    xDelayedTaskList1                        0x200005dc   Data          20  tasks.o(.bss)
    xDelayedTaskList2                        0x200005f0   Data          20  tasks.o(.bss)
    xPendingReadyList                        0x20000604   Data          20  tasks.o(.bss)
    xTasksWaitingTermination                 0x20000618   Data          20  tasks.o(.bss)
    xSuspendedTaskList                       0x2000062c   Data          20  tasks.o(.bss)
    .bss                                     0x20000640   Section       96  libspace.o(.bss)
    HEAP                                     0x200006a0   Section      512  startup_stm32f103xb.o(HEAP)
    Heap_Mem                                 0x200006a0   Data         512  startup_stm32f103xb.o(HEAP)
    STACK                                    0x200008a0   Section     1024  startup_stm32f103xb.o(STACK)
    Stack_Mem                                0x200008a0   Data        1024  startup_stm32f103xb.o(STACK)
    __initial_sp                             0x20000ca0   Data           0  startup_stm32f103xb.o(STACK)

    Global Symbols

    Symbol Name                              Value     Ov Type        Size  Object(Section)

    BuildAttributes$$THM_ISAv4$P$D$K$B$S$PE$A:L22UL41UL21$X:L11$S22US41US21$IEEE1$IW$USESV6$~STKCKD$USESV7$~SHL$OTIME$ROPI$IEEEJ$EBA8$UX$STANDARDLIB$REQ8$PRES8$EABIv2 0x00000000   Number         0  anon$$obj.o ABSOLUTE
    __ARM_use_no_argv                        0x00000000   Number         0  main.o ABSOLUTE
    _printf_flags                            0x00000000   Number         0  printf_stubs.o ABSOLUTE
    _printf_return_value                     0x00000000   Number         0  printf_stubs.o ABSOLUTE
    _printf_sizespec                         0x00000000   Number         0  printf_stubs.o ABSOLUTE
    _printf_widthprec                        0x00000000   Number         0  printf_stubs.o ABSOLUTE
    __ARM_exceptions_init                     - Undefined Weak Reference
    __alloca_initialize                       - Undefined Weak Reference
    __arm_fini_                               - Undefined Weak Reference
    __arm_preinit_                            - Undefined Weak Reference
    __cpp_initialize__aeabi_                  - Undefined Weak Reference
    __cxa_finalize                            - Undefined Weak Reference
    __sigvec_lookup                           - Undefined Weak Reference
    _atexit_init                              - Undefined Weak Reference
    _call_atexit_fns                          - Undefined Weak Reference
    _clock_init                               - Undefined Weak Reference
    _fp_trap_init                             - Undefined Weak Reference
    _fp_trap_shutdown                         - Undefined Weak Reference
    _get_lc_collate                           - Undefined Weak Reference
    _get_lc_ctype                             - Undefined Weak Reference
    _get_lc_monetary                          - Undefined Weak Reference
    _get_lc_time                              - Undefined Weak Reference
    _getenv_init                              - Undefined Weak Reference
    _handle_redirection                       - Undefined Weak Reference
    _init_alloc                               - Undefined Weak Reference
    _init_user_alloc                          - Undefined Weak Reference
    _initio                                   - Undefined Weak Reference
    _mutex_acquire                            - Undefined Weak Reference
    _mutex_release                            - Undefined Weak Reference
    _printf_truncate_signed                   - Undefined Weak Reference
    _printf_truncate_unsigned                 - Undefined Weak Reference
    _rand_init                                - Undefined Weak Reference
    _signal_finish                            - Undefined Weak Reference
    _signal_init                              - Undefined Weak Reference
    _terminate_alloc                          - Undefined Weak Reference
    _terminate_user_alloc                     - Undefined Weak Reference
    _terminateio                              - Undefined Weak Reference
    __Vectors_Size                           0x000000ec   Number         0  startup_stm32f103xb.o ABSOLUTE
    __Vectors                                0x08000000   Data           4  startup_stm32f103xb.o(RESET)
    __Vectors_End                            0x080000ec   Data           0  startup_stm32f103xb.o(RESET)
    __main                                   0x080000ed   Thumb Code     8  __main.o(!!!main)
    __scatterload                            0x080000f5   Thumb Code     0  __scatter.o(!!!scatter)
    __scatterload_rt2                        0x080000f5   Thumb Code    44  __scatter.o(!!!scatter)
    __scatterload_rt2_thumb_only             0x080000f5   Thumb Code     0  __scatter.o(!!!scatter)
    __scatterload_null                       0x08000103   Thumb Code     0  __scatter.o(!!!scatter)
    __scatterload_copy                       0x08000129   Thumb Code    26  __scatter_copy.o(!!handler_copy)
    __scatterload_zeroinit                   0x08000145   Thumb Code    28  __scatter_zi.o(!!handler_zi)
    _printf_f                                0x08000161   Thumb Code     0  _printf_f.o(.ARM.Collect$$_printf_percent$$00000003)
    _printf_percent                          0x08000161   Thumb Code     0  _printf_percent.o(.ARM.Collect$$_printf_percent$$00000000)
    _printf_u                                0x08000167   Thumb Code     0  _printf_u.o(.ARM.Collect$$_printf_percent$$0000000A)
    _printf_x                                0x0800016d   Thumb Code     0  _printf_x.o(.ARM.Collect$$_printf_percent$$0000000C)
    _printf_percent_end                      0x08000173   Thumb Code     0  _printf_percent_end.o(.ARM.Collect$$_printf_percent$$00000017)
    __rt_lib_init                            0x08000177   Thumb Code     0  libinit.o(.ARM.Collect$$libinit$$00000000)
    __rt_lib_init_fp_1                       0x08000179   Thumb Code     0  libinit2.o(.ARM.Collect$$libinit$$00000002)
    __rt_lib_init_heap_1                     0x08000179   Thumb Code     0  libinit2.o(.ARM.Collect$$libinit$$0000000A)
    __rt_lib_init_lc_common                  0x08000179   Thumb Code     0  libinit2.o(.ARM.Collect$$libinit$$0000000F)
    __rt_lib_init_preinit_1                  0x08000179   Thumb Code     0  libinit2.o(.ARM.Collect$$libinit$$00000004)
    __rt_lib_init_rand_1                     0x08000179   Thumb Code     0  libinit2.o(.ARM.Collect$$libinit$$0000000E)
    __rt_lib_init_user_alloc_1               0x08000179   Thumb Code     0  libinit2.o(.ARM.Collect$$libinit$$0000000C)
    __rt_lib_init_lc_collate_1               0x0800017f   Thumb Code     0  libinit2.o(.ARM.Collect$$libinit$$00000011)
    __rt_lib_init_lc_ctype_1                 0x0800017f   Thumb Code     0  libinit2.o(.ARM.Collect$$libinit$$00000013)
    __rt_lib_init_lc_monetary_1              0x0800017f   Thumb Code     0  libinit2.o(.ARM.Collect$$libinit$$00000015)
    __rt_lib_init_lc_numeric_2               0x0800017f   Thumb Code     0  libinit2.o(.ARM.Collect$$libinit$$00000016)
    __rt_lib_init_alloca_1                   0x08000189   Thumb Code     0  libinit2.o(.ARM.Collect$$libinit$$0000002E)
    __rt_lib_init_argv_1                     0x08000189   Thumb Code     0  libinit2.o(.ARM.Collect$$libinit$$0000002C)
    __rt_lib_init_atexit_1                   0x08000189   Thumb Code     0  libinit2.o(.ARM.Collect$$libinit$$0000001B)
    __rt_lib_init_clock_1                    0x08000189   Thumb Code     0  libinit2.o(.ARM.Collect$$libinit$$00000021)
    __rt_lib_init_cpp_1                      0x08000189   Thumb Code     0  libinit2.o(.ARM.Collect$$libinit$$00000032)
    __rt_lib_init_exceptions_1               0x08000189   Thumb Code     0  libinit2.o(.ARM.Collect$$libinit$$00000030)
    __rt_lib_init_fp_trap_1                  0x08000189   Thumb Code     0  libinit2.o(.ARM.Collect$$libinit$$0000001F)
    __rt_lib_init_getenv_1                   0x08000189   Thumb Code     0  libinit2.o(.ARM.Collect$$libinit$$00000023)
    __rt_lib_init_lc_numeric_1               0x08000189   Thumb Code     0  libinit2.o(.ARM.Collect$$libinit$$00000017)
    __rt_lib_init_lc_time_1                  0x08000189   Thumb Code     0  libinit2.o(.ARM.Collect$$libinit$$00000019)
    __rt_lib_init_return                     0x08000189   Thumb Code     0  libinit2.o(.ARM.Collect$$libinit$$00000033)
    __rt_lib_init_signal_1                   0x08000189   Thumb Code     0  libinit2.o(.ARM.Collect$$libinit$$0000001D)
    __rt_lib_init_stdio_1                    0x08000189   Thumb Code     0  libinit2.o(.ARM.Collect$$libinit$$00000025)
    __rt_lib_shutdown                        0x0800018b   Thumb Code     0  libshutdown.o(.ARM.Collect$$libshutdown$$00000000)
    __rt_lib_shutdown_cpp_1                  0x0800018d   Thumb Code     0  libshutdown2.o(.ARM.Collect$$libshutdown$$00000004)
    __rt_lib_shutdown_fini_1                 0x0800018d   Thumb Code     0  libshutdown2.o(.ARM.Collect$$libshutdown$$00000002)
    __rt_lib_shutdown_fp_trap_1              0x0800018d   Thumb Code     0  libshutdown2.o(.ARM.Collect$$libshutdown$$00000009)
    __rt_lib_shutdown_heap_1                 0x0800018d   Thumb Code     0  libshutdown2.o(.ARM.Collect$$libshutdown$$00000011)
    __rt_lib_shutdown_return                 0x0800018d   Thumb Code     0  libshutdown2.o(.ARM.Collect$$libshutdown$$00000012)
    __rt_lib_shutdown_signal_1               0x0800018d   Thumb Code     0  libshutdown2.o(.ARM.Collect$$libshutdown$$0000000C)
    __rt_lib_shutdown_stdio_1                0x0800018d   Thumb Code     0  libshutdown2.o(.ARM.Collect$$libshutdown$$00000006)
    __rt_lib_shutdown_user_alloc_1           0x0800018d   Thumb Code     0  libshutdown2.o(.ARM.Collect$$libshutdown$$0000000E)
    __rt_entry                               0x0800018f   Thumb Code     0  __rtentry.o(.ARM.Collect$$rtentry$$00000000)
    __rt_entry_presh_1                       0x0800018f   Thumb Code     0  __rtentry2.o(.ARM.Collect$$rtentry$$00000002)
    __rt_entry_sh                            0x0800018f   Thumb Code     0  __rtentry4.o(.ARM.Collect$$rtentry$$00000004)
    __rt_entry_li                            0x08000195   Thumb Code     0  __rtentry2.o(.ARM.Collect$$rtentry$$0000000A)
    __rt_entry_postsh_1                      0x08000195   Thumb Code     0  __rtentry2.o(.ARM.Collect$$rtentry$$00000009)
    __rt_entry_main                          0x08000199   Thumb Code     0  __rtentry2.o(.ARM.Collect$$rtentry$$0000000D)
    __rt_entry_postli_1                      0x08000199   Thumb Code     0  __rtentry2.o(.ARM.Collect$$rtentry$$0000000C)
    __rt_exit                                0x080001a1   Thumb Code     0  rtexit.o(.ARM.Collect$$rtexit$$00000000)
    __rt_exit_ls                             0x080001a3   Thumb Code     0  rtexit2.o(.ARM.Collect$$rtexit$$00000003)
    __rt_exit_prels_1                        0x080001a3   Thumb Code     0  rtexit2.o(.ARM.Collect$$rtexit$$00000002)
    __rt_exit_exit                           0x080001a7   Thumb Code     0  rtexit2.o(.ARM.Collect$$rtexit$$00000004)
    SVC_Handler                              0x080001ad   Thumb Code    32  port.o(.emb_text)
    __asm___6_port_c_39a90d8d__prvStartFirstTask 0x080001d1   Thumb Code    28  port.o(.emb_text)
    PendSV_Handler                           0x080001f1   Thumb Code    72  port.o(.emb_text)
    vPortGetIPSR                             0x0800023d   Thumb Code     6  port.o(.emb_text)
    Reset_Handler                            0x08000245   Thumb Code     8  startup_stm32f103xb.o(.text)
    ADC1_2_IRQHandler                        0x0800025f   Thumb Code     0  startup_stm32f103xb.o(.text)
    CAN1_RX1_IRQHandler                      0x0800025f   Thumb Code     0  startup_stm32f103xb.o(.text)
    CAN1_SCE_IRQHandler                      0x0800025f   Thumb Code     0  startup_stm32f103xb.o(.text)
    DMA1_Channel1_IRQHandler                 0x0800025f   Thumb Code     0  startup_stm32f103xb.o(.text)
    DMA1_Channel2_IRQHandler                 0x0800025f   Thumb Code     0  startup_stm32f103xb.o(.text)
    DMA1_Channel3_IRQHandler                 0x0800025f   Thumb Code     0  startup_stm32f103xb.o(.text)
    DMA1_Channel4_IRQHandler                 0x0800025f   Thumb Code     0  startup_stm32f103xb.o(.text)
    DMA1_Channel5_IRQHandler                 0x0800025f   Thumb Code     0  startup_stm32f103xb.o(.text)
    DMA1_Channel6_IRQHandler                 0x0800025f   Thumb Code     0  startup_stm32f103xb.o(.text)
    DMA1_Channel7_IRQHandler                 0x0800025f   Thumb Code     0  startup_stm32f103xb.o(.text)
    EXTI0_IRQHandler                         0x0800025f   Thumb Code     0  startup_stm32f103xb.o(.text)
    EXTI15_10_IRQHandler                     0x0800025f   Thumb Code     0  startup_stm32f103xb.o(.text)
    EXTI1_IRQHandler                         0x0800025f   Thumb Code     0  startup_stm32f103xb.o(.text)
    EXTI2_IRQHandler                         0x0800025f   Thumb Code     0  startup_stm32f103xb.o(.text)
    EXTI3_IRQHandler                         0x0800025f   Thumb Code     0  startup_stm32f103xb.o(.text)
    EXTI4_IRQHandler                         0x0800025f   Thumb Code     0  startup_stm32f103xb.o(.text)
    EXTI9_5_IRQHandler                       0x0800025f   Thumb Code     0  startup_stm32f103xb.o(.text)
    FLASH_IRQHandler                         0x0800025f   Thumb Code     0  startup_stm32f103xb.o(.text)
    I2C1_ER_IRQHandler                       0x0800025f   Thumb Code     0  startup_stm32f103xb.o(.text)
    I2C1_EV_IRQHandler                       0x0800025f   Thumb Code     0  startup_stm32f103xb.o(.text)
    I2C2_ER_IRQHandler                       0x0800025f   Thumb Code     0  startup_stm32f103xb.o(.text)
    I2C2_EV_IRQHandler                       0x0800025f   Thumb Code     0  startup_stm32f103xb.o(.text)
    PVD_IRQHandler                           0x0800025f   Thumb Code     0  startup_stm32f103xb.o(.text)
    RCC_IRQHandler                           0x0800025f   Thumb Code     0  startup_stm32f103xb.o(.text)
    RTC_Alarm_IRQHandler                     0x0800025f   Thumb Code     0  startup_stm32f103xb.o(.text)
    RTC_IRQHandler                           0x0800025f   Thumb Code     0  startup_stm32f103xb.o(.text)
    SPI1_IRQHandler                          0x0800025f   Thumb Code     0  startup_stm32f103xb.o(.text)
    SPI2_IRQHandler                          0x0800025f   Thumb Code     0  startup_stm32f103xb.o(.text)
    TAMPER_IRQHandler                        0x0800025f   Thumb Code     0  startup_stm32f103xb.o(.text)
    TIM1_BRK_IRQHandler                      0x0800025f   Thumb Code     0  startup_stm32f103xb.o(.text)
    TIM1_CC_IRQHandler                       0x0800025f   Thumb Code     0  startup_stm32f103xb.o(.text)
    TIM1_TRG_COM_IRQHandler                  0x0800025f   Thumb Code     0  startup_stm32f103xb.o(.text)
    TIM1_UP_IRQHandler                       0x0800025f   Thumb Code     0  startup_stm32f103xb.o(.text)
    TIM3_IRQHandler                          0x0800025f   Thumb Code     0  startup_stm32f103xb.o(.text)
    TIM4_IRQHandler                          0x0800025f   Thumb Code     0  startup_stm32f103xb.o(.text)
    USART1_IRQHandler                        0x0800025f   Thumb Code     0  startup_stm32f103xb.o(.text)
    USART2_IRQHandler                        0x0800025f   Thumb Code     0  startup_stm32f103xb.o(.text)
    USART3_IRQHandler                        0x0800025f   Thumb Code     0  startup_stm32f103xb.o(.text)
    USBWakeUp_IRQHandler                     0x0800025f   Thumb Code     0  startup_stm32f103xb.o(.text)
    USB_HP_CAN1_TX_IRQHandler                0x0800025f   Thumb Code     0  startup_stm32f103xb.o(.text)
    USB_LP_CAN1_RX0_IRQHandler               0x0800025f   Thumb Code     0  startup_stm32f103xb.o(.text)
    WWDG_IRQHandler                          0x0800025f   Thumb Code     0  startup_stm32f103xb.o(.text)
    __user_initial_stackheap                 0x08000261   Thumb Code     0  startup_stm32f103xb.o(.text)
    __use_no_semihosting                     0x08000285   Thumb Code     2  use_no_semi_2.o(.text)
    __2printf                                0x08000289   Thumb Code    20  noretval__2printf.o(.text)
    _printf_pre_padding                      0x080002a1   Thumb Code    44  _printf_pad.o(.text)
    _printf_post_padding                     0x080002cd   Thumb Code    34  _printf_pad.o(.text)
    _printf_int_dec                          0x080002f1   Thumb Code   104  _printf_dec.o(.text)
    _printf_int_hex                          0x08000369   Thumb Code    84  _printf_hex_int.o(.text)
    _printf_longlong_hex                     0x08000369   Thumb Code     0  _printf_hex_int.o(.text)
    __printf                                 0x080003c1   Thumb Code   308  __printf_flags_wp.o(.text)
    __aeabi_memclr4                          0x080004f9   Thumb Code     0  rt_memclr_w.o(.text)
    __aeabi_memclr8                          0x080004f9   Thumb Code     0  rt_memclr_w.o(.text)
    __rt_memclr_w                            0x080004f9   Thumb Code    78  rt_memclr_w.o(.text)
    _memset_w                                0x080004fd   Thumb Code     0  rt_memclr_w.o(.text)
    __use_two_region_memory                  0x08000547   Thumb Code     2  heapauxi.o(.text)
    __rt_heap_escrow$2region                 0x08000549   Thumb Code     2  heapauxi.o(.text)
    __rt_heap_expand$2region                 0x0800054b   Thumb Code     2  heapauxi.o(.text)
    __I$use$semihosting                      0x0800054d   Thumb Code     0  use_no_semi.o(.text)
    __use_no_semihosting_swi                 0x0800054d   Thumb Code     2  use_no_semi.o(.text)
    _printf_int_common                       0x0800054f   Thumb Code   178  _printf_intcommon.o(.text)
    __lib_sel_fp_printf                      0x08000601   Thumb Code     2  _printf_fp_dec.o(.text)
    _printf_fp_dec_real                      0x080007b3   Thumb Code   620  _printf_fp_dec.o(.text)
    _printf_char_file                        0x08000a21   Thumb Code    32  _printf_char_file.o(.text)
    __rt_locale                              0x08000a45   Thumb Code     8  rt_locale_intlibspace.o(.text)
    _ll_udiv10                               0x08000a4d   Thumb Code   138  lludiv10.o(.text)
    _printf_char_common                      0x08000ae3   Thumb Code    32  _printf_char_common.o(.text)
    _printf_fp_infnan                        0x08000b09   Thumb Code   112  _printf_fp_infnan.o(.text)
    _btod_etento                             0x08000b89   Thumb Code   224  bigflt0.o(.text)
    ferror                                   0x08000c6d   Thumb Code     8  ferror.o(.text)
    __user_libspace                          0x08000c75   Thumb Code     8  libspace.o(.text)
    __user_perproc_libspace                  0x08000c75   Thumb Code     0  libspace.o(.text)
    __user_perthread_libspace                0x08000c75   Thumb Code     0  libspace.o(.text)
    __user_setup_stackheap                   0x08000c7d   Thumb Code    74  sys_stackheap_outer.o(.text)
    exit                                     0x08000cc7   Thumb Code    18  exit.o(.text)
    strcmp                                   0x08000cd9   Thumb Code   128  strcmpv7m.o(.text)
    _btod_d2e                                0x08000d59   Thumb Code    62  btod.o(CL$$btod_d2e)
    _d2e_denorm_low                          0x08000d97   Thumb Code    70  btod.o(CL$$btod_d2e_denorm_low)
    _d2e_norm_op1                            0x08000ddd   Thumb Code    96  btod.o(CL$$btod_d2e_norm_op1)
    __btod_div_common                        0x08000e3d   Thumb Code   696  btod.o(CL$$btod_div_common)
    _e2e                                     0x08001175   Thumb Code   220  btod.o(CL$$btod_e2e)
    _btod_ediv                               0x08001251   Thumb Code    42  btod.o(CL$$btod_ediv)
    _btod_emul                               0x0800127b   Thumb Code    42  btod.o(CL$$btod_emul)
    __btod_mult_common                       0x080012a5   Thumb Code   580  btod.o(CL$$btod_mult_common)
    BQ76940_ClearFault                       0x080014e9   Thumb Code    34  bsp_bq76940.o(i.BQ76940_ClearFault)
    BQ76940_Init                             0x0800150d   Thumb Code   236  bsp_bq76940.o(i.BQ76940_Init)
    BQ76940_ReadCurrent                      0x08001601   Thumb Code    52  bsp_bq76940.o(i.BQ76940_ReadCurrent)
    BQ76940_ReadFault                        0x0800163d   Thumb Code    14  bsp_bq76940.o(i.BQ76940_ReadFault)
    BQ76940_ReadTemp                         0x0800164d   Thumb Code    48  bsp_bq76940.o(i.BQ76940_ReadTemp)
    BQ76940_ReadVoltage                      0x08001681   Thumb Code    68  bsp_bq76940.o(i.BQ76940_ReadVoltage)
    BSP_I2C_IsDeviceReady                    0x08001829   Thumb Code    24  bsp_i2c.o(i.BSP_I2C_IsDeviceReady)
    BSP_I2C_Read_Buffer                      0x08001845   Thumb Code    36  bsp_i2c.o(i.BSP_I2C_Read_Buffer)
    BSP_I2C_Read_Buffer_PEC                  0x0800186d   Thumb Code    92  bsp_i2c.o(i.BSP_I2C_Read_Buffer_PEC)
    BSP_I2C_Read_Byte                        0x080018cd   Thumb Code    38  bsp_i2c.o(i.BSP_I2C_Read_Byte)
    BSP_I2C_Read_Byte_PEC                    0x080018f9   Thumb Code    72  bsp_i2c.o(i.BSP_I2C_Read_Byte_PEC)
    BSP_I2C_Write_Byte_PEC                   0x08001945   Thumb Code    56  bsp_i2c.o(i.BSP_I2C_Write_Byte_PEC)
    BusFault_Handler                         0x08001981   Thumb Code     2  stm32f1xx_it.o(i.BusFault_Handler)
    CRC8_Update                              0x08001983   Thumb Code    50  crc8.o(i.CRC8_Update)
    DebugMon_Handler                         0x080019b5   Thumb Code     2  stm32f1xx_it.o(i.DebugMon_Handler)
    Error_Handler                            0x080019b7   Thumb Code     4  main.o(i.Error_Handler)
    HAL_CAN_Init                             0x080019bb   Thumb Code   282  stm32f1xx_hal_can.o(i.HAL_CAN_Init)
    HAL_CAN_MspInit                          0x08001ad5   Thumb Code    96  can.o(i.HAL_CAN_MspInit)
    HAL_Delay                                0x08001b41   Thumb Code    32  stm32f1xx_hal.o(i.HAL_Delay)
    HAL_GPIO_Init                            0x08001b65   Thumb Code   446  stm32f1xx_hal_gpio.o(i.HAL_GPIO_Init)
    HAL_GPIO_WritePin                        0x08001d45   Thumb Code    10  stm32f1xx_hal_gpio.o(i.HAL_GPIO_WritePin)
    HAL_GetTick                              0x08001d51   Thumb Code     6  stm32f1xx_hal.o(i.HAL_GetTick)
    HAL_I2C_Init                             0x08001d5d   Thumb Code   376  stm32f1xx_hal_i2c.o(i.HAL_I2C_Init)
    HAL_I2C_IsDeviceReady                    0x08001ee5   Thumb Code   354  stm32f1xx_hal_i2c.o(i.HAL_I2C_IsDeviceReady)
    HAL_I2C_Mem_Read                         0x08002051   Thumb Code   586  stm32f1xx_hal_i2c.o(i.HAL_I2C_Mem_Read)
    HAL_I2C_Mem_Write                        0x080022ad   Thumb Code   294  stm32f1xx_hal_i2c.o(i.HAL_I2C_Mem_Write)
    HAL_I2C_MspInit                          0x080023dd   Thumb Code    96  i2c.o(i.HAL_I2C_MspInit)
    HAL_IWDG_Init                            0x0800244d   Thumb Code    94  stm32f1xx_hal_iwdg.o(i.HAL_IWDG_Init)
    HAL_IWDG_Refresh                         0x080024ab   Thumb Code    12  stm32f1xx_hal_iwdg.o(i.HAL_IWDG_Refresh)
    HAL_IncTick                              0x080024b9   Thumb Code    12  stm32f1xx_hal.o(i.HAL_IncTick)
    HAL_Init                                 0x080024c9   Thumb Code    32  stm32f1xx_hal.o(i.HAL_Init)
    HAL_InitTick                             0x080024ed   Thumb Code   134  stm32f1xx_hal_timebase_tim.o(i.HAL_InitTick)
    HAL_MspInit                              0x08002585   Thumb Code    62  stm32f1xx_hal_msp.o(i.HAL_MspInit)
    HAL_NVIC_EnableIRQ                       0x080025cd   Thumb Code    26  stm32f1xx_hal_cortex.o(i.HAL_NVIC_EnableIRQ)
    HAL_NVIC_SetPriority                     0x080025e9   Thumb Code    60  stm32f1xx_hal_cortex.o(i.HAL_NVIC_SetPriority)
    HAL_NVIC_SetPriorityGrouping             0x08002629   Thumb Code    26  stm32f1xx_hal_cortex.o(i.HAL_NVIC_SetPriorityGrouping)
    HAL_RCC_ClockConfig                      0x0800264d   Thumb Code   280  stm32f1xx_hal_rcc.o(i.HAL_RCC_ClockConfig)
    HAL_RCC_GetClockConfig                   0x08002779   Thumb Code    54  stm32f1xx_hal_rcc.o(i.HAL_RCC_GetClockConfig)
    HAL_RCC_GetPCLK1Freq                     0x080027b9   Thumb Code    20  stm32f1xx_hal_rcc.o(i.HAL_RCC_GetPCLK1Freq)
    HAL_RCC_GetPCLK2Freq                     0x080027d9   Thumb Code    20  stm32f1xx_hal_rcc.o(i.HAL_RCC_GetPCLK2Freq)
    HAL_RCC_GetSysClockFreq                  0x080027f9   Thumb Code    58  stm32f1xx_hal_rcc.o(i.HAL_RCC_GetSysClockFreq)
    HAL_RCC_OscConfig                        0x08002845   Thumb Code   778  stm32f1xx_hal_rcc.o(i.HAL_RCC_OscConfig)
    HAL_TIMEx_BreakCallback                  0x08002b65   Thumb Code     2  stm32f1xx_hal_tim_ex.o(i.HAL_TIMEx_BreakCallback)
    HAL_TIMEx_CommutCallback                 0x08002b67   Thumb Code     2  stm32f1xx_hal_tim_ex.o(i.HAL_TIMEx_CommutCallback)
    HAL_TIM_Base_Init                        0x08002b69   Thumb Code    90  stm32f1xx_hal_tim.o(i.HAL_TIM_Base_Init)
    HAL_TIM_Base_MspInit                     0x08002bc3   Thumb Code     2  stm32f1xx_hal_tim.o(i.HAL_TIM_Base_MspInit)
    HAL_TIM_Base_Start_IT                    0x08002bc5   Thumb Code    76  stm32f1xx_hal_tim.o(i.HAL_TIM_Base_Start_IT)
    HAL_TIM_IC_CaptureCallback               0x08002c1d   Thumb Code     2  stm32f1xx_hal_tim.o(i.HAL_TIM_IC_CaptureCallback)
    HAL_TIM_IRQHandler                       0x08002c1f   Thumb Code   304  stm32f1xx_hal_tim.o(i.HAL_TIM_IRQHandler)
    HAL_TIM_OC_DelayElapsedCallback          0x08002d4f   Thumb Code     2  stm32f1xx_hal_tim.o(i.HAL_TIM_OC_DelayElapsedCallback)
    HAL_TIM_PWM_PulseFinishedCallback        0x08002d51   Thumb Code     2  stm32f1xx_hal_tim.o(i.HAL_TIM_PWM_PulseFinishedCallback)
    HAL_TIM_PeriodElapsedCallback            0x08002d53   Thumb Code    14  main.o(i.HAL_TIM_PeriodElapsedCallback)
    HAL_TIM_TriggerCallback                  0x08002d61   Thumb Code     2  stm32f1xx_hal_tim.o(i.HAL_TIM_TriggerCallback)
    HAL_UART_Init                            0x08002d63   Thumb Code   100  stm32f1xx_hal_uart.o(i.HAL_UART_Init)
    HAL_UART_MspInit                         0x08002dc9   Thumb Code   100  usart.o(i.HAL_UART_MspInit)
    HAL_UART_Transmit                        0x08002e39   Thumb Code   160  stm32f1xx_hal_uart.o(i.HAL_UART_Transmit)
    HardFault_Handler                        0x08002ed9   Thumb Code     2  stm32f1xx_it.o(i.HardFault_Handler)
    MX_CAN_Init                              0x08003319   Thumb Code    52  can.o(i.MX_CAN_Init)
    MX_GPIO_Init                             0x08003355   Thumb Code   104  gpio.o(i.MX_GPIO_Init)
    MX_I2C1_Init                             0x080033c5   Thumb Code    50  i2c.o(i.MX_I2C1_Init)
    MX_IWDG_Init                             0x08003405   Thumb Code    36  iwdg.o(i.MX_IWDG_Init)
    MX_USART1_UART_Init                      0x08003431   Thumb Code    48  usart.o(i.MX_USART1_UART_Init)
    MemManage_Handler                        0x08003469   Thumb Code     2  stm32f1xx_it.o(i.MemManage_Handler)
    NMI_Handler                              0x0800346b   Thumb Code     2  stm32f1xx_it.o(i.NMI_Handler)
    SysTick_Handler                          0x0800346d   Thumb Code    26  cmsis_os2.o(i.SysTick_Handler)
    SystemClock_Config                       0x08003487   Thumb Code   100  main.o(i.SystemClock_Config)
    SystemInit                               0x080034eb   Thumb Code     2  system_stm32f1xx.o(i.SystemInit)
    TIM2_IRQHandler                          0x080034ed   Thumb Code     6  stm32f1xx_it.o(i.TIM2_IRQHandler)
    TIM_Base_SetConfig                       0x080034f9   Thumb Code   108  stm32f1xx_hal_tim.o(i.TIM_Base_SetConfig)
    UsageFault_Handler                       0x080036eb   Thumb Code     2  stm32f1xx_it.o(i.UsageFault_Handler)
    __ARM_fpclassify                         0x080036ed   Thumb Code    40  fpclassify.o(i.__ARM_fpclassify)
    _is_digit                                0x08003735   Thumb Code    14  __printf_wp.o(i._is_digit)
    _sys_exit                                0x08003743   Thumb Code     2  usart.o(i._sys_exit)
    fputc                                    0x08003849   Thumb Code    26  usart.o(i.fputc)
    main                                     0x0800386d   Thumb Code    46  main.o(i.main)
    uxListRemove                             0x080038c9   Thumb Code    38  list.o(i.uxListRemove)
    vListInsertEnd                           0x080038ef   Thumb Code    24  list.o(i.vListInsertEnd)
    vTaskSwitchContext                       0x08003909   Thumb Code    90  tasks.o(i.vTaskSwitchContext)
    xPortSysTickHandler                      0x0800396d   Thumb Code    38  port.o(i.xPortSysTickHandler)
    xTaskGetSchedulerState                   0x08003999   Thumb Code    22  tasks.o(i.xTaskGetSchedulerState)
    xTaskIncrementTick                       0x080039b5   Thumb Code   192  tasks.o(i.xTaskIncrementTick)
    _get_lc_numeric                          0x08003a7d   Thumb Code    44  lc_numeric_c.o(locale$$code)
    __fpl_dretinf                            0x08003aa9   Thumb Code    12  dretinf.o(x$fpl$dretinf)
    __aeabi_f2d                              0x08003ab5   Thumb Code     0  f2d.o(x$fpl$f2d)
    _f2d                                     0x08003ab5   Thumb Code    86  f2d.o(x$fpl$f2d)
    __aeabi_fadd                             0x08003b0d   Thumb Code     0  faddsub_clz.o(x$fpl$fadd)
    _fadd                                    0x08003b0d   Thumb Code   196  faddsub_clz.o(x$fpl$fadd)
    __aeabi_fdiv                             0x08003bd1   Thumb Code     0  fdiv.o(x$fpl$fdiv)
    _fdiv                                    0x08003bd1   Thumb Code   384  fdiv.o(x$fpl$fdiv)
    __aeabi_i2f                              0x08003d55   Thumb Code     0  fflt_clz.o(x$fpl$fflt)
    _fflt                                    0x08003d55   Thumb Code    48  fflt_clz.o(x$fpl$fflt)
    __aeabi_ui2f                             0x08003d85   Thumb Code     0  fflt_clz.o(x$fpl$ffltu)
    _ffltu                                   0x08003d85   Thumb Code    38  fflt_clz.o(x$fpl$ffltu)
    __aeabi_fmul                             0x08003dad   Thumb Code     0  fmul.o(x$fpl$fmul)
    _fmul                                    0x08003dad   Thumb Code   258  fmul.o(x$fpl$fmul)
    __fpl_fnaninf                            0x08003eaf   Thumb Code   140  fnaninf.o(x$fpl$fnaninf)
    __fpl_fretinf                            0x08003f3b   Thumb Code    10  fretinf.o(x$fpl$fretinf)
    __aeabi_fsub                             0x08003f45   Thumb Code     0  faddsub_clz.o(x$fpl$fsub)
    _fsub                                    0x08003f45   Thumb Code   234  faddsub_clz.o(x$fpl$fsub)
    _printf_fp_dec                           0x0800402f   Thumb Code     4  printf1.o(x$fpl$printf1)
    __I$use$fp                               0x08004032   Number         0  usenofp.o(x$fpl$usenofp)
    AHBPrescTable                            0x08004044   Data          16  system_stm32f1xx.o(.constdata)
    APBPrescTable                            0x08004054   Data           8  system_stm32f1xx.o(.constdata)
    Region$$Table$$Base                      0x0800417c   Number         0  anon$$obj.o(Region$$Table)
    Region$$Table$$Limit                     0x0800419c   Number         0  anon$$obj.o(Region$$Table)
    g_uart_log_enable                        0x20000008   Data           1  usart.o(.data)
    __stdout                                 0x2000000c   Data           4  usart.o(.data)
    uwTickFreq                               0x20000010   Data           1  stm32f1xx_hal.o(.data)
    uwTickPrio                               0x20000014   Data           4  stm32f1xx_hal.o(.data)
    uwTick                                   0x20000018   Data           4  stm32f1xx_hal.o(.data)
    SystemCoreClock                          0x2000001c   Data           4  system_stm32f1xx.o(.data)
    pxCurrentTCB                             0x20000020   Data           4  tasks.o(.data)
    hcan                                     0x20000064   Data          40  can.o(.bss)
    hi2c1                                    0x2000008c   Data          84  i2c.o(.bss)
    hiwdg                                    0x200000e0   Data          12  iwdg.o(.bss)
    huart1                                   0x200000ec   Data          72  usart.o(.bss)
    htim2                                    0x20000134   Data          72  stm32f1xx_hal_timebase_tim.o(.bss)
    __libspace_start                         0x20000640   Data          96  libspace.o(.bss)
    __temporary_stack_top$libspace           0x200006a0   Data           0  libspace.o(.bss)



==============================================================================

Memory Map of the image

  Image Entry point : 0x080000ed

  Load Region LR_IROM1 (Base: 0x08000000, Size: 0x0000421c, Max: 0x00010000, ABSOLUTE)

    Execution Region ER_IROM1 (Exec base: 0x08000000, Load base: 0x08000000, Size: 0x000041b8, Max: 0x00010000, ABSOLUTE)

    Exec Addr    Load Addr    Size         Type   Attr      Idx    E Section Name        Object

    0x08000000   0x08000000   0x000000ec   Data   RO            3    RESET               startup_stm32f103xb.o
    0x080000ec   0x080000ec   0x00000008   Code   RO         5826  * !!!main             c_w.l(__main.o)
    0x080000f4   0x080000f4   0x00000034   Code   RO         6072    !!!scatter          c_w.l(__scatter.o)
    0x08000128   0x08000128   0x0000001a   Code   RO         6074    !!handler_copy      c_w.l(__scatter_copy.o)
    0x08000142   0x08000142   0x00000002   PAD
    0x08000144   0x08000144   0x0000001c   Code   RO         6076    !!handler_zi        c_w.l(__scatter_zi.o)
    0x08000160   0x08000160   0x00000000   Code   RO         5813    .ARM.Collect$$_printf_percent$$00000000  c_w.l(_printf_percent.o)
    0x08000160   0x08000160   0x00000006   Code   RO         5812    .ARM.Collect$$_printf_percent$$00000003  c_w.l(_printf_f.o)
    0x08000166   0x08000166   0x00000006   Code   RO         5811    .ARM.Collect$$_printf_percent$$0000000A  c_w.l(_printf_u.o)
    0x0800016c   0x0800016c   0x00000006   Code   RO         5809    .ARM.Collect$$_printf_percent$$0000000C  c_w.l(_printf_x.o)
    0x08000172   0x08000172   0x00000004   Code   RO         5859    .ARM.Collect$$_printf_percent$$00000017  c_w.l(_printf_percent_end.o)
    0x08000176   0x08000176   0x00000002   Code   RO         5947    .ARM.Collect$$libinit$$00000000  c_w.l(libinit.o)
    0x08000178   0x08000178   0x00000000   Code   RO         5949    .ARM.Collect$$libinit$$00000002  c_w.l(libinit2.o)
    0x08000178   0x08000178   0x00000000   Code   RO         5951    .ARM.Collect$$libinit$$00000004  c_w.l(libinit2.o)
    0x08000178   0x08000178   0x00000000   Code   RO         5954    .ARM.Collect$$libinit$$0000000A  c_w.l(libinit2.o)
    0x08000178   0x08000178   0x00000000   Code   RO         5956    .ARM.Collect$$libinit$$0000000C  c_w.l(libinit2.o)
    0x08000178   0x08000178   0x00000000   Code   RO         5958    .ARM.Collect$$libinit$$0000000E  c_w.l(libinit2.o)
    0x08000178   0x08000178   0x00000006   Code   RO         5959    .ARM.Collect$$libinit$$0000000F  c_w.l(libinit2.o)
    0x0800017e   0x0800017e   0x00000000   Code   RO         5961    .ARM.Collect$$libinit$$00000011  c_w.l(libinit2.o)
    0x0800017e   0x0800017e   0x00000000   Code   RO         5963    .ARM.Collect$$libinit$$00000013  c_w.l(libinit2.o)
    0x0800017e   0x0800017e   0x00000000   Code   RO         5965    .ARM.Collect$$libinit$$00000015  c_w.l(libinit2.o)
    0x0800017e   0x0800017e   0x0000000a   Code   RO         5966    .ARM.Collect$$libinit$$00000016  c_w.l(libinit2.o)
    0x08000188   0x08000188   0x00000000   Code   RO         5967    .ARM.Collect$$libinit$$00000017  c_w.l(libinit2.o)
    0x08000188   0x08000188   0x00000000   Code   RO         5969    .ARM.Collect$$libinit$$00000019  c_w.l(libinit2.o)
    0x08000188   0x08000188   0x00000000   Code   RO         5971    .ARM.Collect$$libinit$$0000001B  c_w.l(libinit2.o)
    0x08000188   0x08000188   0x00000000   Code   RO         5973    .ARM.Collect$$libinit$$0000001D  c_w.l(libinit2.o)
    0x08000188   0x08000188   0x00000000   Code   RO         5975    .ARM.Collect$$libinit$$0000001F  c_w.l(libinit2.o)
    0x08000188   0x08000188   0x00000000   Code   RO         5977    .ARM.Collect$$libinit$$00000021  c_w.l(libinit2.o)
    0x08000188   0x08000188   0x00000000   Code   RO         5979    .ARM.Collect$$libinit$$00000023  c_w.l(libinit2.o)
    0x08000188   0x08000188   0x00000000   Code   RO         5981    .ARM.Collect$$libinit$$00000025  c_w.l(libinit2.o)
    0x08000188   0x08000188   0x00000000   Code   RO         5985    .ARM.Collect$$libinit$$0000002C  c_w.l(libinit2.o)
    0x08000188   0x08000188   0x00000000   Code   RO         5987    .ARM.Collect$$libinit$$0000002E  c_w.l(libinit2.o)
    0x08000188   0x08000188   0x00000000   Code   RO         5989    .ARM.Collect$$libinit$$00000030  c_w.l(libinit2.o)
    0x08000188   0x08000188   0x00000000   Code   RO         5991    .ARM.Collect$$libinit$$00000032  c_w.l(libinit2.o)
    0x08000188   0x08000188   0x00000002   Code   RO         5992    .ARM.Collect$$libinit$$00000033  c_w.l(libinit2.o)
    0x0800018a   0x0800018a   0x00000002   Code   RO         6020    .ARM.Collect$$libshutdown$$00000000  c_w.l(libshutdown.o)
    0x0800018c   0x0800018c   0x00000000   Code   RO         6029    .ARM.Collect$$libshutdown$$00000002  c_w.l(libshutdown2.o)
    0x0800018c   0x0800018c   0x00000000   Code   RO         6031    .ARM.Collect$$libshutdown$$00000004  c_w.l(libshutdown2.o)
    0x0800018c   0x0800018c   0x00000000   Code   RO         6033    .ARM.Collect$$libshutdown$$00000006  c_w.l(libshutdown2.o)
    0x0800018c   0x0800018c   0x00000000   Code   RO         6036    .ARM.Collect$$libshutdown$$00000009  c_w.l(libshutdown2.o)
    0x0800018c   0x0800018c   0x00000000   Code   RO         6039    .ARM.Collect$$libshutdown$$0000000C  c_w.l(libshutdown2.o)
    0x0800018c   0x0800018c   0x00000000   Code   RO         6041    .ARM.Collect$$libshutdown$$0000000E  c_w.l(libshutdown2.o)
    0x0800018c   0x0800018c   0x00000000   Code   RO         6044    .ARM.Collect$$libshutdown$$00000011  c_w.l(libshutdown2.o)
    0x0800018c   0x0800018c   0x00000002   Code   RO         6045    .ARM.Collect$$libshutdown$$00000012  c_w.l(libshutdown2.o)
    0x0800018e   0x0800018e   0x00000000   Code   RO         5852    .ARM.Collect$$rtentry$$00000000  c_w.l(__rtentry.o)
    0x0800018e   0x0800018e   0x00000000   Code   RO         5870    .ARM.Collect$$rtentry$$00000002  c_w.l(__rtentry2.o)
    0x0800018e   0x0800018e   0x00000006   Code   RO         5882    .ARM.Collect$$rtentry$$00000004  c_w.l(__rtentry4.o)
    0x08000194   0x08000194   0x00000000   Code   RO         5872    .ARM.Collect$$rtentry$$00000009  c_w.l(__rtentry2.o)
    0x08000194   0x08000194   0x00000004   Code   RO         5873    .ARM.Collect$$rtentry$$0000000A  c_w.l(__rtentry2.o)
    0x08000198   0x08000198   0x00000000   Code   RO         5875    .ARM.Collect$$rtentry$$0000000C  c_w.l(__rtentry2.o)
    0x08000198   0x08000198   0x00000008   Code   RO         5876    .ARM.Collect$$rtentry$$0000000D  c_w.l(__rtentry2.o)
    0x080001a0   0x080001a0   0x00000002   Code   RO         5993    .ARM.Collect$$rtexit$$00000000  c_w.l(rtexit.o)
    0x080001a2   0x080001a2   0x00000000   Code   RO         6000    .ARM.Collect$$rtexit$$00000002  c_w.l(rtexit2.o)
    0x080001a2   0x080001a2   0x00000004   Code   RO         6001    .ARM.Collect$$rtexit$$00000003  c_w.l(rtexit2.o)
    0x080001a6   0x080001a6   0x00000006   Code   RO         6002    .ARM.Collect$$rtexit$$00000004  c_w.l(rtexit2.o)
    0x080001ac   0x080001ac   0x00000096   Code   RO         5371    .emb_text           port.o
    0x08000242   0x08000242   0x00000002   PAD
    0x08000244   0x08000244   0x00000040   Code   RO            4    .text               startup_stm32f103xb.o
    0x08000284   0x08000284   0x00000002   Code   RO         5754    .text               c_w.l(use_no_semi_2.o)
    0x08000286   0x08000286   0x00000002   PAD
    0x08000288   0x08000288   0x00000018   Code   RO         5760    .text               c_w.l(noretval__2printf.o)
    0x080002a0   0x080002a0   0x0000004e   Code   RO         5764    .text               c_w.l(_printf_pad.o)
    0x080002ee   0x080002ee   0x00000002   PAD
    0x080002f0   0x080002f0   0x00000078   Code   RO         5766    .text               c_w.l(_printf_dec.o)
    0x08000368   0x08000368   0x00000058   Code   RO         5771    .text               c_w.l(_printf_hex_int.o)
    0x080003c0   0x080003c0   0x00000138   Code   RO         5801    .text               c_w.l(__printf_flags_wp.o)
    0x080004f8   0x080004f8   0x0000004e   Code   RO         5822    .text               c_w.l(rt_memclr_w.o)
    0x08000546   0x08000546   0x00000006   Code   RO         5824    .text               c_w.l(heapauxi.o)
    0x0800054c   0x0800054c   0x00000002   Code   RO         5850    .text               c_w.l(use_no_semi.o)
    0x0800054e   0x0800054e   0x000000b2   Code   RO         5853    .text               c_w.l(_printf_intcommon.o)
    0x08000600   0x08000600   0x0000041e   Code   RO         5855    .text               c_w.l(_printf_fp_dec.o)
    0x08000a1e   0x08000a1e   0x00000002   PAD
    0x08000a20   0x08000a20   0x00000024   Code   RO         5857    .text               c_w.l(_printf_char_file.o)
    0x08000a44   0x08000a44   0x00000008   Code   RO         5887    .text               c_w.l(rt_locale_intlibspace.o)
    0x08000a4c   0x08000a4c   0x0000008a   Code   RO         5889    .text               c_w.l(lludiv10.o)
    0x08000ad6   0x08000ad6   0x00000002   PAD
    0x08000ad8   0x08000ad8   0x00000030   Code   RO         5891    .text               c_w.l(_printf_char_common.o)
    0x08000b08   0x08000b08   0x00000080   Code   RO         5893    .text               c_w.l(_printf_fp_infnan.o)
    0x08000b88   0x08000b88   0x000000e4   Code   RO         5895    .text               c_w.l(bigflt0.o)
    0x08000c6c   0x08000c6c   0x00000008   Code   RO         5920    .text               c_w.l(ferror.o)
    0x08000c74   0x08000c74   0x00000008   Code   RO         5931    .text               c_w.l(libspace.o)
    0x08000c7c   0x08000c7c   0x0000004a   Code   RO         5934    .text               c_w.l(sys_stackheap_outer.o)
    0x08000cc6   0x08000cc6   0x00000012   Code   RO         5938    .text               c_w.l(exit.o)
    0x08000cd8   0x08000cd8   0x00000080   Code   RO         5940    .text               c_w.l(strcmpv7m.o)
    0x08000d58   0x08000d58   0x0000003e   Code   RO         5898    CL$$btod_d2e        c_w.l(btod.o)
    0x08000d96   0x08000d96   0x00000046   Code   RO         5900    CL$$btod_d2e_denorm_low  c_w.l(btod.o)
    0x08000ddc   0x08000ddc   0x00000060   Code   RO         5899    CL$$btod_d2e_norm_op1  c_w.l(btod.o)
    0x08000e3c   0x08000e3c   0x00000338   Code   RO         5908    CL$$btod_div_common  c_w.l(btod.o)
    0x08001174   0x08001174   0x000000dc   Code   RO         5905    CL$$btod_e2e        c_w.l(btod.o)
    0x08001250   0x08001250   0x0000002a   Code   RO         5902    CL$$btod_ediv       c_w.l(btod.o)
    0x0800127a   0x0800127a   0x0000002a   Code   RO         5901    CL$$btod_emul       c_w.l(btod.o)
    0x080012a4   0x080012a4   0x00000244   Code   RO         5907    CL$$btod_mult_common  c_w.l(btod.o)
    0x080014e8   0x080014e8   0x00000022   Code   RO         5548    i.BQ76940_ClearFault  bsp_bq76940.o
    0x0800150a   0x0800150a   0x00000002   PAD
    0x0800150c   0x0800150c   0x000000f4   Code   RO         5549    i.BQ76940_Init      bsp_bq76940.o
    0x08001600   0x08001600   0x0000003c   Code   RO         5550    i.BQ76940_ReadCurrent  bsp_bq76940.o
    0x0800163c   0x0800163c   0x0000000e   Code   RO         5551    i.BQ76940_ReadFault  bsp_bq76940.o
    0x0800164a   0x0800164a   0x00000002   PAD
    0x0800164c   0x0800164c   0x00000034   Code   RO         5552    i.BQ76940_ReadTemp  bsp_bq76940.o
    0x08001680   0x08001680   0x00000048   Code   RO         5553    i.BQ76940_ReadVoltage  bsp_bq76940.o
    0x080016c8   0x080016c8   0x00000070   Code   RO           13    i.BQ76940_Test_Init  main.o
    0x08001738   0x08001738   0x000000f0   Code   RO           14    i.BQ76940_Test_Poll  main.o
    0x08001828   0x08001828   0x0000001c   Code   RO         5457    i.BSP_I2C_IsDeviceReady  bsp_i2c.o
    0x08001844   0x08001844   0x00000028   Code   RO         5458    i.BSP_I2C_Read_Buffer  bsp_i2c.o
    0x0800186c   0x0800186c   0x00000060   Code   RO         5459    i.BSP_I2C_Read_Buffer_PEC  bsp_i2c.o
    0x080018cc   0x080018cc   0x0000002c   Code   RO         5460    i.BSP_I2C_Read_Byte  bsp_i2c.o
    0x080018f8   0x080018f8   0x0000004c   Code   RO         5461    i.BSP_I2C_Read_Byte_PEC  bsp_i2c.o
    0x08001944   0x08001944   0x0000003c   Code   RO         5465    i.BSP_I2C_Write_Byte_PEC  bsp_i2c.o
    0x08001980   0x08001980   0x00000002   Code   RO          478    i.BusFault_Handler  stm32f1xx_it.o
    0x08001982   0x08001982   0x00000032   Code   RO         5730    i.CRC8_Update       crc8.o
    0x080019b4   0x080019b4   0x00000002   Code   RO          479    i.DebugMon_Handler  stm32f1xx_it.o
    0x080019b6   0x080019b6   0x00000004   Code   RO           15    i.Error_Handler     main.o
    0x080019ba   0x080019ba   0x0000011a   Code   RO         1628    i.HAL_CAN_Init      stm32f1xx_hal_can.o
    0x08001ad4   0x08001ad4   0x0000006c   Code   RO          299    i.HAL_CAN_MspInit   can.o
    0x08001b40   0x08001b40   0x00000024   Code   RO         1855    i.HAL_Delay         stm32f1xx_hal.o
    0x08001b64   0x08001b64   0x000001e0   Code   RO         2165    i.HAL_GPIO_Init     stm32f1xx_hal_gpio.o
    0x08001d44   0x08001d44   0x0000000a   Code   RO         2169    i.HAL_GPIO_WritePin  stm32f1xx_hal_gpio.o
    0x08001d4e   0x08001d4e   0x00000002   PAD
    0x08001d50   0x08001d50   0x0000000c   Code   RO         1859    i.HAL_GetTick       stm32f1xx_hal.o
    0x08001d5c   0x08001d5c   0x00000188   Code   RO         2836    i.HAL_I2C_Init      stm32f1xx_hal_i2c.o
    0x08001ee4   0x08001ee4   0x0000016c   Code   RO         2837    i.HAL_I2C_IsDeviceReady  stm32f1xx_hal_i2c.o
    0x08002050   0x08002050   0x0000025c   Code   RO         2854    i.HAL_I2C_Mem_Read  stm32f1xx_hal_i2c.o
    0x080022ac   0x080022ac   0x00000130   Code   RO         2857    i.HAL_I2C_Mem_Write  stm32f1xx_hal_i2c.o
    0x080023dc   0x080023dc   0x00000070   Code   RO          341    i.HAL_I2C_MspInit   i2c.o
    0x0800244c   0x0800244c   0x0000005e   Code   RO         3262    i.HAL_IWDG_Init     stm32f1xx_hal_iwdg.o
    0x080024aa   0x080024aa   0x0000000c   Code   RO         3263    i.HAL_IWDG_Refresh  stm32f1xx_hal_iwdg.o
    0x080024b6   0x080024b6   0x00000002   PAD
    0x080024b8   0x080024b8   0x00000010   Code   RO         1865    i.HAL_IncTick       stm32f1xx_hal.o
    0x080024c8   0x080024c8   0x00000024   Code   RO         1866    i.HAL_Init          stm32f1xx_hal.o
    0x080024ec   0x080024ec   0x00000098   Code   RO          566    i.HAL_InitTick      stm32f1xx_hal_timebase_tim.o
    0x08002584   0x08002584   0x00000048   Code   RO          542    i.HAL_MspInit       stm32f1xx_hal_msp.o
    0x080025cc   0x080025cc   0x0000001a   Code   RO         2325    i.HAL_NVIC_EnableIRQ  stm32f1xx_hal_cortex.o
    0x080025e6   0x080025e6   0x00000002   PAD
    0x080025e8   0x080025e8   0x00000040   Code   RO         2331    i.HAL_NVIC_SetPriority  stm32f1xx_hal_cortex.o
    0x08002628   0x08002628   0x00000024   Code   RO         2332    i.HAL_NVIC_SetPriorityGrouping  stm32f1xx_hal_cortex.o
    0x0800264c   0x0800264c   0x0000012c   Code   RO         2023    i.HAL_RCC_ClockConfig  stm32f1xx_hal_rcc.o
    0x08002778   0x08002778   0x00000040   Code   RO         2027    i.HAL_RCC_GetClockConfig  stm32f1xx_hal_rcc.o
    0x080027b8   0x080027b8   0x00000020   Code   RO         2030    i.HAL_RCC_GetPCLK1Freq  stm32f1xx_hal_rcc.o
    0x080027d8   0x080027d8   0x00000020   Code   RO         2031    i.HAL_RCC_GetPCLK2Freq  stm32f1xx_hal_rcc.o
    0x080027f8   0x080027f8   0x0000004c   Code   RO         2032    i.HAL_RCC_GetSysClockFreq  stm32f1xx_hal_rcc.o
    0x08002844   0x08002844   0x00000320   Code   RO         2035    i.HAL_RCC_OscConfig  stm32f1xx_hal_rcc.o
    0x08002b64   0x08002b64   0x00000002   Code   RO         1347    i.HAL_TIMEx_BreakCallback  stm32f1xx_hal_tim_ex.o
    0x08002b66   0x08002b66   0x00000002   Code   RO         1348    i.HAL_TIMEx_CommutCallback  stm32f1xx_hal_tim_ex.o
    0x08002b68   0x08002b68   0x0000005a   Code   RO          643    i.HAL_TIM_Base_Init  stm32f1xx_hal_tim.o
    0x08002bc2   0x08002bc2   0x00000002   Code   RO          645    i.HAL_TIM_Base_MspInit  stm32f1xx_hal_tim.o
    0x08002bc4   0x08002bc4   0x00000058   Code   RO          648    i.HAL_TIM_Base_Start_IT  stm32f1xx_hal_tim.o
    0x08002c1c   0x08002c1c   0x00000002   Code   RO          677    i.HAL_TIM_IC_CaptureCallback  stm32f1xx_hal_tim.o
    0x08002c1e   0x08002c1e   0x00000130   Code   RO          691    i.HAL_TIM_IRQHandler  stm32f1xx_hal_tim.o
    0x08002d4e   0x08002d4e   0x00000002   Code   RO          694    i.HAL_TIM_OC_DelayElapsedCallback  stm32f1xx_hal_tim.o
    0x08002d50   0x08002d50   0x00000002   Code   RO          721    i.HAL_TIM_PWM_PulseFinishedCallback  stm32f1xx_hal_tim.o
    0x08002d52   0x08002d52   0x0000000e   Code   RO           16    i.HAL_TIM_PeriodElapsedCallback  main.o
    0x08002d60   0x08002d60   0x00000002   Code   RO          734    i.HAL_TIM_TriggerCallback  stm32f1xx_hal_tim.o
    0x08002d62   0x08002d62   0x00000064   Code   RO         3322    i.HAL_UART_Init     stm32f1xx_hal_uart.o
    0x08002dc6   0x08002dc6   0x00000002   PAD
    0x08002dc8   0x08002dc8   0x00000070   Code   RO          413    i.HAL_UART_MspInit  usart.o
    0x08002e38   0x08002e38   0x000000a0   Code   RO         3330    i.HAL_UART_Transmit  stm32f1xx_hal_uart.o
    0x08002ed8   0x08002ed8   0x00000002   Code   RO          480    i.HardFault_Handler  stm32f1xx_it.o
    0x08002eda   0x08002eda   0x0000002e   Code   RO         2879    i.I2C_IsAcknowledgeFailed  stm32f1xx_hal_i2c.o
    0x08002f08   0x08002f08   0x000000fc   Code   RO         2889    i.I2C_RequestMemoryRead  stm32f1xx_hal_i2c.o
    0x08003004   0x08003004   0x000000a8   Code   RO         2890    i.I2C_RequestMemoryWrite  stm32f1xx_hal_i2c.o
    0x080030ac   0x080030ac   0x00000056   Code   RO         2894    i.I2C_WaitOnBTFFlagUntilTimeout  stm32f1xx_hal_i2c.o
    0x08003102   0x08003102   0x00000002   PAD
    0x08003104   0x08003104   0x00000090   Code   RO         2895    i.I2C_WaitOnFlagUntilTimeout  stm32f1xx_hal_i2c.o
    0x08003194   0x08003194   0x000000bc   Code   RO         2896    i.I2C_WaitOnMasterAddressFlagUntilTimeout  stm32f1xx_hal_i2c.o
    0x08003250   0x08003250   0x00000070   Code   RO         2897    i.I2C_WaitOnRXNEFlagUntilTimeout  stm32f1xx_hal_i2c.o
    0x080032c0   0x080032c0   0x00000056   Code   RO         2898    i.I2C_WaitOnTXEFlagUntilTimeout  stm32f1xx_hal_i2c.o
    0x08003316   0x08003316   0x00000002   PAD
    0x08003318   0x08003318   0x0000003c   Code   RO          300    i.MX_CAN_Init       can.o
    0x08003354   0x08003354   0x00000070   Code   RO          227    i.MX_GPIO_Init      gpio.o
    0x080033c4   0x080033c4   0x00000040   Code   RO          342    i.MX_I2C1_Init      i2c.o
    0x08003404   0x08003404   0x0000002c   Code   RO          382    i.MX_IWDG_Init      iwdg.o
    0x08003430   0x08003430   0x00000038   Code   RO          414    i.MX_USART1_UART_Init  usart.o
    0x08003468   0x08003468   0x00000002   Code   RO          481    i.MemManage_Handler  stm32f1xx_it.o
    0x0800346a   0x0800346a   0x00000002   Code   RO          482    i.NMI_Handler       stm32f1xx_it.o
    0x0800346c   0x0800346c   0x0000001a   Code   RO         4803    i.SysTick_Handler   cmsis_os2.o
    0x08003486   0x08003486   0x00000064   Code   RO           17    i.SystemClock_Config  main.o
    0x080034ea   0x080034ea   0x00000002   Code   RO         3656    i.SystemInit        system_stm32f1xx.o
    0x080034ec   0x080034ec   0x0000000c   Code   RO          483    i.TIM2_IRQHandler   stm32f1xx_it.o
    0x080034f8   0x080034f8   0x00000078   Code   RO          736    i.TIM_Base_SetConfig  stm32f1xx_hal_tim.o
    0x08003570   0x08003570   0x0000004e   Code   RO         3345    i.UART_EndRxTransfer  stm32f1xx_hal_uart.o
    0x080035be   0x080035be   0x00000002   PAD
    0x080035c0   0x080035c0   0x000000b8   Code   RO         3348    i.UART_SetConfig    stm32f1xx_hal_uart.o
    0x08003678   0x08003678   0x00000072   Code   RO         3351    i.UART_WaitOnFlagUntilTimeout  stm32f1xx_hal_uart.o
    0x080036ea   0x080036ea   0x00000002   Code   RO          484    i.UsageFault_Handler  stm32f1xx_it.o
    0x080036ec   0x080036ec   0x00000028   Code   RO         5929    i.__ARM_fpclassify  m_ws.l(fpclassify.o)
    0x08003714   0x08003714   0x00000020   Code   RO         2338    i.__NVIC_SetPriority  stm32f1xx_hal_cortex.o
    0x08003734   0x08003734   0x0000000e   Code   RO         5799    i._is_digit         c_w.l(__printf_wp.o)
    0x08003742   0x08003742   0x00000002   Code   RO          416    i._sys_exit         usart.o
    0x08003744   0x08003744   0x00000040   Code   RO         5556    i.bq_adc_raw_to_mV  bsp_bq76940.o
    0x08003784   0x08003784   0x00000020   Code   RO         5557    i.bq_read_buf       bsp_bq76940.o
    0x080037a4   0x080037a4   0x0000001c   Code   RO         5558    i.bq_read_u8        bsp_bq76940.o
    0x080037c0   0x080037c0   0x0000000a   Code   RO         5559    i.bq_write_u8       bsp_bq76940.o
    0x080037ca   0x080037ca   0x00000048   Code   RO         5466    i.bsp_i2c_calc_pec_read  bsp_i2c.o
    0x08003812   0x08003812   0x00000034   Code   RO         5467    i.bsp_i2c_calc_pec_write  bsp_i2c.o
    0x08003846   0x08003846   0x00000002   PAD
    0x08003848   0x08003848   0x00000024   Code   RO          417    i.fputc             usart.o
    0x0800386c   0x0800386c   0x0000003c   Code   RO           18    i.main              main.o
    0x080038a8   0x080038a8   0x00000020   Code   RO         4270    i.prvResetNextTaskUnblockTime  tasks.o
    0x080038c8   0x080038c8   0x00000026   Code   RO         3821    i.uxListRemove      list.o
    0x080038ee   0x080038ee   0x00000018   Code   RO         3825    i.vListInsertEnd    list.o
    0x08003906   0x08003906   0x00000002   PAD
    0x08003908   0x08003908   0x00000064   Code   RO         4303    i.vTaskSwitchContext  tasks.o
    0x0800396c   0x0800396c   0x0000002c   Code   RO         5380    i.xPortSysTickHandler  port.o
    0x08003998   0x08003998   0x0000001c   Code   RO         4311    i.xTaskGetSchedulerState  tasks.o
    0x080039b4   0x080039b4   0x000000c8   Code   RO         4314    i.xTaskIncrementTick  tasks.o
    0x08003a7c   0x08003a7c   0x0000002c   Code   RO         5925    locale$$code        c_w.l(lc_numeric_c.o)
    0x08003aa8   0x08003aa8   0x0000000c   Code   RO         5862    x$fpl$dretinf       fz_ws.l(dretinf.o)
    0x08003ab4   0x08003ab4   0x00000056   Code   RO         5828    x$fpl$f2d           fz_ws.l(f2d.o)
    0x08003b0a   0x08003b0a   0x00000002   PAD
    0x08003b0c   0x08003b0c   0x000000c4   Code   RO         5830    x$fpl$fadd          fz_ws.l(faddsub_clz.o)
    0x08003bd0   0x08003bd0   0x00000184   Code   RO         5837    x$fpl$fdiv          fz_ws.l(fdiv.o)
    0x08003d54   0x08003d54   0x00000030   Code   RO         5841    x$fpl$fflt          fz_ws.l(fflt_clz.o)
    0x08003d84   0x08003d84   0x00000026   Code   RO         5840    x$fpl$ffltu         fz_ws.l(fflt_clz.o)
    0x08003daa   0x08003daa   0x00000002   PAD
    0x08003dac   0x08003dac   0x00000102   Code   RO         5846    x$fpl$fmul          fz_ws.l(fmul.o)
    0x08003eae   0x08003eae   0x0000008c   Code   RO         5864    x$fpl$fnaninf       fz_ws.l(fnaninf.o)
    0x08003f3a   0x08003f3a   0x0000000a   Code   RO         5866    x$fpl$fretinf       fz_ws.l(fretinf.o)
    0x08003f44   0x08003f44   0x000000ea   Code   RO         5832    x$fpl$fsub          fz_ws.l(faddsub_clz.o)
    0x0800402e   0x0800402e   0x00000004   Code   RO         5848    x$fpl$printf1       fz_ws.l(printf1.o)
    0x08004032   0x08004032   0x00000000   Code   RO         5868    x$fpl$usenofp       fz_ws.l(usenofp.o)
    0x08004032   0x08004032   0x00000012   Data   RO         2036    .constdata          stm32f1xx_hal_rcc.o
    0x08004044   0x08004044   0x00000010   Data   RO         3657    .constdata          system_stm32f1xx.o
    0x08004054   0x08004054   0x00000008   Data   RO         3658    .constdata          system_stm32f1xx.o
    0x0800405c   0x0800405c   0x00000028   Data   RO         5772    .constdata          c_w.l(_printf_hex_int.o)
    0x08004084   0x08004084   0x00000011   Data   RO         5802    .constdata          c_w.l(__printf_flags_wp.o)
    0x08004095   0x08004095   0x00000003   PAD
    0x08004098   0x08004098   0x00000094   Data   RO         5896    .constdata          c_w.l(bigflt0.o)
    0x0800412c   0x0800412c   0x0000004e   Data   RO           19    .conststring        main.o
    0x0800417a   0x0800417a   0x00000002   PAD
    0x0800417c   0x0800417c   0x00000020   Data   RO         6070    Region$$Table       anon$$obj.o
    0x0800419c   0x0800419c   0x0000001c   Data   RO         5924    locale$$data        c_w.l(lc_numeric_c.o)


    Execution Region RW_IRAM1 (Exec base: 0x20000000, Load base: 0x080041b8, Size: 0x00000ca0, Max: 0x00005000, ABSOLUTE)

    Exec Addr    Load Addr    Size         Type   Attr      Idx    E Section Name        Object

    0x20000000   0x080041b8   0x00000008   Data   RW           20    .data               main.o
    0x20000008   0x080041c0   0x00000001   Data   RW          419    .data               usart.o
    0x20000009   0x080041c1   0x00000003   PAD
    0x2000000c   0x080041c4   0x00000004   Data   RW          420    .data               usart.o
    0x20000010   0x080041c8   0x0000000c   Data   RW         1873    .data               stm32f1xx_hal.o
    0x2000001c   0x080041d4   0x00000004   Data   RW         3659    .data               system_stm32f1xx.o
    0x20000020   0x080041d8   0x0000003c   Data   RW         4323    .data               tasks.o
    0x2000005c   0x08004214   0x00000006   Data   RW         5560    .data               bsp_bq76940.o
    0x20000062   0x0800421a   0x00000002   PAD
    0x20000064        -       0x00000028   Zero   RW          301    .bss                can.o
    0x2000008c        -       0x00000054   Zero   RW          343    .bss                i2c.o
    0x200000e0        -       0x0000000c   Zero   RW          383    .bss                iwdg.o
    0x200000ec        -       0x00000048   Zero   RW          418    .bss                usart.o
    0x20000134        -       0x00000048   Zero   RW          569    .bss                stm32f1xx_hal_timebase_tim.o
    0x2000017c        -       0x000004c4   Zero   RW         4322    .bss                tasks.o
    0x20000640        -       0x00000060   Zero   RW         5932    .bss                c_w.l(libspace.o)
    0x200006a0        -       0x00000200   Zero   RW            2    HEAP                startup_stm32f103xb.o
    0x200008a0        -       0x00000400   Zero   RW            1    STACK               startup_stm32f103xb.o


==============================================================================

Image component sizes


      Code (inc. data)   RO Data    RW Data    ZI Data      Debug   Object Name

       610         42          0          6          0       7143   bsp_bq76940.o
       468         26          0          0          0       6265   bsp_i2c.o
       168         20          0          0         40       1751   can.o
        26          0          0          0          0        610   cmsis_os2.o
        50          0          0          0          0       1194   crc8.o
         0          0          0          0          0      15652   event_groups.o
       112          8          0          0          0        967   gpio.o
       176         30          0          0         84       1769   i2c.o
        44          8          0          0         12        759   iwdg.o
        62          0          0          0          0       1740   list.o
       530         76         78          8          0     458292   main.o
       194         18          0          0          0       3614   port.o
        64         26        236          0       1536        836   startup_stm32f103xb.o
       100         18          0         12          0       5430   stm32f1xx_hal.o
       282          0          0          0          0       1443   stm32f1xx_hal_can.o
       158         14          0          0          0      28338   stm32f1xx_hal_cortex.o
       490         34          0          0          0       2968   stm32f1xx_hal_gpio.o
      2746         66          0          0          0      14770   stm32f1xx_hal_i2c.o
       106          0          0          0          0       1939   stm32f1xx_hal_iwdg.o
        72         10          0          0          0        922   stm32f1xx_hal_msp.o
      1304         94         18          0          0       5933   stm32f1xx_hal_rcc.o
       612         24          0          0          0       7444   stm32f1xx_hal_tim.o
         4          0          0          0          0       1665   stm32f1xx_hal_tim_ex.o
       152         18          0          0         72       1563   stm32f1xx_hal_timebase_tim.o
       636          6          0          0          0       4796   stm32f1xx_hal_uart.o
        24          6          0          0          0       3211   stm32f1xx_it.o
         2          0         24          4          0       1199   system_stm32f1xx.o
       360         30          0         60       1220      10625   tasks.o
       206         30          0          5         72       4188   usart.o

    ----------------------------------------------------------------------
      9782        604        390        100       3036     597026   Object Totals
         0          0         32          0          0          0   (incl. Generated)
        24          0          2          5          0          0   (incl. Padding)

    ----------------------------------------------------------------------

      Code (inc. data)   RO Data    RW Data    ZI Data      Debug   Library Member Name

         8          0          0          0          0         68   __main.o
       312          4         17          0          0         92   __printf_flags_wp.o
        14          0          0          0          0         68   __printf_wp.o
         0          0          0          0          0          0   __rtentry.o
        12          0          0          0          0          0   __rtentry2.o
         6          0          0          0          0          0   __rtentry4.o
        52          8          0          0          0          0   __scatter.o
        26          0          0          0          0          0   __scatter_copy.o
        28          0          0          0          0          0   __scatter_zi.o
        48          6          0          0          0         96   _printf_char_common.o
        36          4          0          0          0         80   _printf_char_file.o
       120         16          0          0          0         92   _printf_dec.o
         6          0          0          0          0          0   _printf_f.o
      1054          0          0          0          0        216   _printf_fp_dec.o
       128         16          0          0          0         84   _printf_fp_infnan.o
        88          4         40          0          0         88   _printf_hex_int.o
       178          0          0          0          0         88   _printf_intcommon.o
        78          0          0          0          0        108   _printf_pad.o
         0          0          0          0          0          0   _printf_percent.o
         4          0          0          0          0          0   _printf_percent_end.o
         6          0          0          0          0          0   _printf_u.o
         6          0          0          0          0          0   _printf_x.o
       228          4        148          0          0         96   bigflt0.o
      1936        128          0          0          0        672   btod.o
        18          0          0          0          0         80   exit.o
         8          0          0          0          0         68   ferror.o
         6          0          0          0          0        152   heapauxi.o
        44         10         28          0          0         76   lc_numeric_c.o
         2          0          0          0          0          0   libinit.o
        18          0          0          0          0          0   libinit2.o
         2          0          0          0          0          0   libshutdown.o
         2          0          0          0          0          0   libshutdown2.o
         8          4          0          0         96         68   libspace.o
       138          0          0          0          0         80   lludiv10.o
        24          4          0          0          0         84   noretval__2printf.o
         8          4          0          0          0         68   rt_locale_intlibspace.o
        78          0          0          0          0         80   rt_memclr_w.o
         2          0          0          0          0          0   rtexit.o
        10          0          0          0          0          0   rtexit2.o
       128          0          0          0          0         68   strcmpv7m.o
        74          0          0          0          0         80   sys_stackheap_outer.o
         2          0          0          0          0         68   use_no_semi.o
         2          0          0          0          0         68   use_no_semi_2.o
        12          0          0          0          0         68   dretinf.o
        86          4          0          0          0         84   f2d.o
       430          8          0          0          0        168   faddsub_clz.o
       388         76          0          0          0         96   fdiv.o
        86          0          0          0          0        136   fflt_clz.o
       258          4          0          0          0         84   fmul.o
       140          4          0          0          0         84   fnaninf.o
        10          0          0          0          0         68   fretinf.o
         4          0          0          0          0         68   printf1.o
         0          0          0          0          0          0   usenofp.o
        40          0          0          0          0         68   fpclassify.o

    ----------------------------------------------------------------------
      6416        308        236          0         96       3812   Library Totals
        14          0          3          0          0          0   (incl. Padding)

    ----------------------------------------------------------------------

      Code (inc. data)   RO Data    RW Data    ZI Data      Debug   Library Name

      4948        212        233          0         96       2888   c_w.l
      1414         96          0          0          0        856   fz_ws.l
        40          0          0          0          0         68   m_ws.l

    ----------------------------------------------------------------------
      6416        308        236          0         96       3812   Library Totals

    ----------------------------------------------------------------------

==============================================================================


      Code (inc. data)   RO Data    RW Data    ZI Data      Debug   

     16198        912        626        100       3132     593658   Grand Totals
     16198        912        626        100       3132     593658   ELF Image Totals
     16198        912        626        100          0          0   ROM Totals

==============================================================================

    Total RO  Size (Code + RO Data)                16824 (  16.43kB)
    Total RW  Size (RW Data + ZI Data)              3232 (   3.16kB)
    Total ROM Size (Code + RO Data + RW Data)      16924 (  16.53kB)

==============================================================================

