Component: ARM Compiler 5.06 update 7 (build 960) Tool: armlink [4d3601]

==============================================================================

Section Cross References

    startup_stm32f103xb.o(STACK) refers (Special) to heapauxi.o(.text) for __use_two_region_memory
    startup_stm32f103xb.o(HEAP) refers (Special) to heapauxi.o(.text) for __use_two_region_memory
    startup_stm32f103xb.o(RESET) refers (Special) to heapauxi.o(.text) for __use_two_region_memory
    startup_stm32f103xb.o(RESET) refers to startup_stm32f103xb.o(STACK) for __initial_sp
    startup_stm32f103xb.o(RESET) refers to startup_stm32f103xb.o(.text) for Reset_Handler
    startup_stm32f103xb.o(RESET) refers to stm32f1xx_it.o(i.NMI_Handler) for NMI_Handler
    startup_stm32f103xb.o(RESET) refers to stm32f1xx_it.o(i.HardFault_Handler) for HardFault_Handler
    startup_stm32f103xb.o(RESET) refers to stm32f1xx_it.o(i.MemManage_Handler) for MemManage_Handler
    startup_stm32f103xb.o(RESET) refers to stm32f1xx_it.o(i.BusFault_Handler) for BusFault_Handler
    startup_stm32f103xb.o(RESET) refers to stm32f1xx_it.o(i.UsageFault_Handler) for UsageFault_Handler
    startup_stm32f103xb.o(RESET) refers to port.o(.emb_text) for SVC_Handler
    startup_stm32f103xb.o(RESET) refers to stm32f1xx_it.o(i.DebugMon_Handler) for DebugMon_Handler
    startup_stm32f103xb.o(RESET) refers to cmsis_os2.o(i.SysTick_Handler) for SysTick_Handler
    startup_stm32f103xb.o(RESET) refers to stm32f1xx_it.o(i.TIM2_IRQHandler) for TIM2_IRQHandler
    startup_stm32f103xb.o(.text) refers (Special) to heapauxi.o(.text) for __use_two_region_memory
    startup_stm32f103xb.o(.text) refers to system_stm32f1xx.o(i.SystemInit) for SystemInit
    startup_stm32f103xb.o(.text) refers to __main.o(!!!main) for __main
    startup_stm32f103xb.o(.text) refers to startup_stm32f103xb.o(HEAP) for Heap_Mem
    startup_stm32f103xb.o(.text) refers to startup_stm32f103xb.o(STACK) for Stack_Mem
    main.o(i.BQ76940_Test_Init) refers to _printf_pad.o(.text) for _printf_pre_padding
    main.o(i.BQ76940_Test_Init) refers to _printf_percent.o(.ARM.Collect$$_printf_percent$$00000000) for _printf_percent
    main.o(i.BQ76940_Test_Init) refers to _printf_u.o(.ARM.Collect$$_printf_percent$$0000000A) for _printf_u
    main.o(i.BQ76940_Test_Init) refers to _printf_x.o(.ARM.Collect$$_printf_percent$$0000000C) for _printf_x
    main.o(i.BQ76940_Test_Init) refers to _printf_dec.o(.text) for _printf_int_dec
    main.o(i.BQ76940_Test_Init) refers to _printf_hex_int_ptr.o(.text) for _printf_longlong_hex
    main.o(i.BQ76940_Test_Init) refers to bsp_bq76940.o(i.BQ76940_Init) for BQ76940_Init
    main.o(i.BQ76940_Test_Init) refers to stm32f1xx_hal_iwdg.o(i.HAL_IWDG_Refresh) for HAL_IWDG_Refresh
    main.o(i.BQ76940_Test_Init) refers to stm32f1xx_hal.o(i.HAL_Delay) for HAL_Delay
    main.o(i.BQ76940_Test_Init) refers to noretval__2printf.o(.text) for __2printf
    main.o(i.BQ76940_Test_Init) refers to bsp_bq76940.o(i.BQ76940_GetPresentCellCount) for BQ76940_GetPresentCellCount
    main.o(i.BQ76940_Test_Init) refers to main.o(.data) for .data
    main.o(i.BQ76940_Test_Init) refers to iwdg.o(.bss) for hiwdg
    main.o(i.HAL_TIM_PeriodElapsedCallback) refers to stm32f1xx_hal.o(i.HAL_IncTick) for HAL_IncTick
    main.o(i.SystemClock_Config) refers to rt_memclr_w.o(.text) for __aeabi_memclr4
    main.o(i.SystemClock_Config) refers to stm32f1xx_hal_rcc.o(i.HAL_RCC_OscConfig) for HAL_RCC_OscConfig
    main.o(i.SystemClock_Config) refers to stm32f1xx_hal_rcc.o(i.HAL_RCC_ClockConfig) for HAL_RCC_ClockConfig
    main.o(i.main) refers to stm32f1xx_hal.o(i.HAL_Init) for HAL_Init
    main.o(i.main) refers to main.o(i.SystemClock_Config) for SystemClock_Config
    main.o(i.main) refers to gpio.o(i.MX_GPIO_Init) for MX_GPIO_Init
    main.o(i.main) refers to can.o(i.MX_CAN_Init) for MX_CAN_Init
    main.o(i.main) refers to i2c.o(i.MX_I2C1_Init) for MX_I2C1_Init
    main.o(i.main) refers to iwdg.o(i.MX_IWDG_Init) for MX_IWDG_Init
    main.o(i.main) refers to usart.o(i.MX_USART1_UART_Init) for MX_USART1_UART_Init
    main.o(i.main) refers to bsp_can.o(i.BSP_CAN_ConfigFilterAcceptAll) for BSP_CAN_ConfigFilterAcceptAll
    main.o(i.main) refers to noretval__2printf.o(.text) for __2printf
    main.o(i.main) refers to main.o(i.BQ76940_Test_Init) for BQ76940_Test_Init
    main.o(i.main) refers to cmsis_os2.o(i.osKernelInitialize) for osKernelInitialize
    main.o(i.main) refers to freertos.o(i.MX_FREERTOS_Init) for MX_FREERTOS_Init
    main.o(i.main) refers to cmsis_os2.o(i.osKernelStart) for osKernelStart
    gpio.o(i.MX_GPIO_Init) refers to stm32f1xx_hal_gpio.o(i.HAL_GPIO_WritePin) for HAL_GPIO_WritePin
    gpio.o(i.MX_GPIO_Init) refers to stm32f1xx_hal_gpio.o(i.HAL_GPIO_Init) for HAL_GPIO_Init
    freertos.o(i.MX_FREERTOS_Init) refers to cmsis_os2.o(i.osThreadNew) for osThreadNew
    freertos.o(i.MX_FREERTOS_Init) refers to app_tasks.o(i.APP_Task_Create) for APP_Task_Create
[...]
    __rt_lib_init_stdio_1                    0x0800019b   Thumb Code     0  libinit2.o(.ARM.Collect$$libinit$$00000025)
    __rt_lib_shutdown                        0x0800019d   Thumb Code     0  libshutdown.o(.ARM.Collect$$libshutdown$$00000000)
    __rt_lib_shutdown_cpp_1                  0x0800019f   Thumb Code     0  libshutdown2.o(.ARM.Collect$$libshutdown$$00000004)
    __rt_lib_shutdown_fini_1                 0x0800019f   Thumb Code     0  libshutdown2.o(.ARM.Collect$$libshutdown$$00000002)
    __rt_lib_shutdown_fp_trap_1              0x0800019f   Thumb Code     0  libshutdown2.o(.ARM.Collect$$libshutdown$$00000009)
    __rt_lib_shutdown_heap_1                 0x0800019f   Thumb Code     0  libshutdown2.o(.ARM.Collect$$libshutdown$$00000011)
    __rt_lib_shutdown_return                 0x0800019f   Thumb Code     0  libshutdown2.o(.ARM.Collect$$libshutdown$$00000012)
    __rt_lib_shutdown_signal_1               0x0800019f   Thumb Code     0  libshutdown2.o(.ARM.Collect$$libshutdown$$0000000C)
    __rt_lib_shutdown_stdio_1                0x0800019f   Thumb Code     0  libshutdown2.o(.ARM.Collect$$libshutdown$$00000006)
    __rt_lib_shutdown_user_alloc_1           0x0800019f   Thumb Code     0  libshutdown2.o(.ARM.Collect$$libshutdown$$0000000E)
    __rt_entry                               0x080001a1   Thumb Code     0  __rtentry.o(.ARM.Collect$$rtentry$$00000000)
    __rt_entry_presh_1                       0x080001a1   Thumb Code     0  __rtentry2.o(.ARM.Collect$$rtentry$$00000002)
    __rt_entry_sh                            0x080001a1   Thumb Code     0  __rtentry4.o(.ARM.Collect$$rtentry$$00000004)
    __rt_entry_li                            0x080001a7   Thumb Code     0  __rtentry2.o(.ARM.Collect$$rtentry$$0000000A)
    __rt_entry_postsh_1                      0x080001a7   Thumb Code     0  __rtentry2.o(.ARM.Collect$$rtentry$$00000009)
    __rt_entry_main                          0x080001ab   Thumb Code     0  __rtentry2.o(.ARM.Collect$$rtentry$$0000000D)
    __rt_entry_postli_1                      0x080001ab   Thumb Code     0  __rtentry2.o(.ARM.Collect$$rtentry$$0000000C)
    __rt_exit                                0x080001b3   Thumb Code     0  rtexit.o(.ARM.Collect$$rtexit$$00000000)
    __rt_exit_ls                             0x080001b5   Thumb Code     0  rtexit2.o(.ARM.Collect$$rtexit$$00000003)
    __rt_exit_prels_1                        0x080001b5   Thumb Code     0  rtexit2.o(.ARM.Collect$$rtexit$$00000002)
    __rt_exit_exit                           0x080001b9   Thumb Code     0  rtexit2.o(.ARM.Collect$$rtexit$$00000004)
    SVC_Handler                              0x080001c1   Thumb Code    32  port.o(.emb_text)
    __asm___6_port_c_39a90d8d__prvStartFirstTask 0x080001e5   Thumb Code    28  port.o(.emb_text)
    PendSV_Handler                           0x08000205   Thumb Code    72  port.o(.emb_text)
    vPortGetIPSR                             0x08000251   Thumb Code     6  port.o(.emb_text)
    Reset_Handler                            0x08000259   Thumb Code     8  startup_stm32f103xb.o(.text)
    ADC1_2_IRQHandler                        0x08000273   Thumb Code     0  startup_stm32f103xb.o(.text)
    CAN1_RX1_IRQHandler                      0x08000273   Thumb Code     0  startup_stm32f103xb.o(.text)
    CAN1_SCE_IRQHandler                      0x08000273   Thumb Code     0  startup_stm32f103xb.o(.text)
    DMA1_Channel1_IRQHandler                 0x08000273   Thumb Code     0  startup_stm32f103xb.o(.text)
    DMA1_Channel2_IRQHandler                 0x08000273   Thumb Code     0  startup_stm32f103xb.o(.text)
    DMA1_Channel3_IRQHandler                 0x08000273   Thumb Code     0  startup_stm32f103xb.o(.text)
    DMA1_Channel4_IRQHandler                 0x08000273   Thumb Code     0  startup_stm32f103xb.o(.text)
    DMA1_Channel5_IRQHandler                 0x08000273   Thumb Code     0  startup_stm32f103xb.o(.text)
    DMA1_Channel6_IRQHandler                 0x08000273   Thumb Code     0  startup_stm32f103xb.o(.text)
    DMA1_Channel7_IRQHandler                 0x08000273   Thumb Code     0  startup_stm32f103xb.o(.text)
    EXTI0_IRQHandler                         0x08000273   Thumb Code     0  startup_stm32f103xb.o(.text)
    EXTI15_10_IRQHandler                     0x08000273   Thumb Code     0  startup_stm32f103xb.o(.text)
    EXTI1_IRQHandler                         0x08000273   Thumb Code     0  startup_stm32f103xb.o(.text)
    EXTI2_IRQHandler                         0x08000273   Thumb Code     0  startup_stm32f103xb.o(.text)
    EXTI3_IRQHandler                         0x08000273   Thumb Code     0  startup_stm32f103xb.o(.text)
    EXTI4_IRQHandler                         0x08000273   Thumb Code     0  startup_stm32f103xb.o(.text)
    EXTI9_5_IRQHandler                       0x08000273   Thumb Code     0  startup_stm32f103xb.o(.text)
    FLASH_IRQHandler                         0x08000273   Thumb Code     0  startup_stm32f103xb.o(.text)
    I2C1_ER_IRQHandler                       0x08000273   Thumb Code     0  startup_stm32f103xb.o(.text)
    I2C1_EV_IRQHandler                       0x08000273   Thumb Code     0  startup_stm32f103xb.o(.text)
    I2C2_ER_IRQHandler                       0x08000273   Thumb Code     0  startup_stm32f103xb.o(.text)
    I2C2_EV_IRQHandler                       0x08000273   Thumb Code     0  startup_stm32f103xb.o(.text)
    PVD_IRQHandler                           0x08000273   Thumb Code     0  startup_stm32f103xb.o(.text)
    RCC_IRQHandler                           0x08000273   Thumb Code     0  startup_stm32f103xb.o(.text)
    RTC_Alarm_IRQHandler                     0x08000273   Thumb Code     0  startup_stm32f103xb.o(.text)
    RTC_IRQHandler                           0x08000273   Thumb Code     0  startup_stm32f103xb.o(.text)
    SPI1_IRQHandler                          0x08000273   Thumb Code     0  startup_stm32f103xb.o(.text)
    SPI2_IRQHandler                          0x08000273   Thumb Code     0  startup_stm32f103xb.o(.text)
    TAMPER_IRQHandler                        0x08000273   Thumb Code     0  startup_stm32f103xb.o(.text)
    TIM1_BRK_IRQHandler                      0x08000273   Thumb Code     0  startup_stm32f103xb.o(.text)
    TIM1_CC_IRQHandler                       0x08000273   Thumb Code     0  startup_stm32f103xb.o(.text)
    TIM1_TRG_COM_IRQHandler                  0x08000273   Thumb Code     0  startup_stm32f103xb.o(.text)
    TIM1_UP_IRQHandler                       0x08000273   Thumb Code     0  startup_stm32f103xb.o(.text)
    TIM3_IRQHandler                          0x08000273   Thumb Code     0  startup_stm32f103xb.o(.text)
    TIM4_IRQHandler                          0x08000273   Thumb Code     0  startup_stm32f103xb.o(.text)
    USART1_IRQHandler                        0x08000273   Thumb Code     0  startup_stm32f103xb.o(.text)
    USART2_IRQHandler                        0x08000273   Thumb Code     0  startup_stm32f103xb.o(.text)
    USART3_IRQHandler                        0x08000273   Thumb Code     0  startup_stm32f103xb.o(.text)
    USBWakeUp_IRQHandler                     0x08000273   Thumb Code     0  startup_stm32f103xb.o(.text)
    USB_HP_CAN1_TX_IRQHandler                0x08000273   Thumb Code     0  startup_stm32f103xb.o(.text)
    USB_LP_CAN1_RX0_IRQHandler               0x08000273   Thumb Code     0  startup_stm32f103xb.o(.text)
    WWDG_IRQHandler                          0x08000273   Thumb Code     0  startup_stm32f103xb.o(.text)
    __user_initial_stackheap                 0x08000275   Thumb Code     0  startup_stm32f103xb.o(.text)
    __use_no_semihosting                     0x08000299   Thumb Code     2  use_no_semi_2.o(.text)
    __2printf                                0x0800029d   Thumb Code    20  noretval__2printf.o(.text)
    _printf_pre_padding                      0x080002b5   Thumb Code    44  _printf_pad.o(.text)
    _printf_post_padding                     0x080002e1   Thumb Code    34  _printf_pad.o(.text)
    _printf_str                              0x08000303   Thumb Code    82  _printf_str.o(.text)
    _printf_int_dec                          0x08000355   Thumb Code   104  _printf_dec.o(.text)
    _printf_longlong_hex                     0x080003cd   Thumb Code    78  _printf_hex_int_ptr.o(.text)
    _printf_int_hex                          0x0800041b   Thumb Code    26  _printf_hex_int_ptr.o(.text)
    _printf_hex_ptr                          0x08000435   Thumb Code    16  _printf_hex_int_ptr.o(.text)
    __printf                                 0x08000449   Thumb Code   388  __printf_flags_ss_wp.o(.text)
    __aeabi_memcpy                           0x080005d1   Thumb Code     0  rt_memcpy_v6.o(.text)
    __rt_memcpy                              0x080005d1   Thumb Code   138  rt_memcpy_v6.o(.text)
    _memcpy_lastbytes                        0x08000637   Thumb Code     0  rt_memcpy_v6.o(.text)
    __aeabi_memcpy4                          0x0800065b   Thumb Code     0  rt_memcpy_w.o(.text)
    __aeabi_memcpy8                          0x0800065b   Thumb Code     0  rt_memcpy_w.o(.text)
    __rt_memcpy_w                            0x0800065b   Thumb Code   100  rt_memcpy_w.o(.text)
    _memcpy_lastbytes_aligned                0x080006a3   Thumb Code     0  rt_memcpy_w.o(.text)
    __aeabi_memset                           0x080006bf   Thumb Code    16  aeabi_memset.o(.text)
    __aeabi_memclr4                          0x080006cf   Thumb Code     0  rt_memclr_w.o(.text)
    __aeabi_memclr8                          0x080006cf   Thumb Code     0  rt_memclr_w.o(.text)
    __rt_memclr_w                            0x080006cf   Thumb Code    78  rt_memclr_w.o(.text)
    _memset_w                                0x080006d3   Thumb Code     0  rt_memclr_w.o(.text)
    __use_two_region_memory                  0x0800071d   Thumb Code     2  heapauxi.o(.text)
    __rt_heap_escrow$2region                 0x0800071f   Thumb Code     2  heapauxi.o(.text)
    __rt_heap_expand$2region                 0x08000721   Thumb Code     2  heapauxi.o(.text)
    __I$use$semihosting                      0x08000723   Thumb Code     0  use_no_semi.o(.text)
    __use_no_semihosting_swi                 0x08000723   Thumb Code     2  use_no_semi.o(.text)
    __read_errno                             0x08000725   Thumb Code    10  _rserrno.o(.text)
    __set_errno                              0x0800072f   Thumb Code    12  _rserrno.o(.text)
    _printf_int_common                       0x0800073b   Thumb Code   178  _printf_intcommon.o(.text)
    __lib_sel_fp_printf                      0x080007ed   Thumb Code     2  _printf_fp_dec.o(.text)
    _printf_fp_dec_real                      0x0800099f   Thumb Code   620  _printf_fp_dec.o(.text)
    _printf_cs_common                        0x08000c0b   Thumb Code    20  _printf_char.o(.text)
    _printf_char                             0x08000c1f   Thumb Code    16  _printf_char.o(.text)
    _printf_string                           0x08000c2f   Thumb Code     8  _printf_char.o(.text)
    _printf_char_file                        0x08000c39   Thumb Code    32  _printf_char_file.o(.text)
    __aeabi_memclr                           0x08000c5d   Thumb Code     0  rt_memclr.o(.text)
    __rt_memclr                              0x08000c5d   Thumb Code    68  rt_memclr.o(.text)
    _memset                                  0x08000c61   Thumb Code     0  rt_memclr.o(.text)
    __rt_locale                              0x08000ca1   Thumb Code     8  rt_locale_intlibspace.o(.text)
    __aeabi_errno_addr                       0x08000ca9   Thumb Code     8  rt_errno_addr_intlibspace.o(.text)
    __errno$intlibspace                      0x08000ca9   Thumb Code     0  rt_errno_addr_intlibspace.o(.text)
    __rt_errno_addr$intlibspace              0x08000ca9   Thumb Code     0  rt_errno_addr_intlibspace.o(.text)
    _ll_udiv10                               0x08000cb1   Thumb Code   138  lludiv10.o(.text)
    _printf_char_common                      0x08000d47   Thumb Code    32  _printf_char_common.o(.text)
    _printf_fp_infnan                        0x08000d6d   Thumb Code   112  _printf_fp_infnan.o(.text)
    _btod_etento                             0x08000ded   Thumb Code   224  bigflt0.o(.text)
    ferror                                   0x08000ed1   Thumb Code     8  ferror.o(.text)
    __user_libspace                          0x08000ed9   Thumb Code     8  libspace.o(.text)
    __user_perproc_libspace                  0x08000ed9   Thumb Code     0  libspace.o(.text)
    __user_perthread_libspace                0x08000ed9   Thumb Code     0  libspace.o(.text)
    __user_setup_stackheap                   0x08000ee1   Thumb Code    74  sys_stackheap_outer.o(.text)
    exit                                     0x08000f2b   Thumb Code    18  exit.o(.text)
    strcmp                                   0x08000f3d   Thumb Code   128  strcmpv7m.o(.text)
    _btod_d2e                                0x08000fbd   Thumb Code    62  btod.o(CL$$btod_d2e)
    _d2e_denorm_low                          0x08000ffb   Thumb Code    70  btod.o(CL$$btod_d2e_denorm_low)
    _d2e_norm_op1                            0x08001041   Thumb Code    96  btod.o(CL$$btod_d2e_norm_op1)
    __btod_div_common                        0x080010a1   Thumb Code   696  btod.o(CL$$btod_div_common)
    _e2e                                     0x080013d9   Thumb Code   220  btod.o(CL$$btod_e2e)
    _btod_ediv                               0x080014b5   Thumb Code    42  btod.o(CL$$btod_ediv)
    _btod_emul                               0x080014df   Thumb Code    42  btod.o(CL$$btod_emul)
    __btod_mult_common                       0x08001509   Thumb Code   580  btod.o(CL$$btod_mult_common)
    APP_CAN_TryReceive                       0x0800174d   Thumb Code     4  app_can.o(i.APP_CAN_TryReceive)
    APP_Task_Create                          0x08001751   Thumb Code   376  app_tasks.o(i.APP_Task_Create)
    APP_Trigger_Fault_Task                   0x080019e5   Thumb Code    14  app_tasks.o(i.APP_Trigger_Fault_Task)
    AssistTask                               0x080019f9   Thumb Code   112  app_tasks.o(i.AssistTask)
    BQ76940_CalcSOC                          0x08001a75   Thumb Code   252  bsp_bq76940.o(i.BQ76940_CalcSOC)
    BQ76940_GetPresentCellCount              0x08001bc5   Thumb Code    30  bsp_bq76940.o(i.BQ76940_GetPresentCellCount)
    BQ76940_Init                             0x08001be5   Thumb Code   218  bsp_bq76940.o(i.BQ76940_Init)
    BQ76940_ReadCurrent                      0x08001cc9   Thumb Code    56  bsp_bq76940.o(i.BQ76940_ReadCurrent)
    BQ76940_ReadMosState                     0x08001d09   Thumb Code    54  bsp_bq76940.o(i.BQ76940_ReadMosState)
    BQ76940_ReadTemp                         0x08001d41   Thumb Code   156  bsp_bq76940.o(i.BQ76940_ReadTemp)
    BQ76940_ReadVoltage                      0x08001ded   Thumb Code   148  bsp_bq76940.o(i.BQ76940_ReadVoltage)
    BQ76940_SetBalanceMOS                    0x08001e89   Thumb Code    98  bsp_bq76940.o(i.BQ76940_SetBalanceMOS)
    BQ76940_SetChargeMOS                     0x08001ef1   Thumb Code    56  bsp_bq76940.o(i.BQ76940_SetChargeMOS)
    BQ76940_SetDischargeMOS                  0x08001f29   Thumb Code    56  bsp_bq76940.o(i.BQ76940_SetDischargeMOS)
    BSP_CAN_ConfigFilterAcceptAll            0x08002009   Thumb Code    64  bsp_can.o(i.BSP_CAN_ConfigFilterAcceptAll)
    BSP_CAN_SendExt                          0x0800204d   Thumb Code    18  bsp_can.o(i.BSP_CAN_SendExt)
    BSP_CAN_SendStd                          0x0800205f   Thumb Code    18  bsp_can.o(i.BSP_CAN_SendStd)
    BSP_CAN_TryReceive                       0x08002071   Thumb Code   116  bsp_can.o(i.BSP_CAN_TryReceive)
    BSP_I2C_IsDeviceReady                    0x080020e9   Thumb Code    24  bsp_i2c.o(i.BSP_I2C_IsDeviceReady)
    BSP_I2C_Read_Byte                        0x08002105   Thumb Code    46  bsp_i2c.o(i.BSP_I2C_Read_Byte)
    BSP_I2C_Write_Byte_PEC                   0x0800215d   Thumb Code    56  bsp_i2c.o(i.BSP_I2C_Write_Byte_PEC)
    BalanceTask                              0x08002199   Thumb Code   220  app_tasks.o(i.BalanceTask)
    BusFault_Handler                         0x08002289   Thumb Code     2  stm32f1xx_it.o(i.BusFault_Handler)
    CRC8_Update                              0x0800228b   Thumb Code    50  crc8.o(i.CRC8_Update)
    CanCommTask                              0x080022bd   Thumb Code   310  app_tasks.o(i.CanCommTask)
    ChargeControlTask                        0x08002489   Thumb Code   166  app_tasks.o(i.ChargeControlTask)
    DataCollectTask                          0x08002589   Thumb Code  1086  app_tasks.o(i.DataCollectTask)
    DebugMon_Handler                         0x080029c7   Thumb Code     2  stm32f1xx_it.o(i.DebugMon_Handler)
    Error_Handler                            0x080029c9   Thumb Code     4  main.o(i.Error_Handler)
    FaultProtectTask                         0x080029cd   Thumb Code   328  app_tasks.o(i.FaultProtectTask)
    HAL_CAN_AbortTxRequest                   0x08002b31   Thumb Code    70  stm32f1xx_hal_can.o(i.HAL_CAN_AbortTxRequest)
    HAL_CAN_AddTxMessage                     0x08002b77   Thumb Code   208  stm32f1xx_hal_can.o(i.HAL_CAN_AddTxMessage)
    HAL_CAN_ConfigFilter                     0x08002c49   Thumb Code   238  stm32f1xx_hal_can.o(i.HAL_CAN_ConfigFilter)
    HAL_CAN_GetError                         0x08002d37   Thumb Code     4  stm32f1xx_hal_can.o(i.HAL_CAN_GetError)
    HAL_CAN_GetRxFifoFillLevel               0x08002d3d   Thumb Code    34  stm32f1xx_hal_can.o(i.HAL_CAN_GetRxFifoFillLevel)
    HAL_CAN_GetRxMessage                     0x08002d5f   Thumb Code   244  stm32f1xx_hal_can.o(i.HAL_CAN_GetRxMessage)
    HAL_CAN_GetState                         0x08002e53   Thumb Code    36  stm32f1xx_hal_can.o(i.HAL_CAN_GetState)
    HAL_CAN_Init                             0x08002e77   Thumb Code   282  stm32f1xx_hal_can.o(i.HAL_CAN_Init)
    HAL_CAN_IsTxMessagePending               0x08002f91   Thumb Code    30  stm32f1xx_hal_can.o(i.HAL_CAN_IsTxMessagePending)
    HAL_CAN_MspInit                          0x08002fb1   Thumb Code    96  can.o(i.HAL_CAN_MspInit)
    HAL_CAN_Start                            0x0800301d   Thumb Code    88  stm32f1xx_hal_can.o(i.HAL_CAN_Start)
    HAL_Delay                                0x08003075   Thumb Code    32  stm32f1xx_hal.o(i.HAL_Delay)
    HAL_GPIO_Init                            0x08003099   Thumb Code   446  stm32f1xx_hal_gpio.o(i.HAL_GPIO_Init)
    HAL_GPIO_WritePin                        0x08003279   Thumb Code    10  stm32f1xx_hal_gpio.o(i.HAL_GPIO_WritePin)
    HAL_GetTick                              0x08003285   Thumb Code     6  stm32f1xx_hal.o(i.HAL_GetTick)
    HAL_I2C_Init                             0x08003291   Thumb Code   376  stm32f1xx_hal_i2c.o(i.HAL_I2C_Init)
    HAL_I2C_IsDeviceReady                    0x08003419   Thumb Code   354  stm32f1xx_hal_i2c.o(i.HAL_I2C_IsDeviceReady)
    HAL_I2C_Mem_Read                         0x08003585   Thumb Code   586  stm32f1xx_hal_i2c.o(i.HAL_I2C_Mem_Read)
    HAL_I2C_Mem_Write                        0x080037e1   Thumb Code   294  stm32f1xx_hal_i2c.o(i.HAL_I2C_Mem_Write)
    HAL_I2C_MspInit                          0x08003911   Thumb Code    96  i2c.o(i.HAL_I2C_MspInit)
    HAL_IWDG_Init                            0x08003981   Thumb Code    94  stm32f1xx_hal_iwdg.o(i.HAL_IWDG_Init)
    HAL_IWDG_Refresh                         0x080039df   Thumb Code    12  stm32f1xx_hal_iwdg.o(i.HAL_IWDG_Refresh)
    HAL_IncTick                              0x080039ed   Thumb Code    12  stm32f1xx_hal.o(i.HAL_IncTick)
    HAL_Init                                 0x080039fd   Thumb Code    32  stm32f1xx_hal.o(i.HAL_Init)
    HAL_InitTick                             0x08003a21   Thumb Code   134  stm32f1xx_hal_timebase_tim.o(i.HAL_InitTick)
    HAL_MspInit                              0x08003ab9   Thumb Code    62  stm32f1xx_hal_msp.o(i.HAL_MspInit)
    HAL_NVIC_EnableIRQ                       0x08003b01   Thumb Code    26  stm32f1xx_hal_cortex.o(i.HAL_NVIC_EnableIRQ)
    HAL_NVIC_SetPriority                     0x08003b1d   Thumb Code    60  stm32f1xx_hal_cortex.o(i.HAL_NVIC_SetPriority)
    HAL_NVIC_SetPriorityGrouping             0x08003b5d   Thumb Code    26  stm32f1xx_hal_cortex.o(i.HAL_NVIC_SetPriorityGrouping)
    HAL_RCC_ClockConfig                      0x08003b81   Thumb Code   280  stm32f1xx_hal_rcc.o(i.HAL_RCC_ClockConfig)
    HAL_RCC_GetClockConfig                   0x08003cad   Thumb Code    54  stm32f1xx_hal_rcc.o(i.HAL_RCC_GetClockConfig)
    HAL_RCC_GetPCLK1Freq                     0x08003ced   Thumb Code    20  stm32f1xx_hal_rcc.o(i.HAL_RCC_GetPCLK1Freq)
    HAL_RCC_GetPCLK2Freq                     0x08003d0d   Thumb Code    20  stm32f1xx_hal_rcc.o(i.HAL_RCC_GetPCLK2Freq)
    HAL_RCC_GetSysClockFreq                  0x08003d2d   Thumb Code    58  stm32f1xx_hal_rcc.o(i.HAL_RCC_GetSysClockFreq)
    HAL_RCC_OscConfig                        0x08003d79   Thumb Code   778  stm32f1xx_hal_rcc.o(i.HAL_RCC_OscConfig)
    HAL_TIMEx_BreakCallback                  0x08004099   Thumb Code     2  stm32f1xx_hal_tim_ex.o(i.HAL_TIMEx_BreakCallback)
    HAL_TIMEx_CommutCallback                 0x0800409b   Thumb Code     2  stm32f1xx_hal_tim_ex.o(i.HAL_TIMEx_CommutCallback)
    HAL_TIM_Base_Init                        0x0800409d   Thumb Code    90  stm32f1xx_hal_tim.o(i.HAL_TIM_Base_Init)
    HAL_TIM_Base_MspInit                     0x080040f7   Thumb Code     2  stm32f1xx_hal_tim.o(i.HAL_TIM_Base_MspInit)
    HAL_TIM_Base_Start_IT                    0x080040f9   Thumb Code    76  stm32f1xx_hal_tim.o(i.HAL_TIM_Base_Start_IT)
    HAL_TIM_IC_CaptureCallback               0x08004151   Thumb Code     2  stm32f1xx_hal_tim.o(i.HAL_TIM_IC_CaptureCallback)
    HAL_TIM_IRQHandler                       0x08004153   Thumb Code   304  stm32f1xx_hal_tim.o(i.HAL_TIM_IRQHandler)
    HAL_TIM_OC_DelayElapsedCallback          0x08004283   Thumb Code     2  stm32f1xx_hal_tim.o(i.HAL_TIM_OC_DelayElapsedCallback)
    HAL_TIM_PWM_PulseFinishedCallback        0x08004285   Thumb Code     2  stm32f1xx_hal_tim.o(i.HAL_TIM_PWM_PulseFinishedCallback)
    HAL_TIM_PeriodElapsedCallback            0x08004287   Thumb Code    14  main.o(i.HAL_TIM_PeriodElapsedCallback)
    HAL_TIM_TriggerCallback                  0x08004295   Thumb Code     2  stm32f1xx_hal_tim.o(i.HAL_TIM_TriggerCallback)
    HAL_UART_Init                            0x08004297   Thumb Code   100  stm32f1xx_hal_uart.o(i.HAL_UART_Init)
    HAL_UART_MspInit                         0x080042fd   Thumb Code   100  usart.o(i.HAL_UART_MspInit)
    HAL_UART_Transmit                        0x0800436d   Thumb Code   160  stm32f1xx_hal_uart.o(i.HAL_UART_Transmit)
    HardFault_Handler                        0x0800440d   Thumb Code     2  stm32f1xx_it.o(i.HardFault_Handler)
    MX_CAN_Init                              0x0800484d   Thumb Code    82  can.o(i.MX_CAN_Init)
    MX_FREERTOS_Init                         0x080048a9   Thumb Code    24  freertos.o(i.MX_FREERTOS_Init)
    MX_GPIO_Init                             0x080048cd   Thumb Code   104  gpio.o(i.MX_GPIO_Init)
    MX_I2C1_Init                             0x0800493d   Thumb Code    50  i2c.o(i.MX_I2C1_Init)
    MX_IWDG_Init                             0x0800497d   Thumb Code    36  iwdg.o(i.MX_IWDG_Init)
    MX_USART1_UART_Init                      0x080049a9   Thumb Code    48  usart.o(i.MX_USART1_UART_Init)
    MemManage_Handler                        0x080049e1   Thumb Code     2  stm32f1xx_it.o(i.MemManage_Handler)
    NMI_Handler                              0x080049e3   Thumb Code     2  stm32f1xx_it.o(i.NMI_Handler)
    SocCalcTask                              0x080049e5   Thumb Code    76  app_tasks.o(i.SocCalcTask)
    StartDefaultTask                         0x08004a71   Thumb Code     8  freertos.o(i.StartDefaultTask)
    SysTick_Handler                          0x08004a79   Thumb Code    26  cmsis_os2.o(i.SysTick_Handler)
    SystemClock_Config                       0x08004a93   Thumb Code   100  main.o(i.SystemClock_Config)
    SystemInit                               0x08004af7   Thumb Code     2  system_stm32f1xx.o(i.SystemInit)
    TIM2_IRQHandler                          0x08004af9   Thumb Code     6  stm32f1xx_it.o(i.TIM2_IRQHandler)
    TIM_Base_SetConfig                       0x08004b05   Thumb Code   108  stm32f1xx_hal_tim.o(i.TIM_Base_SetConfig)
    UsageFault_Handler                       0x08004cf7   Thumb Code     2  stm32f1xx_it.o(i.UsageFault_Handler)
    __ARM_fpclassify                         0x08004cf9   Thumb Code    40  fpclassify.o(i.__ARM_fpclassify)
    __mathlib_flt_divzero                    0x08004d41   Thumb Code    10  funder.o(i.__mathlib_flt_divzero)
    __mathlib_flt_infnan                     0x08004d4b   Thumb Code     6  funder.o(i.__mathlib_flt_infnan)
    __mathlib_flt_invalid                    0x08004d51   Thumb Code     8  funder.o(i.__mathlib_flt_invalid)
    _is_digit                                0x08004d59   Thumb Code    14  __printf_wp.o(i._is_digit)
    _sys_exit                                0x08004d67   Thumb Code     2  usart.o(i._sys_exit)
    fputc                                    0x08005069   Thumb Code    26  usart.o(i.fputc)
    __mathlib_logf                           0x0800508d   Thumb Code     0  logf.o(i.logf)
    logf                                     0x0800508d   Thumb Code   362  logf.o(i.logf)
    main                                     0x0800521d   Thumb Code    56  main.o(i.main)
    osDelay                                  0x08005261   Thumb Code    26  cmsis_os2.o(i.osDelay)
    osKernelGetTickCount                     0x0800527b   Thumb Code    14  cmsis_os2.o(i.osKernelGetTickCount)
    osKernelInitialize                       0x08005289   Thumb Code    32  cmsis_os2.o(i.osKernelInitialize)
    osKernelStart                            0x080052ad   Thumb Code    48  cmsis_os2.o(i.osKernelStart)
    osMessageQueueGet                        0x080052e5   Thumb Code    96  cmsis_os2.o(i.osMessageQueueGet)
    osMessageQueueNew                        0x08005349   Thumb Code    88  cmsis_os2.o(i.osMessageQueueNew)
    osMessageQueuePut                        0x080053a1   Thumb Code   100  cmsis_os2.o(i.osMessageQueuePut)
    osMutexAcquire                           0x08005409   Thumb Code    82  cmsis_os2.o(i.osMutexAcquire)
    osMutexNew                               0x0800545b   Thumb Code   104  cmsis_os2.o(i.osMutexNew)
    osMutexRelease                           0x080054c3   Thumb Code    66  cmsis_os2.o(i.osMutexRelease)
    osSemaphoreAcquire                       0x08005505   Thumb Code    88  cmsis_os2.o(i.osSemaphoreAcquire)
    osSemaphoreNew                           0x08005561   Thumb Code   152  cmsis_os2.o(i.osSemaphoreNew)
    osSemaphoreRelease                       0x080055f9   Thumb Code    82  cmsis_os2.o(i.osSemaphoreRelease)
    osThreadNew                              0x08005651   Thumb Code   138  cmsis_os2.o(i.osThreadNew)
    pvPortMalloc                             0x08005e9d   Thumb Code   216  heap_4.o(i.pvPortMalloc)
    pvTaskIncrementMutexHeldCount            0x08005f79   Thumb Code    18  tasks.o(i.pvTaskIncrementMutexHeldCount)
    pxPortInitialiseStack                    0x08005f91   Thumb Code    32  port.o(i.pxPortInitialiseStack)
    uxListRemove                             0x08005fb5   Thumb Code    38  list.o(i.uxListRemove)
    uxTaskGetStackHighWaterMark              0x08005fdd   Thumb Code    12  tasks.o(i.uxTaskGetStackHighWaterMark)
    vApplicationGetIdleTaskMemory            0x08005fed   Thumb Code    16  cmsis_os2.o(i.vApplicationGetIdleTaskMemory)
    vApplicationGetTimerTaskMemory           0x08006001   Thumb Code    18  cmsis_os2.o(i.vApplicationGetTimerTaskMemory)
    vListInitialise                          0x08006019   Thumb Code    22  list.o(i.vListInitialise)
    vListInitialiseItem                      0x0800602f   Thumb Code     6  list.o(i.vListInitialiseItem)
    vListInsert                              0x08006035   Thumb Code    48  list.o(i.vListInsert)
    vListInsertEnd                           0x08006065   Thumb Code    24  list.o(i.vListInsertEnd)
    vPortEnterCritical                       0x0800607d   Thumb Code    54  port.o(i.vPortEnterCritical)
    vPortExitCritical                        0x080060bd   Thumb Code    34  port.o(i.vPortExitCritical)
    vPortFree                                0x080060e5   Thumb Code    94  heap_4.o(i.vPortFree)
    vPortSetupTimerInterrupt                 0x08006149   Thumb Code    32  port.o(i.vPortSetupTimerInterrupt)
    vPortValidateInterruptPriority           0x0800616d   Thumb Code    74  port.o(i.vPortValidateInterruptPriority)
    vQueueAddToRegistry                      0x080061c1   Thumb Code    34  queue.o(i.vQueueAddToRegistry)
    vQueueDelete                             0x080061e9   Thumb Code    46  queue.o(i.vQueueDelete)
    vQueueUnregisterQueue                    0x08006219   Thumb Code    36  queue.o(i.vQueueUnregisterQueue)
    vQueueWaitForMessageRestricted           0x08006241   Thumb Code    68  queue.o(i.vQueueWaitForMessageRestricted)
    vTaskDelay                               0x08006285   Thumb Code    66  tasks.o(i.vTaskDelay)
    vTaskInternalSetTimeOutState             0x080062d1   Thumb Code    12  tasks.o(i.vTaskInternalSetTimeOutState)
    vTaskMissedYield                         0x080062e1   Thumb Code     8  tasks.o(i.vTaskMissedYield)
    vTaskPlaceOnEventList                    0x080062ed   Thumb Code    44  tasks.o(i.vTaskPlaceOnEventList)
    vTaskPlaceOnEventListRestricted          0x0800631d   Thumb Code    52  tasks.o(i.vTaskPlaceOnEventListRestricted)
    vTaskPriorityDisinheritAfterTimeout      0x08006355   Thumb Code   134  tasks.o(i.vTaskPriorityDisinheritAfterTimeout)
    vTaskStartScheduler                      0x080063e5   Thumb Code   118  tasks.o(i.vTaskStartScheduler)
    vTaskSuspendAll                          0x0800646d   Thumb Code    10  tasks.o(i.vTaskSuspendAll)
    vTaskSwitchContext                       0x0800647d   Thumb Code    90  tasks.o(i.vTaskSwitchContext)
    xPortStartScheduler                      0x080064e1   Thumb Code   154  port.o(i.xPortStartScheduler)
    xPortSysTickHandler                      0x08006589   Thumb Code    38  port.o(i.xPortSysTickHandler)
    xQueueCreateCountingSemaphore            0x080065b5   Thumb Code    58  queue.o(i.xQueueCreateCountingSemaphore)
    xQueueCreateCountingSemaphoreStatic      0x080065ef   Thumb Code    64  queue.o(i.xQueueCreateCountingSemaphoreStatic)
    xQueueCreateMutex                        0x0800662f   Thumb Code    22  queue.o(i.xQueueCreateMutex)
    xQueueCreateMutexStatic                  0x08006645   Thumb Code    26  queue.o(i.xQueueCreateMutexStatic)
    xQueueGenericCreate                      0x0800665f   Thumb Code    66  queue.o(i.xQueueGenericCreate)
    xQueueGenericCreateStatic                0x080066a1   Thumb Code   102  queue.o(i.xQueueGenericCreateStatic)
    xQueueGenericReset                       0x08006709   Thumb Code   132  queue.o(i.xQueueGenericReset)
    xQueueGenericSend                        0x08006791   Thumb Code   346  queue.o(i.xQueueGenericSend)
    xQueueGenericSendFromISR                 0x080068f1   Thumb Code   190  queue.o(i.xQueueGenericSendFromISR)
    xQueueGiveFromISR                        0x080069af   Thumb Code   156  queue.o(i.xQueueGiveFromISR)
    xQueueGiveMutexRecursive                 0x08006a4b   Thumb Code    62  queue.o(i.xQueueGiveMutexRecursive)
    xQueueReceive                            0x08006a89   Thumb Code   308  queue.o(i.xQueueReceive)
    xQueueReceiveFromISR                     0x08006bc1   Thumb Code   154  queue.o(i.xQueueReceiveFromISR)
    xQueueSemaphoreTake                      0x08006c5d   Thumb Code   372  queue.o(i.xQueueSemaphoreTake)
    xQueueTakeMutexRecursive                 0x08006dd5   Thumb Code    64  queue.o(i.xQueueTakeMutexRecursive)
    xTaskCheckForTimeOut                     0x08006e15   Thumb Code   112  tasks.o(i.xTaskCheckForTimeOut)
    xTaskCreate                              0x08006e89   Thumb Code    90  tasks.o(i.xTaskCreate)
    xTaskCreateStatic                        0x08006ee3   Thumb Code    86  tasks.o(i.xTaskCreateStatic)
    xTaskGetCurrentTaskHandle                0x08006f39   Thumb Code     6  tasks.o(i.xTaskGetCurrentTaskHandle)
    xTaskGetSchedulerState                   0x08006f45   Thumb Code    22  tasks.o(i.xTaskGetSchedulerState)
    xTaskGetTickCount                        0x08006f61   Thumb Code     6  tasks.o(i.xTaskGetTickCount)
    xTaskGetTickCountFromISR                 0x08006f6d   Thumb Code    12  tasks.o(i.xTaskGetTickCountFromISR)
    xTaskIncrementTick                       0x08006f7d   Thumb Code   192  tasks.o(i.xTaskIncrementTick)
    xTaskPriorityDisinherit                  0x08007045   Thumb Code   118  tasks.o(i.xTaskPriorityDisinherit)
    xTaskPriorityInherit                     0x080070c5   Thumb Code   112  tasks.o(i.xTaskPriorityInherit)
    xTaskRemoveFromEventList                 0x0800713d   Thumb Code    98  tasks.o(i.xTaskRemoveFromEventList)
    xTaskResumeAll                           0x080071ad   Thumb Code   182  tasks.o(i.xTaskResumeAll)
    xTimerCreateTimerTask                    0x08007271   Thumb Code    78  timers.o(i.xTimerCreateTimerTask)
    xTimerGenericCommand                     0x080072d1   Thumb Code    98  timers.o(i.xTimerGenericCommand)
    _get_lc_numeric                          0x08007339   Thumb Code    44  lc_numeric_c.o(locale$$code)
    __fpl_dretinf                            0x08007365   Thumb Code    12  dretinf.o(x$fpl$dretinf)
    __aeabi_f2d                              0x08007371   Thumb Code     0  f2d.o(x$fpl$f2d)
    _f2d                                     0x08007371   Thumb Code    86  f2d.o(x$fpl$f2d)
    __aeabi_fadd                             0x080073c9   Thumb Code     0  faddsub_clz.o(x$fpl$fadd)
    _fadd                                    0x080073c9   Thumb Code   196  faddsub_clz.o(x$fpl$fadd)
    __fpl_fcheck_NaN1                        0x0800748d   Thumb Code     6  fcheck1.o(x$fpl$fcheck1)
    __fpl_fcmp_Inf                           0x08007499   Thumb Code    24  fcmpi.o(x$fpl$fcmpinf)
    __aeabi_fdiv                             0x080074b1   Thumb Code     0  fdiv.o(x$fpl$fdiv)
    _fdiv                                    0x080074b1   Thumb Code   384  fdiv.o(x$fpl$fdiv)
    __aeabi_f2iz                             0x08007635   Thumb Code     0  ffix.o(x$fpl$ffix)
    _ffix                                    0x08007635   Thumb Code    54  ffix.o(x$fpl$ffix)
    __aeabi_f2uiz                            0x0800766d   Thumb Code     0  ffixu.o(x$fpl$ffixu)
    _ffixu                                   0x0800766d   Thumb Code    62  ffixu.o(x$fpl$ffixu)
    __aeabi_i2f                              0x080076ad   Thumb Code     0  fflt_clz.o(x$fpl$fflt)
    _fflt                                    0x080076ad   Thumb Code    48  fflt_clz.o(x$fpl$fflt)
    __aeabi_ui2f                             0x080076dd   Thumb Code     0  fflt_clz.o(x$fpl$ffltu)
    _ffltu                                   0x080076dd   Thumb Code    38  fflt_clz.o(x$fpl$ffltu)
    __aeabi_cfcmple                          0x08007705   Thumb Code     0  fleqf.o(x$fpl$fleqf)
    _fcmple                                  0x08007705   Thumb Code   104  fleqf.o(x$fpl$fleqf)
    __fpl_fcmple_InfNaN                      0x08007757   Thumb Code     0  fleqf.o(x$fpl$fleqf)
    __aeabi_fmul                             0x0800776d   Thumb Code     0  fmul.o(x$fpl$fmul)
    _fmul                                    0x0800776d   Thumb Code   258  fmul.o(x$fpl$fmul)
    __fpl_fnaninf                            0x0800786f   Thumb Code   140  fnaninf.o(x$fpl$fnaninf)
    __fpl_fretinf                            0x080078fb   Thumb Code    10  fretinf.o(x$fpl$fretinf)
    __aeabi_cfrcmple                         0x08007905   Thumb Code     0  frleqf.o(x$fpl$frleqf)
    _frcmple                                 0x08007905   Thumb Code    98  frleqf.o(x$fpl$frleqf)
    __aeabi_fsub                             0x08007969   Thumb Code     0  faddsub_clz.o(x$fpl$fsub)
    _fsub                                    0x08007969   Thumb Code   234  faddsub_clz.o(x$fpl$fsub)
    _printf_fp_dec                           0x08007a53   Thumb Code     4  printf1.o(x$fpl$printf1)
    __fpl_return_NaN                         0x08007a57   Thumb Code   100  retnan.o(x$fpl$retnan)
    __ARM_scalbnf                            0x08007abb   Thumb Code    76  scalbnf.o(x$fpl$scalbnf)
    __fpl_cmpreturn                          0x08007b07   Thumb Code    48  trapv.o(x$fpl$trapveneer)
    __I$use$fp                               0x08007b36   Number         0  usenofp.o(x$fpl$usenofp)
    defaultTask_attributes                   0x08007b38   Data          36  freertos.o(.constdata)
    AHBPrescTable                            0x08007b6e   Data          16  system_stm32f1xx.o(.constdata)
    APBPrescTable                            0x08007b7e   Data           8  system_stm32f1xx.o(.constdata)
    Region$$Table$$Base                      0x080081e4   Number         0  anon$$obj.o(Region$$Table)
    Region$$Table$$Limit                     0x08008204   Number         0  anon$$obj.o(Region$$Table)
    defaultTaskHandle                        0x20000004   Data           4  freertos.o(.data)
    g_uart_log_enable                        0x20000008   Data           1  usart.o(.data)
    __stdout                                 0x2000000c   Data           4  usart.o(.data)
    uwTickFreq                               0x20000010   Data           1  stm32f1xx_hal.o(.data)
    uwTickPrio                               0x20000014   Data           4  stm32f1xx_hal.o(.data)
    uwTick                                   0x20000018   Data           4  stm32f1xx_hal.o(.data)
    SystemCoreClock                          0x2000001c   Data           4  system_stm32f1xx.o(.data)
    pxCurrentTCB                             0x20000020   Data           4  tasks.o(.data)
    g_sem_fault_trigger                      0x200000ac   Data           4  app_tasks.o(.data)
    g_mutex_data                             0x200000b0   Data           4  app_tasks.o(.data)
    g_mutex_i2c                              0x200000b4   Data           4  app_tasks.o(.data)
    g_queue_can_tx                           0x200000b8   Data           4  app_tasks.o(.data)
    g_queue_alarm                            0x200000bc   Data           4  app_tasks.o(.data)
    hcan                                     0x200000dc   Data          40  can.o(.bss)
    hi2c1                                    0x20000104   Data          84  i2c.o(.bss)
    hiwdg                                    0x20000158   Data          12  iwdg.o(.bss)
    huart1                                   0x20000164   Data          72  usart.o(.bss)
    htim2                                    0x200001ac   Data          72  stm32f1xx_hal_timebase_tim.o(.bss)
    xQueueRegistry                           0x200001f4   Data          64  queue.o(.bss)
    bms_data                                 0x20003ec8   Data          76  app_tasks.o(.bss)
    __libspace_start                         0x20003f14   Data          96  libspace.o(.bss)
    __temporary_stack_top$libspace           0x20003f74   Data           0  libspace.o(.bss)



==============================================================================

Memory Map of the image

  Image Entry point : 0x080000ed

  Load Region LR_IROM1 (Base: 0x08000000, Size: 0x000082fc, Max: 0x00010000, ABSOLUTE)

    Execution Region ER_IROM1 (Exec base: 0x08000000, Load base: 0x08000000, Size: 0x00008220, Max: 0x00010000, ABSOLUTE)

    Exec Addr    Load Addr    Size         Type   Attr      Idx    E Section Name        Object

    0x08000000   0x08000000   0x000000ec   Data   RO            3    RESET               startup_stm32f103xb.o
    0x080000ec   0x080000ec   0x00000008   Code   RO         5982  * !!!main             c_w.l(__main.o)
    0x080000f4   0x080000f4   0x00000034   Code   RO         6283    !!!scatter          c_w.l(__scatter.o)
    0x08000128   0x08000128   0x0000001a   Code   RO         6285    !!handler_copy      c_w.l(__scatter_copy.o)
    0x08000142   0x08000142   0x00000002   PAD
    0x08000144   0x08000144   0x0000001c   Code   RO         6287    !!handler_zi        c_w.l(__scatter_zi.o)
    0x08000160   0x08000160   0x00000000   Code   RO         5969    .ARM.Collect$$_printf_percent$$00000000  c_w.l(_printf_percent.o)
    0x08000160   0x08000160   0x00000006   Code   RO         5965    .ARM.Collect$$_printf_percent$$00000002  c_w.l(_printf_p.o)
    0x08000166   0x08000166   0x00000006   Code   RO         5968    .ARM.Collect$$_printf_percent$$00000003  c_w.l(_printf_f.o)
    0x0800016c   0x0800016c   0x00000006   Code   RO         5966    .ARM.Collect$$_printf_percent$$00000009  c_w.l(_printf_d.o)
    0x08000172   0x08000172   0x00000006   Code   RO         5967    .ARM.Collect$$_printf_percent$$0000000A  c_w.l(_printf_u.o)
    0x08000178   0x08000178   0x00000006   Code   RO         5964    .ARM.Collect$$_printf_percent$$0000000C  c_w.l(_printf_x.o)
    0x0800017e   0x0800017e   0x00000006   Code   RO         5963    .ARM.Collect$$_printf_percent$$00000014  c_w.l(_printf_s.o)
    0x08000184   0x08000184   0x00000004   Code   RO         6041    .ARM.Collect$$_printf_percent$$00000017  c_w.l(_printf_percent_end.o)
    0x08000188   0x08000188   0x00000002   Code   RO         6154    .ARM.Collect$$libinit$$00000000  c_w.l(libinit.o)
    0x0800018a   0x0800018a   0x00000000   Code   RO         6156    .ARM.Collect$$libinit$$00000002  c_w.l(libinit2.o)
    0x0800018a   0x0800018a   0x00000000   Code   RO         6158    .ARM.Collect$$libinit$$00000004  c_w.l(libinit2.o)
    0x0800018a   0x0800018a   0x00000000   Code   RO         6161    .ARM.Collect$$libinit$$0000000A  c_w.l(libinit2.o)
    0x0800018a   0x0800018a   0x00000000   Code   RO         6163    .ARM.Collect$$libinit$$0000000C  c_w.l(libinit2.o)
    0x0800018a   0x0800018a   0x00000000   Code   RO         6165    .ARM.Collect$$libinit$$0000000E  c_w.l(libinit2.o)
    0x0800018a   0x0800018a   0x00000006   Code   RO         6166    .ARM.Collect$$libinit$$0000000F  c_w.l(libinit2.o)
    0x08000190   0x08000190   0x00000000   Code   RO         6168    .ARM.Collect$$libinit$$00000011  c_w.l(libinit2.o)
    0x08000190   0x08000190   0x00000000   Code   RO         6170    .ARM.Collect$$libinit$$00000013  c_w.l(libinit2.o)
    0x08000190   0x08000190   0x00000000   Code   RO         6172    .ARM.Collect$$libinit$$00000015  c_w.l(libinit2.o)
    0x08000190   0x08000190   0x0000000a   Code   RO         6173    .ARM.Collect$$libinit$$00000016  c_w.l(libinit2.o)
    0x0800019a   0x0800019a   0x00000000   Code   RO         6174    .ARM.Collect$$libinit$$00000017  c_w.l(libinit2.o)
    0x0800019a   0x0800019a   0x00000000   Code   RO         6176    .ARM.Collect$$libinit$$00000019  c_w.l(libinit2.o)
    0x0800019a   0x0800019a   0x00000000   Code   RO         6178    .ARM.Collect$$libinit$$0000001B  c_w.l(libinit2.o)
    0x0800019a   0x0800019a   0x00000000   Code   RO         6180    .ARM.Collect$$libinit$$0000001D  c_w.l(libinit2.o)
    0x0800019a   0x0800019a   0x00000000   Code   RO         6182    .ARM.Collect$$libinit$$0000001F  c_w.l(libinit2.o)
    0x0800019a   0x0800019a   0x00000000   Code   RO         6184    .ARM.Collect$$libinit$$00000021  c_w.l(libinit2.o)
    0x0800019a   0x0800019a   0x00000000   Code   RO         6186    .ARM.Collect$$libinit$$00000023  c_w.l(libinit2.o)
    0x0800019a   0x0800019a   0x00000000   Code   RO         6188    .ARM.Collect$$libinit$$00000025  c_w.l(libinit2.o)
    0x0800019a   0x0800019a   0x00000000   Code   RO         6192    .ARM.Collect$$libinit$$0000002C  c_w.l(libinit2.o)
    0x0800019a   0x0800019a   0x00000000   Code   RO         6194    .ARM.Collect$$libinit$$0000002E  c_w.l(libinit2.o)
    0x0800019a   0x0800019a   0x00000000   Code   RO         6196    .ARM.Collect$$libinit$$00000030  c_w.l(libinit2.o)
    0x0800019a   0x0800019a   0x00000000   Code   RO         6198    .ARM.Collect$$libinit$$00000032  c_w.l(libinit2.o)
    0x0800019a   0x0800019a   0x00000002   Code   RO         6199    .ARM.Collect$$libinit$$00000033  c_w.l(libinit2.o)
    0x0800019c   0x0800019c   0x00000002   Code   RO         6231    .ARM.Collect$$libshutdown$$00000000  c_w.l(libshutdown.o)
    0x0800019e   0x0800019e   0x00000000   Code   RO         6240    .ARM.Collect$$libshutdown$$00000002  c_w.l(libshutdown2.o)
    0x0800019e   0x0800019e   0x00000000   Code   RO         6242    .ARM.Collect$$libshutdown$$00000004  c_w.l(libshutdown2.o)
    0x0800019e   0x0800019e   0x00000000   Code   RO         6244    .ARM.Collect$$libshutdown$$00000006  c_w.l(libshutdown2.o)
    0x0800019e   0x0800019e   0x00000000   Code   RO         6247    .ARM.Collect$$libshutdown$$00000009  c_w.l(libshutdown2.o)
    0x0800019e   0x0800019e   0x00000000   Code   RO         6250    .ARM.Collect$$libshutdown$$0000000C  c_w.l(libshutdown2.o)
    0x0800019e   0x0800019e   0x00000000   Code   RO         6252    .ARM.Collect$$libshutdown$$0000000E  c_w.l(libshutdown2.o)
    0x0800019e   0x0800019e   0x00000000   Code   RO         6255    .ARM.Collect$$libshutdown$$00000011  c_w.l(libshutdown2.o)
    0x0800019e   0x0800019e   0x00000002   Code   RO         6256    .ARM.Collect$$libshutdown$$00000012  c_w.l(libshutdown2.o)
    0x080001a0   0x080001a0   0x00000000   Code   RO         6030    .ARM.Collect$$rtentry$$00000000  c_w.l(__rtentry.o)
    0x080001a0   0x080001a0   0x00000000   Code   RO         6070    .ARM.Collect$$rtentry$$00000002  c_w.l(__rtentry2.o)
    0x080001a0   0x080001a0   0x00000006   Code   RO         6082    .ARM.Collect$$rtentry$$00000004  c_w.l(__rtentry4.o)
    0x080001a6   0x080001a6   0x00000000   Code   RO         6072    .ARM.Collect$$rtentry$$00000009  c_w.l(__rtentry2.o)
    0x080001a6   0x080001a6   0x00000004   Code   RO         6073    .ARM.Collect$$rtentry$$0000000A  c_w.l(__rtentry2.o)
    0x080001aa   0x080001aa   0x00000000   Code   RO         6075    .ARM.Collect$$rtentry$$0000000C  c_w.l(__rtentry2.o)
    0x080001aa   0x080001aa   0x00000008   Code   RO         6076    .ARM.Collect$$rtentry$$0000000D  c_w.l(__rtentry2.o)
    0x080001b2   0x080001b2   0x00000002   Code   RO         6202    .ARM.Collect$$rtexit$$00000000  c_w.l(rtexit.o)
    0x080001b4   0x080001b4   0x00000000   Code   RO         6211    .ARM.Collect$$rtexit$$00000002  c_w.l(rtexit2.o)
    0x080001b4   0x080001b4   0x00000004   Code   RO         6212    .ARM.Collect$$rtexit$$00000003  c_w.l(rtexit2.o)
    0x080001b8   0x080001b8   0x00000006   Code   RO         6213    .ARM.Collect$$rtexit$$00000004  c_w.l(rtexit2.o)
    0x080001be   0x080001be   0x00000002   PAD
    0x080001c0   0x080001c0   0x00000096   Code   RO         5371    .emb_text           port.o
    0x08000256   0x08000256   0x00000002   PAD
    0x08000258   0x08000258   0x00000040   Code   RO            4    .text               startup_stm32f103xb.o
    0x08000298   0x08000298   0x00000002   Code   RO         5906    .text               c_w.l(use_no_semi_2.o)
    0x0800029a   0x0800029a   0x00000002   PAD
    0x0800029c   0x0800029c   0x00000018   Code   RO         5912    .text               c_w.l(noretval__2printf.o)
    0x080002b4   0x080002b4   0x0000004e   Code   RO         5916    .text               c_w.l(_printf_pad.o)
    0x08000302   0x08000302   0x00000052   Code   RO         5918    .text               c_w.l(_printf_str.o)
    0x08000354   0x08000354   0x00000078   Code   RO         5920    .text               c_w.l(_printf_dec.o)
    0x080003cc   0x080003cc   0x0000007c   Code   RO         5934    .text               c_w.l(_printf_hex_int_ptr.o)
    0x08000448   0x08000448   0x00000188   Code   RO         5960    .text               c_w.l(__printf_flags_ss_wp.o)
    0x080005d0   0x080005d0   0x0000008a   Code   RO         5970    .text               c_w.l(rt_memcpy_v6.o)
    0x0800065a   0x0800065a   0x00000064   Code   RO         5972    .text               c_w.l(rt_memcpy_w.o)
    0x080006be   0x080006be   0x00000010   Code   RO         5976    .text               c_w.l(aeabi_memset.o)
    0x080006ce   0x080006ce   0x0000004e   Code   RO         5978    .text               c_w.l(rt_memclr_w.o)
    0x0800071c   0x0800071c   0x00000006   Code   RO         5980    .text               c_w.l(heapauxi.o)
    0x08000722   0x08000722   0x00000002   Code   RO         6028    .text               c_w.l(use_no_semi.o)
    0x08000724   0x08000724   0x00000016   Code   RO         6031    .text               c_w.l(_rserrno.o)
    0x0800073a   0x0800073a   0x000000b2   Code   RO         6033    .text               c_w.l(_printf_intcommon.o)
    0x080007ec   0x080007ec   0x0000041e   Code   RO         6035    .text               c_w.l(_printf_fp_dec.o)
    0x08000c0a   0x08000c0a   0x0000002c   Code   RO         6037    .text               c_w.l(_printf_char.o)
    0x08000c36   0x08000c36   0x00000002   PAD
    0x08000c38   0x08000c38   0x00000024   Code   RO         6039    .text               c_w.l(_printf_char_file.o)
    0x08000c5c   0x08000c5c   0x00000044   Code   RO         6042    .text               c_w.l(rt_memclr.o)
    0x08000ca0   0x08000ca0   0x00000008   Code   RO         6087    .text               c_w.l(rt_locale_intlibspace.o)
    0x08000ca8   0x08000ca8   0x00000008   Code   RO         6092    .text               c_w.l(rt_errno_addr_intlibspace.o)
    0x08000cb0   0x08000cb0   0x0000008a   Code   RO         6094    .text               c_w.l(lludiv10.o)
    0x08000d3a   0x08000d3a   0x00000002   PAD
    0x08000d3c   0x08000d3c   0x00000030   Code   RO         6096    .text               c_w.l(_printf_char_common.o)
    0x08000d6c   0x08000d6c   0x00000080   Code   RO         6098    .text               c_w.l(_printf_fp_infnan.o)
    0x08000dec   0x08000dec   0x000000e4   Code   RO         6100    .text               c_w.l(bigflt0.o)
    0x08000ed0   0x08000ed0   0x00000008   Code   RO         6125    .text               c_w.l(ferror.o)
    0x08000ed8   0x08000ed8   0x00000008   Code   RO         6138    .text               c_w.l(libspace.o)
    0x08000ee0   0x08000ee0   0x0000004a   Code   RO         6141    .text               c_w.l(sys_stackheap_outer.o)
    0x08000f2a   0x08000f2a   0x00000012   Code   RO         6145    .text               c_w.l(exit.o)
    0x08000f3c   0x08000f3c   0x00000080   Code   RO         6147    .text               c_w.l(strcmpv7m.o)
    0x08000fbc   0x08000fbc   0x0000003e   Code   RO         6103    CL$$btod_d2e        c_w.l(btod.o)
    0x08000ffa   0x08000ffa   0x00000046   Code   RO         6105    CL$$btod_d2e_denorm_low  c_w.l(btod.o)
    0x08001040   0x08001040   0x00000060   Code   RO         6104    CL$$btod_d2e_norm_op1  c_w.l(btod.o)
    0x080010a0   0x080010a0   0x00000338   Code   RO         6113    CL$$btod_div_common  c_w.l(btod.o)
    0x080013d8   0x080013d8   0x000000dc   Code   RO         6110    CL$$btod_e2e        c_w.l(btod.o)
    0x080014b4   0x080014b4   0x0000002a   Code   RO         6107    CL$$btod_ediv       c_w.l(btod.o)
    0x080014de   0x080014de   0x0000002a   Code   RO         6106    CL$$btod_emul       c_w.l(btod.o)
    0x08001508   0x08001508   0x00000244   Code   RO         6112    CL$$btod_mult_common  c_w.l(btod.o)
    0x0800174c   0x0800174c   0x00000004   Code   RO         5820    i.APP_CAN_TryReceive  app_can.o
    0x08001750   0x08001750   0x00000294   Code   RO         5715    i.APP_Task_Create   app_tasks.o
    0x080019e4   0x080019e4   0x00000014   Code   RO         5716    i.APP_Trigger_Fault_Task  app_tasks.o
    0x080019f8   0x080019f8   0x0000007c   Code   RO         5717    i.AssistTask        app_tasks.o
    0x08001a74   0x08001a74   0x00000150   Code   RO         5601    i.BQ76940_CalcSOC   bsp_bq76940.o
    0x08001bc4   0x08001bc4   0x0000001e   Code   RO         5603    i.BQ76940_GetPresentCellCount  bsp_bq76940.o
    0x08001be2   0x08001be2   0x00000002   PAD
    0x08001be4   0x08001be4   0x000000e4   Code   RO         5604    i.BQ76940_Init      bsp_bq76940.o
    0x08001cc8   0x08001cc8   0x00000040   Code   RO         5605    i.BQ76940_ReadCurrent  bsp_bq76940.o
    0x08001d08   0x08001d08   0x00000036   Code   RO         5607    i.BQ76940_ReadMosState  bsp_bq76940.o
    0x08001d3e   0x08001d3e   0x00000002   PAD
    0x08001d40   0x08001d40   0x000000ac   Code   RO         5608    i.BQ76940_ReadTemp  bsp_bq76940.o
    0x08001dec   0x08001dec   0x0000009c   Code   RO         5609    i.BQ76940_ReadVoltage  bsp_bq76940.o
    0x08001e88   0x08001e88   0x00000068   Code   RO         5610    i.BQ76940_SetBalanceMOS  bsp_bq76940.o
    0x08001ef0   0x08001ef0   0x00000038   Code   RO         5611    i.BQ76940_SetChargeMOS  bsp_bq76940.o
    0x08001f28   0x08001f28   0x00000038   Code   RO         5612    i.BQ76940_SetDischargeMOS  bsp_bq76940.o
    0x08001f60   0x08001f60   0x000000a8   Code   RO           13    i.BQ76940_Test_Init  main.o
    0x08002008   0x08002008   0x00000044   Code   RO         5451    i.BSP_CAN_ConfigFilterAcceptAll  bsp_can.o
    0x0800204c   0x0800204c   0x00000012   Code   RO         5452    i.BSP_CAN_SendExt   bsp_can.o
    0x0800205e   0x0800205e   0x00000012   Code   RO         5453    i.BSP_CAN_SendStd   bsp_can.o
    0x08002070   0x08002070   0x00000078   Code   RO         5454    i.BSP_CAN_TryReceive  bsp_can.o
    0x080020e8   0x080020e8   0x0000001c   Code   RO         5513    i.BSP_I2C_IsDeviceReady  bsp_i2c.o
    0x08002104   0x08002104   0x00000058   Code   RO         5516    i.BSP_I2C_Read_Byte  bsp_i2c.o
    0x0800215c   0x0800215c   0x0000003c   Code   RO         5521    i.BSP_I2C_Write_Byte_PEC  bsp_i2c.o
    0x08002198   0x08002198   0x000000f0   Code   RO         5718    i.BalanceTask       app_tasks.o
    0x08002288   0x08002288   0x00000002   Code   RO          478    i.BusFault_Handler  stm32f1xx_it.o
    0x0800228a   0x0800228a   0x00000032   Code   RO         5874    i.CRC8_Update       crc8.o
    0x080022bc   0x080022bc   0x000001cc   Code   RO         5719    i.CanCommTask       app_tasks.o
    0x08002488   0x08002488   0x00000100   Code   RO         5720    i.ChargeControlTask  app_tasks.o
    0x08002588   0x08002588   0x0000043e   Code   RO         5721    i.DataCollectTask   app_tasks.o
    0x080029c6   0x080029c6   0x00000002   Code   RO          479    i.DebugMon_Handler  stm32f1xx_it.o
    0x080029c8   0x080029c8   0x00000004   Code   RO           14    i.Error_Handler     main.o
    0x080029cc   0x080029cc   0x00000164   Code   RO         5722    i.FaultProtectTask  app_tasks.o
    0x08002b30   0x08002b30   0x00000046   Code   RO         1614    i.HAL_CAN_AbortTxRequest  stm32f1xx_hal_can.o
    0x08002b76   0x08002b76   0x000000d0   Code   RO         1616    i.HAL_CAN_AddTxMessage  stm32f1xx_hal_can.o
    0x08002c46   0x08002c46   0x00000002   PAD
    0x08002c48   0x08002c48   0x000000ee   Code   RO         1617    i.HAL_CAN_ConfigFilter  stm32f1xx_hal_can.o
    0x08002d36   0x08002d36   0x00000004   Code   RO         1621    i.HAL_CAN_GetError  stm32f1xx_hal_can.o
    0x08002d3a   0x08002d3a   0x00000002   PAD
    0x08002d3c   0x08002d3c   0x00000022   Code   RO         1622    i.HAL_CAN_GetRxFifoFillLevel  stm32f1xx_hal_can.o
    0x08002d5e   0x08002d5e   0x000000f4   Code   RO         1623    i.HAL_CAN_GetRxMessage  stm32f1xx_hal_can.o
    0x08002e52   0x08002e52   0x00000024   Code   RO         1624    i.HAL_CAN_GetState  stm32f1xx_hal_can.o
    0x08002e76   0x08002e76   0x0000011a   Code   RO         1628    i.HAL_CAN_Init      stm32f1xx_hal_can.o
    0x08002f90   0x08002f90   0x0000001e   Code   RO         1630    i.HAL_CAN_IsTxMessagePending  stm32f1xx_hal_can.o
    0x08002fae   0x08002fae   0x00000002   PAD
    0x08002fb0   0x08002fb0   0x0000006c   Code   RO          299    i.HAL_CAN_MspInit   can.o
    0x0800301c   0x0800301c   0x00000058   Code   RO         1640    i.HAL_CAN_Start     stm32f1xx_hal_can.o
    0x08003074   0x08003074   0x00000024   Code   RO         1855    i.HAL_Delay         stm32f1xx_hal.o
    0x08003098   0x08003098   0x000001e0   Code   RO         2165    i.HAL_GPIO_Init     stm32f1xx_hal_gpio.o
    0x08003278   0x08003278   0x0000000a   Code   RO         2169    i.HAL_GPIO_WritePin  stm32f1xx_hal_gpio.o
    0x08003282   0x08003282   0x00000002   PAD
    0x08003284   0x08003284   0x0000000c   Code   RO         1859    i.HAL_GetTick       stm32f1xx_hal.o
    0x08003290   0x08003290   0x00000188   Code   RO         2836    i.HAL_I2C_Init      stm32f1xx_hal_i2c.o
    0x08003418   0x08003418   0x0000016c   Code   RO         2837    i.HAL_I2C_IsDeviceReady  stm32f1xx_hal_i2c.o
    0x08003584   0x08003584   0x0000025c   Code   RO         2854    i.HAL_I2C_Mem_Read  stm32f1xx_hal_i2c.o
    0x080037e0   0x080037e0   0x00000130   Code   RO         2857    i.HAL_I2C_Mem_Write  stm32f1xx_hal_i2c.o
    0x08003910   0x08003910   0x00000070   Code   RO          341    i.HAL_I2C_MspInit   i2c.o
    0x08003980   0x08003980   0x0000005e   Code   RO         3262    i.HAL_IWDG_Init     stm32f1xx_hal_iwdg.o
    0x080039de   0x080039de   0x0000000c   Code   RO         3263    i.HAL_IWDG_Refresh  stm32f1xx_hal_iwdg.o
    0x080039ea   0x080039ea   0x00000002   PAD
    0x080039ec   0x080039ec   0x00000010   Code   RO         1865    i.HAL_IncTick       stm32f1xx_hal.o
    0x080039fc   0x080039fc   0x00000024   Code   RO         1866    i.HAL_Init          stm32f1xx_hal.o
    0x08003a20   0x08003a20   0x00000098   Code   RO          566    i.HAL_InitTick      stm32f1xx_hal_timebase_tim.o
    0x08003ab8   0x08003ab8   0x00000048   Code   RO          542    i.HAL_MspInit       stm32f1xx_hal_msp.o
    0x08003b00   0x08003b00   0x0000001a   Code   RO         2325    i.HAL_NVIC_EnableIRQ  stm32f1xx_hal_cortex.o
    0x08003b1a   0x08003b1a   0x00000002   PAD
    0x08003b1c   0x08003b1c   0x00000040   Code   RO         2331    i.HAL_NVIC_SetPriority  stm32f1xx_hal_cortex.o
    0x08003b5c   0x08003b5c   0x00000024   Code   RO         2332    i.HAL_NVIC_SetPriorityGrouping  stm32f1xx_hal_cortex.o
    0x08003b80   0x08003b80   0x0000012c   Code   RO         2023    i.HAL_RCC_ClockConfig  stm32f1xx_hal_rcc.o
    0x08003cac   0x08003cac   0x00000040   Code   RO         2027    i.HAL_RCC_GetClockConfig  stm32f1xx_hal_rcc.o
    0x08003cec   0x08003cec   0x00000020   Code   RO         2030    i.HAL_RCC_GetPCLK1Freq  stm32f1xx_hal_rcc.o
    0x08003d0c   0x08003d0c   0x00000020   Code   RO         2031    i.HAL_RCC_GetPCLK2Freq  stm32f1xx_hal_rcc.o
    0x08003d2c   0x08003d2c   0x0000004c   Code   RO         2032    i.HAL_RCC_GetSysClockFreq  stm32f1xx_hal_rcc.o
    0x08003d78   0x08003d78   0x00000320   Code   RO         2035    i.HAL_RCC_OscConfig  stm32f1xx_hal_rcc.o
    0x08004098   0x08004098   0x00000002   Code   RO         1347    i.HAL_TIMEx_BreakCallback  stm32f1xx_hal_tim_ex.o
    0x0800409a   0x0800409a   0x00000002   Code   RO         1348    i.HAL_TIMEx_CommutCallback  stm32f1xx_hal_tim_ex.o
    0x0800409c   0x0800409c   0x0000005a   Code   RO          643    i.HAL_TIM_Base_Init  stm32f1xx_hal_tim.o
    0x080040f6   0x080040f6   0x00000002   Code   RO          645    i.HAL_TIM_Base_MspInit  stm32f1xx_hal_tim.o
    0x080040f8   0x080040f8   0x00000058   Code   RO          648    i.HAL_TIM_Base_Start_IT  stm32f1xx_hal_tim.o
    0x08004150   0x08004150   0x00000002   Code   RO          677    i.HAL_TIM_IC_CaptureCallback  stm32f1xx_hal_tim.o
    0x08004152   0x08004152   0x00000130   Code   RO          691    i.HAL_TIM_IRQHandler  stm32f1xx_hal_tim.o
    0x08004282   0x08004282   0x00000002   Code   RO          694    i.HAL_TIM_OC_DelayElapsedCallback  stm32f1xx_hal_tim.o
    0x08004284   0x08004284   0x00000002   Code   RO          721    i.HAL_TIM_PWM_PulseFinishedCallback  stm32f1xx_hal_tim.o
    0x08004286   0x08004286   0x0000000e   Code   RO           15    i.HAL_TIM_PeriodElapsedCallback  main.o
    0x08004294   0x08004294   0x00000002   Code   RO          734    i.HAL_TIM_TriggerCallback  stm32f1xx_hal_tim.o
    0x08004296   0x08004296   0x00000064   Code   RO         3322    i.HAL_UART_Init     stm32f1xx_hal_uart.o
    0x080042fa   0x080042fa   0x00000002   PAD
    0x080042fc   0x080042fc   0x00000070   Code   RO          413    i.HAL_UART_MspInit  usart.o
    0x0800436c   0x0800436c   0x000000a0   Code   RO         3330    i.HAL_UART_Transmit  stm32f1xx_hal_uart.o
    0x0800440c   0x0800440c   0x00000002   Code   RO          480    i.HardFault_Handler  stm32f1xx_it.o
    0x0800440e   0x0800440e   0x0000002e   Code   RO         2879    i.I2C_IsAcknowledgeFailed  stm32f1xx_hal_i2c.o
    0x0800443c   0x0800443c   0x000000fc   Code   RO         2889    i.I2C_RequestMemoryRead  stm32f1xx_hal_i2c.o
    0x08004538   0x08004538   0x000000a8   Code   RO         2890    i.I2C_RequestMemoryWrite  stm32f1xx_hal_i2c.o
    0x080045e0   0x080045e0   0x00000056   Code   RO         2894    i.I2C_WaitOnBTFFlagUntilTimeout  stm32f1xx_hal_i2c.o
    0x08004636   0x08004636   0x00000002   PAD
    0x08004638   0x08004638   0x00000090   Code   RO         2895    i.I2C_WaitOnFlagUntilTimeout  stm32f1xx_hal_i2c.o
    0x080046c8   0x080046c8   0x000000bc   Code   RO         2896    i.I2C_WaitOnMasterAddressFlagUntilTimeout  stm32f1xx_hal_i2c.o
    0x08004784   0x08004784   0x00000070   Code   RO         2897    i.I2C_WaitOnRXNEFlagUntilTimeout  stm32f1xx_hal_i2c.o
    0x080047f4   0x080047f4   0x00000056   Code   RO         2898    i.I2C_WaitOnTXEFlagUntilTimeout  stm32f1xx_hal_i2c.o
    0x0800484a   0x0800484a   0x00000002   PAD
    0x0800484c   0x0800484c   0x0000005c   Code   RO          300    i.MX_CAN_Init       can.o
    0x080048a8   0x080048a8   0x00000024   Code   RO          251    i.MX_FREERTOS_Init  freertos.o
    0x080048cc   0x080048cc   0x00000070   Code   RO          227    i.MX_GPIO_Init      gpio.o
    0x0800493c   0x0800493c   0x00000040   Code   RO          342    i.MX_I2C1_Init      i2c.o
    0x0800497c   0x0800497c   0x0000002c   Code   RO          382    i.MX_IWDG_Init      iwdg.o
    0x080049a8   0x080049a8   0x00000038   Code   RO          414    i.MX_USART1_UART_Init  usart.o
    0x080049e0   0x080049e0   0x00000002   Code   RO          481    i.MemManage_Handler  stm32f1xx_it.o
    0x080049e2   0x080049e2   0x00000002   Code   RO          482    i.NMI_Handler       stm32f1xx_it.o
    0x080049e4   0x080049e4   0x0000008c   Code   RO         5723    i.SocCalcTask       app_tasks.o
    0x08004a70   0x08004a70   0x00000008   Code   RO          252    i.StartDefaultTask  freertos.o
    0x08004a78   0x08004a78   0x0000001a   Code   RO         4803    i.SysTick_Handler   cmsis_os2.o
    0x08004a92   0x08004a92   0x00000064   Code   RO           16    i.SystemClock_Config  main.o
    0x08004af6   0x08004af6   0x00000002   Code   RO         3656    i.SystemInit        system_stm32f1xx.o
    0x08004af8   0x08004af8   0x0000000c   Code   RO          483    i.TIM2_IRQHandler   stm32f1xx_it.o
    0x08004b04   0x08004b04   0x00000078   Code   RO          736    i.TIM_Base_SetConfig  stm32f1xx_hal_tim.o
    0x08004b7c   0x08004b7c   0x0000004e   Code   RO         3345    i.UART_EndRxTransfer  stm32f1xx_hal_uart.o
    0x08004bca   0x08004bca   0x00000002   PAD
    0x08004bcc   0x08004bcc   0x000000b8   Code   RO         3348    i.UART_SetConfig    stm32f1xx_hal_uart.o
    0x08004c84   0x08004c84   0x00000072   Code   RO         3351    i.UART_WaitOnFlagUntilTimeout  stm32f1xx_hal_uart.o
    0x08004cf6   0x08004cf6   0x00000002   Code   RO          484    i.UsageFault_Handler  stm32f1xx_it.o
    0x08004cf8   0x08004cf8   0x00000028   Code   RO         6136    i.__ARM_fpclassify  m_ws.l(fpclassify.o)
    0x08004d20   0x08004d20   0x00000020   Code   RO         2338    i.__NVIC_SetPriority  stm32f1xx_hal_cortex.o
    0x08004d40   0x08004d40   0x0000000a   Code   RO         6055    i.__mathlib_flt_divzero  m_ws.l(funder.o)
    0x08004d4a   0x08004d4a   0x00000006   Code   RO         6056    i.__mathlib_flt_infnan  m_ws.l(funder.o)
    0x08004d50   0x08004d50   0x00000008   Code   RO         6058    i.__mathlib_flt_invalid  m_ws.l(funder.o)
    0x08004d58   0x08004d58   0x0000000e   Code   RO         5953    i._is_digit         c_w.l(__printf_wp.o)
    0x08004d66   0x08004d66   0x00000002   Code   RO          416    i._sys_exit         usart.o
    0x08004d68   0x08004d68   0x00000034   Code   RO         5724    i.app_f32_v_to_u16_mV  app_tasks.o
    0x08004d9c   0x08004d9c   0x00000040   Code   RO         5613    i.bq_read_u16       bsp_bq76940.o
    0x08004ddc   0x08004ddc   0x0000000a   Code   RO         5614    i.bq_read_u8        bsp_bq76940.o
    0x08004de6   0x08004de6   0x0000000a   Code   RO         5615    i.bq_write_u8       bsp_bq76940.o
    0x08004df0   0x08004df0   0x0000008c   Code   RO         5455    i.bsp_can_lec_str   bsp_can.o
    0x08004e7c   0x08004e7c   0x000001b8   Code   RO         5456    i.bsp_can_send      bsp_can.o
    0x08005034   0x08005034   0x00000034   Code   RO         5523    i.bsp_i2c_calc_pec_write  bsp_i2c.o
    0x08005068   0x08005068   0x00000024   Code   RO          417    i.fputc             usart.o
    0x0800508c   0x0800508c   0x00000190   Code   RO         6019    i.logf              m_ws.l(logf.o)
    0x0800521c   0x0800521c   0x00000044   Code   RO           17    i.main              main.o
    0x08005260   0x08005260   0x0000001a   Code   RO         4805    i.osDelay           cmsis_os2.o
    0x0800527a   0x0800527a   0x0000000e   Code   RO         4817    i.osKernelGetTickCount  cmsis_os2.o
    0x08005288   0x08005288   0x00000024   Code   RO         4819    i.osKernelInitialize  cmsis_os2.o
    0x080052ac   0x080052ac   0x00000038   Code   RO         4822    i.osKernelStart     cmsis_os2.o
    0x080052e4   0x080052e4   0x00000064   Code   RO         4834    i.osMessageQueueGet  cmsis_os2.o
    0x08005348   0x08005348   0x00000058   Code   RO         4839    i.osMessageQueueNew  cmsis_os2.o
    0x080053a0   0x080053a0   0x00000068   Code   RO         4840    i.osMessageQueuePut  cmsis_os2.o
    0x08005408   0x08005408   0x00000052   Code   RO         4842    i.osMutexAcquire    cmsis_os2.o
    0x0800545a   0x0800545a   0x00000068   Code   RO         4845    i.osMutexNew        cmsis_os2.o
    0x080054c2   0x080054c2   0x00000042   Code   RO         4846    i.osMutexRelease    cmsis_os2.o
    0x08005504   0x08005504   0x0000005c   Code   RO         4847    i.osSemaphoreAcquire  cmsis_os2.o
    0x08005560   0x08005560   0x00000098   Code   RO         4850    i.osSemaphoreNew    cmsis_os2.o
    0x080055f8   0x080055f8   0x00000058   Code   RO         4851    i.osSemaphoreRelease  cmsis_os2.o
    0x08005650   0x08005650   0x0000008a   Code   RO         4864    i.osThreadNew       cmsis_os2.o
    0x080056da   0x080056da   0x00000002   PAD
    0x080056dc   0x080056dc   0x0000005c   Code   RO         4264    i.prvAddCurrentTaskToDelayedList  tasks.o
    0x08005738   0x08005738   0x000000d0   Code   RO         4265    i.prvAddNewTaskToReadyList  tasks.o
    0x08005808   0x08005808   0x00000058   Code   RO         4629    i.prvCheckForValidListAndQueue  timers.o
    0x08005860   0x08005860   0x00000026   Code   RO         3861    i.prvCopyDataFromQueue  queue.o
    0x08005886   0x08005886   0x0000006c   Code   RO         3862    i.prvCopyDataToQueue  queue.o
    0x080058f2   0x080058f2   0x00000034   Code   RO         4266    i.prvDeleteTCB      tasks.o
    0x08005926   0x08005926   0x00000002   PAD
    0x08005928   0x08005928   0x0000004c   Code   RO         5316    i.prvHeapInit       heap_4.o
    0x08005974   0x08005974   0x00000060   Code   RO         4267    i.prvIdleTask       tasks.o
    0x080059d4   0x080059d4   0x00000016   Code   RO         3863    i.prvInitialiseMutex  queue.o
    0x080059ea   0x080059ea   0x00000002   PAD
    0x080059ec   0x080059ec   0x00000022   Code   RO         3864    i.prvInitialiseNewQueue  queue.o
    0x08005a0e   0x08005a0e   0x00000002   PAD
    0x08005a10   0x08005a10   0x000000b0   Code   RO         4268    i.prvInitialiseNewTask  tasks.o
    0x08005ac0   0x08005ac0   0x0000004c   Code   RO         5317    i.prvInsertBlockIntoFreeList  heap_4.o
    0x08005b0c   0x08005b0c   0x00000038   Code   RO         4631    i.prvInsertTimerInActiveList  timers.o
    0x08005b44   0x08005b44   0x0000001c   Code   RO         3865    i.prvIsQueueEmpty   queue.o
    0x08005b60   0x08005b60   0x000000fc   Code   RO         4632    i.prvProcessReceivedCommands  timers.o
    0x08005c5c   0x08005c5c   0x000000c0   Code   RO         4633    i.prvProcessTimerOrBlockTask  timers.o
    0x08005d1c   0x08005d1c   0x00000020   Code   RO         4270    i.prvResetNextTaskUnblockTime  tasks.o
    0x08005d3c   0x08005d3c   0x00000028   Code   RO         4634    i.prvSampleTimeNow  timers.o
    0x08005d64   0x08005d64   0x0000006c   Code   RO         4635    i.prvSwitchTimerLists  timers.o
    0x08005dd0   0x08005dd0   0x00000014   Code   RO         4271    i.prvTaskCheckFreeStackSpace  tasks.o
    0x08005de4   0x08005de4   0x00000028   Code   RO         5372    i.prvTaskExitError  port.o
    0x08005e0c   0x08005e0c   0x00000024   Code   RO         4636    i.prvTimerTask      timers.o
    0x08005e30   0x08005e30   0x0000006a   Code   RO         3866    i.prvUnlockQueue    queue.o
    0x08005e9a   0x08005e9a   0x00000002   PAD
    0x08005e9c   0x08005e9c   0x000000dc   Code   RO         5318    i.pvPortMalloc      heap_4.o
    0x08005f78   0x08005f78   0x00000018   Code   RO         4273    i.pvTaskIncrementMutexHeldCount  tasks.o
    0x08005f90   0x08005f90   0x00000024   Code   RO         5373    i.pxPortInitialiseStack  port.o
    0x08005fb4   0x08005fb4   0x00000026   Code   RO         3821    i.uxListRemove      list.o
    0x08005fda   0x08005fda   0x00000002   PAD
    0x08005fdc   0x08005fdc   0x00000010   Code   RO         4277    i.uxTaskGetStackHighWaterMark  tasks.o
    0x08005fec   0x08005fec   0x00000014   Code   RO         4876    i.vApplicationGetIdleTaskMemory  cmsis_os2.o
    0x08006000   0x08006000   0x00000018   Code   RO         4877    i.vApplicationGetTimerTaskMemory  cmsis_os2.o
    0x08006018   0x08006018   0x00000016   Code   RO         3822    i.vListInitialise   list.o
    0x0800602e   0x0800602e   0x00000006   Code   RO         3823    i.vListInitialiseItem  list.o
    0x08006034   0x08006034   0x00000030   Code   RO         3824    i.vListInsert       list.o
    0x08006064   0x08006064   0x00000018   Code   RO         3825    i.vListInsertEnd    list.o
    0x0800607c   0x0800607c   0x00000040   Code   RO         5375    i.vPortEnterCritical  port.o
    0x080060bc   0x080060bc   0x00000028   Code   RO         5376    i.vPortExitCritical  port.o
    0x080060e4   0x080060e4   0x00000064   Code   RO         5319    i.vPortFree         heap_4.o
    0x08006148   0x08006148   0x00000024   Code   RO         5377    i.vPortSetupTimerInterrupt  port.o
    0x0800616c   0x0800616c   0x00000054   Code   RO         5378    i.vPortValidateInterruptPriority  port.o
    0x080061c0   0x080061c0   0x00000028   Code   RO         3872    i.vQueueAddToRegistry  queue.o
    0x080061e8   0x080061e8   0x0000002e   Code   RO         3873    i.vQueueDelete      queue.o
    0x08006216   0x08006216   0x00000002   PAD
    0x08006218   0x08006218   0x00000028   Code   RO         3875    i.vQueueUnregisterQueue  queue.o
    0x08006240   0x08006240   0x00000044   Code   RO         3876    i.vQueueWaitForMessageRestricted  queue.o
    0x08006284   0x08006284   0x0000004c   Code   RO         4283    i.vTaskDelay        tasks.o
    0x080062d0   0x080062d0   0x00000010   Code   RO         4288    i.vTaskInternalSetTimeOutState  tasks.o
    0x080062e0   0x080062e0   0x0000000c   Code   RO         4289    i.vTaskMissedYield  tasks.o
    0x080062ec   0x080062ec   0x00000030   Code   RO         4291    i.vTaskPlaceOnEventList  tasks.o
    0x0800631c   0x0800631c   0x00000038   Code   RO         4292    i.vTaskPlaceOnEventListRestricted  tasks.o
    0x08006354   0x08006354   0x00000090   Code   RO         4294    i.vTaskPriorityDisinheritAfterTimeout  tasks.o
    0x080063e4   0x080063e4   0x00000088   Code   RO         4300    i.vTaskStartScheduler  tasks.o
    0x0800646c   0x0800646c   0x00000010   Code   RO         4302    i.vTaskSuspendAll   tasks.o
    0x0800647c   0x0800647c   0x00000064   Code   RO         4303    i.vTaskSwitchContext  tasks.o
    0x080064e0   0x080064e0   0x000000a8   Code   RO         5379    i.xPortStartScheduler  port.o
    0x08006588   0x08006588   0x0000002c   Code   RO         5380    i.xPortSysTickHandler  port.o
    0x080065b4   0x080065b4   0x0000003a   Code   RO         3877    i.xQueueCreateCountingSemaphore  queue.o
    0x080065ee   0x080065ee   0x00000040   Code   RO         3878    i.xQueueCreateCountingSemaphoreStatic  queue.o
    0x0800662e   0x0800662e   0x00000016   Code   RO         3879    i.xQueueCreateMutex  queue.o
    0x08006644   0x08006644   0x0000001a   Code   RO         3880    i.xQueueCreateMutexStatic  queue.o
    0x0800665e   0x0800665e   0x00000042   Code   RO         3881    i.xQueueGenericCreate  queue.o
    0x080066a0   0x080066a0   0x00000066   Code   RO         3882    i.xQueueGenericCreateStatic  queue.o
    0x08006706   0x08006706   0x00000002   PAD
    0x08006708   0x08006708   0x00000088   Code   RO         3883    i.xQueueGenericReset  queue.o
    0x08006790   0x08006790   0x00000160   Code   RO         3884    i.xQueueGenericSend  queue.o
    0x080068f0   0x080068f0   0x000000be   Code   RO         3885    i.xQueueGenericSendFromISR  queue.o
    0x080069ae   0x080069ae   0x0000009c   Code   RO         3888    i.xQueueGiveFromISR  queue.o
    0x08006a4a   0x08006a4a   0x0000003e   Code   RO         3889    i.xQueueGiveMutexRecursive  queue.o
    0x08006a88   0x08006a88   0x00000138   Code   RO         3894    i.xQueueReceive     queue.o
    0x08006bc0   0x08006bc0   0x0000009a   Code   RO         3895    i.xQueueReceiveFromISR  queue.o
    0x08006c5a   0x08006c5a   0x00000002   PAD
    0x08006c5c   0x08006c5c   0x00000178   Code   RO         3896    i.xQueueSemaphoreTake  queue.o
    0x08006dd4   0x08006dd4   0x00000040   Code   RO         3897    i.xQueueTakeMutexRecursive  queue.o
    0x08006e14   0x08006e14   0x00000074   Code   RO         4305    i.xTaskCheckForTimeOut  tasks.o
    0x08006e88   0x08006e88   0x0000005a   Code   RO         4306    i.xTaskCreate       tasks.o
    0x08006ee2   0x08006ee2   0x00000056   Code   RO         4307    i.xTaskCreateStatic  tasks.o
    0x08006f38   0x08006f38   0x0000000c   Code   RO         4310    i.xTaskGetCurrentTaskHandle  tasks.o
    0x08006f44   0x08006f44   0x0000001c   Code   RO         4311    i.xTaskGetSchedulerState  tasks.o
    0x08006f60   0x08006f60   0x0000000c   Code   RO         4312    i.xTaskGetTickCount  tasks.o
    0x08006f6c   0x08006f6c   0x00000010   Code   RO         4313    i.xTaskGetTickCountFromISR  tasks.o
    0x08006f7c   0x08006f7c   0x000000c8   Code   RO         4314    i.xTaskIncrementTick  tasks.o
    0x08007044   0x08007044   0x00000080   Code   RO         4317    i.xTaskPriorityDisinherit  tasks.o
    0x080070c4   0x080070c4   0x00000078   Code   RO         4318    i.xTaskPriorityInherit  tasks.o
    0x0800713c   0x0800713c   0x00000070   Code   RO         4319    i.xTaskRemoveFromEventList  tasks.o
    0x080071ac   0x080071ac   0x000000c4   Code   RO         4320    i.xTaskResumeAll    tasks.o
    0x08007270   0x08007270   0x00000060   Code   RO         4645    i.xTimerCreateTimerTask  timers.o
    0x080072d0   0x080072d0   0x00000068   Code   RO         4646    i.xTimerGenericCommand  timers.o
    0x08007338   0x08007338   0x0000002c   Code   RO         6130    locale$$code        c_w.l(lc_numeric_c.o)
    0x08007364   0x08007364   0x0000000c   Code   RO         6044    x$fpl$dretinf       fz_ws.l(dretinf.o)
    0x08007370   0x08007370   0x00000056   Code   RO         5984    x$fpl$f2d           fz_ws.l(f2d.o)
    0x080073c6   0x080073c6   0x00000002   PAD
    0x080073c8   0x080073c8   0x000000c4   Code   RO         5986    x$fpl$fadd          fz_ws.l(faddsub_clz.o)
    0x0800748c   0x0800748c   0x0000000c   Code   RO         6132    x$fpl$fcheck1       fz_ws.l(fcheck1.o)
    0x08007498   0x08007498   0x00000018   Code   RO         6046    x$fpl$fcmpinf       fz_ws.l(fcmpi.o)
    0x080074b0   0x080074b0   0x00000184   Code   RO         5993    x$fpl$fdiv          fz_ws.l(fdiv.o)
    0x08007634   0x08007634   0x00000036   Code   RO         5996    x$fpl$ffix          fz_ws.l(ffix.o)
    0x0800766a   0x0800766a   0x00000002   PAD
    0x0800766c   0x0800766c   0x0000003e   Code   RO         6000    x$fpl$ffixu         fz_ws.l(ffixu.o)
    0x080076aa   0x080076aa   0x00000002   PAD
    0x080076ac   0x080076ac   0x00000030   Code   RO         6005    x$fpl$fflt          fz_ws.l(fflt_clz.o)
    0x080076dc   0x080076dc   0x00000026   Code   RO         6004    x$fpl$ffltu         fz_ws.l(fflt_clz.o)
    0x08007702   0x08007702   0x00000002   PAD
    0x08007704   0x08007704   0x00000068   Code   RO         6010    x$fpl$fleqf         fz_ws.l(fleqf.o)
    0x0800776c   0x0800776c   0x00000102   Code   RO         6012    x$fpl$fmul          fz_ws.l(fmul.o)
    0x0800786e   0x0800786e   0x0000008c   Code   RO         6048    x$fpl$fnaninf       fz_ws.l(fnaninf.o)
    0x080078fa   0x080078fa   0x0000000a   Code   RO         6050    x$fpl$fretinf       fz_ws.l(fretinf.o)
    0x08007904   0x08007904   0x00000062   Code   RO         6014    x$fpl$frleqf        fz_ws.l(frleqf.o)
    0x08007966   0x08007966   0x00000002   PAD
    0x08007968   0x08007968   0x000000ea   Code   RO         5988    x$fpl$fsub          fz_ws.l(faddsub_clz.o)
    0x08007a52   0x08007a52   0x00000004   Code   RO         6016    x$fpl$printf1       fz_ws.l(printf1.o)
    0x08007a56   0x08007a56   0x00000064   Code   RO         6200    x$fpl$retnan        fz_ws.l(retnan.o)
    0x08007aba   0x08007aba   0x0000004c   Code   RO         6052    x$fpl$scalbnf       fz_ws.l(scalbnf.o)
    0x08007b06   0x08007b06   0x00000030   Code   RO         6208    x$fpl$trapveneer    fz_ws.l(trapv.o)
    0x08007b36   0x08007b36   0x00000000   Code   RO         6054    x$fpl$usenofp       fz_ws.l(usenofp.o)
    0x08007b36   0x08007b36   0x00000002   PAD
    0x08007b38   0x08007b38   0x00000024   Data   RO          253    .constdata          freertos.o
    0x08007b5c   0x08007b5c   0x00000012   Data   RO         2036    .constdata          stm32f1xx_hal_rcc.o
    0x08007b6e   0x08007b6e   0x00000010   Data   RO         3657    .constdata          system_stm32f1xx.o
    0x08007b7e   0x08007b7e   0x00000008   Data   RO         3658    .constdata          system_stm32f1xx.o
    0x08007b86   0x08007b86   0x00000002   PAD
    0x08007b88   0x08007b88   0x000000fc   Data   RO         5726    .constdata          app_tasks.o
    0x08007c84   0x08007c84   0x00000028   Data   RO         5935    .constdata          c_w.l(_printf_hex_int_ptr.o)
    0x08007cac   0x08007cac   0x00000011   Data   RO         5961    .constdata          c_w.l(__printf_flags_ss_wp.o)
    0x08007cbd   0x08007cbd   0x00000003   PAD
    0x08007cc0   0x08007cc0   0x00000040   Data   RO         6020    .constdata          m_ws.l(logf.o)
    0x08007d00   0x08007d00   0x00000094   Data   RO         6101    .constdata          c_w.l(bigflt0.o)
    0x08007d94   0x08007d94   0x0000000c   Data   RO          254    .conststring        freertos.o
    0x08007da0   0x08007da0   0x00000065   Data   RO         5457    .conststring        bsp_can.o
    0x08007e05   0x08007e05   0x00000003   PAD
    0x08007e08   0x08007e08   0x000003db   Data   RO         5727    .conststring        app_tasks.o
    0x080081e3   0x080081e3   0x00000001   PAD
    0x080081e4   0x080081e4   0x00000020   Data   RO         6281    Region$$Table       anon$$obj.o
    0x08008204   0x08008204   0x0000001c   Data   RO         6129    locale$$data        c_w.l(lc_numeric_c.o)


    Execution Region RW_IRAM1 (Exec base: 0x20000000, Load base: 0x08008220, Size: 0x00004578, Max: 0x00005000, ABSOLUTE)

    Exec Addr    Load Addr    Size         Type   Attr      Idx    E Section Name        Object

    0x20000000   0x08008220   0x00000001   Data   RW           18    .data               main.o
    0x20000001   0x08008221   0x00000003   PAD
    0x20000004   0x08008224   0x00000004   Data   RW          255    .data               freertos.o
    0x20000008   0x08008228   0x00000001   Data   RW          419    .data               usart.o
    0x20000009   0x08008229   0x00000003   PAD
    0x2000000c   0x0800822c   0x00000004   Data   RW          420    .data               usart.o
    0x20000010   0x08008230   0x0000000c   Data   RW         1873    .data               stm32f1xx_hal.o
    0x2000001c   0x0800823c   0x00000004   Data   RW         3659    .data               system_stm32f1xx.o
    0x20000020   0x08008240   0x0000003c   Data   RW         4323    .data               tasks.o
    0x2000005c   0x0800827c   0x00000014   Data   RW         4654    .data               timers.o
    0x20000070   0x08008290   0x00000004   Data   RW         4879    .data               cmsis_os2.o
    0x20000074   0x08008294   0x00000020   Data   RW         5325    .data               heap_4.o
    0x20000094   0x080082b4   0x0000000c   Data   RW         5381    .data               port.o
    0x200000a0   0x080082c0   0x00000006   Data   RW         5616    .data               bsp_bq76940.o
    0x200000a6   0x080082c6   0x00000002   PAD
    0x200000a8   0x080082c8   0x00000034   Data   RW         5728    .data               app_tasks.o
    0x200000dc        -       0x00000028   Zero   RW          301    .bss                can.o
    0x20000104        -       0x00000054   Zero   RW          343    .bss                i2c.o
    0x20000158        -       0x0000000c   Zero   RW          383    .bss                iwdg.o
    0x20000164        -       0x00000048   Zero   RW          418    .bss                usart.o
    0x200001ac        -       0x00000048   Zero   RW          569    .bss                stm32f1xx_hal_timebase_tim.o
    0x200001f4        -       0x00000040   Zero   RW         3898    .bss                queue.o
    0x20000234        -       0x000004c4   Zero   RW         4322    .bss                tasks.o
    0x200006f8        -       0x00000118   Zero   RW         4653    .bss                timers.o
    0x20000810        -       0x000006b8   Zero   RW         4878    .bss                cmsis_os2.o
    0x20000ec8        -       0x00003000   Zero   RW         5324    .bss                heap_4.o
    0x20003ec8        -       0x0000004c   Zero   RW         5725    .bss                app_tasks.o
    0x20003f14        -       0x00000060   Zero   RW         6139    .bss                c_w.l(libspace.o)
    0x20003f74   0x080082fc   0x00000004   PAD
    0x20003f78        -       0x00000200   Zero   RW            2    HEAP                startup_stm32f103xb.o
    0x20004178        -       0x00000400   Zero   RW            1    STACK               startup_stm32f103xb.o


==============================================================================

Image component sizes


      Code (inc. data)   RO Data    RW Data    ZI Data      Debug   Object Name

         4          0          0          0          0        833   app_can.o
      3394        698       1239         52         76      12312   app_tasks.o
      1340        132          0          6          0      11750   bsp_bq76940.o
       804        264        101          0          0       5909   bsp_can.o
       228         50          0          0          0       3101   bsp_i2c.o
       200         22          0          0         40       1775   can.o
      1216         40          0          4       1720      68920   cmsis_os2.o
        50          0          0          0          0       1194   crc8.o
         0          0          0          0          0      19804   event_groups.o
        44         12         48          4          0       1813   freertos.o
       112          8          0          0          0        967   gpio.o
       472         24          0         32      12288       4939   heap_4.o
       176         30          0          0         84       1769   i2c.o
        44          8          0          0         12        759   iwdg.o
       138          0          0          0          0       3574   list.o
       354         96          0          1          0     462480   main.o
       662         70          0         12          0      11053   port.o
      2670         28          0          0         64      30204   queue.o
        64         26        236          0       1536        836   startup_stm32f103xb.o
       100         18          0         12          0       5430   stm32f1xx_hal.o
      1234          0          0          0          0       8961   stm32f1xx_hal_can.o
       158         14          0          0          0      28338   stm32f1xx_hal_cortex.o
       490         34          0          0          0       2968   stm32f1xx_hal_gpio.o
      2746         66          0          0          0      14770   stm32f1xx_hal_i2c.o
       106          0          0          0          0       1939   stm32f1xx_hal_iwdg.o
        72         10          0          0          0        922   stm32f1xx_hal_msp.o
      1304         94         18          0          0       5933   stm32f1xx_hal_rcc.o
       612         24          0          0          0       7444   stm32f1xx_hal_tim.o
         4          0          0          0          0       1665   stm32f1xx_hal_tim_ex.o
       152         18          0          0         72       1563   stm32f1xx_hal_timebase_tim.o
       636          6          0          0          0       4796   stm32f1xx_hal_uart.o
        24          6          0          0          0       3211   stm32f1xx_it.o
         0          0          0          0          0        424   stream_buffer.o
         2          0         24          4          0       1199   system_stm32f1xx.o
      2436        206          0         60       1220      31814   tasks.o
       972         80          0         20        280      32535   timers.o
       206         30          0          5         72       4188   usart.o

    ----------------------------------------------------------------------
     23270       2114       1704        220      17464     802092   Object Totals
         0          0         32          0          0          0   (incl. Generated)
        44          0          6          8          0          0   (incl. Padding)

    ----------------------------------------------------------------------

      Code (inc. data)   RO Data    RW Data    ZI Data      Debug   Library Member Name

         8          0          0          0          0         68   __main.o
       392          4         17          0          0         92   __printf_flags_ss_wp.o
        14          0          0          0          0         68   __printf_wp.o
         0          0          0          0          0          0   __rtentry.o
        12          0          0          0          0          0   __rtentry2.o
         6          0          0          0          0          0   __rtentry4.o
        52          8          0          0          0          0   __scatter.o
        26          0          0          0          0          0   __scatter_copy.o
        28          0          0          0          0          0   __scatter_zi.o
        44          0          0          0          0        108   _printf_char.o
        48          6          0          0          0         96   _printf_char_common.o
        36          4          0          0          0         80   _printf_char_file.o
         6          0          0          0          0          0   _printf_d.o
       120         16          0          0          0         92   _printf_dec.o
         6          0          0          0          0          0   _printf_f.o
      1054          0          0          0          0        216   _printf_fp_dec.o
       128         16          0          0          0         84   _printf_fp_infnan.o
       124          4         40          0          0        144   _printf_hex_int_ptr.o
       178          0          0          0          0         88   _printf_intcommon.o
         6          0          0          0          0          0   _printf_p.o
        78          0          0          0          0        108   _printf_pad.o
         0          0          0          0          0          0   _printf_percent.o
         4          0          0          0          0          0   _printf_percent_end.o
         6          0          0          0          0          0   _printf_s.o
        82          0          0          0          0         80   _printf_str.o
         6          0          0          0          0          0   _printf_u.o
         6          0          0          0          0          0   _printf_x.o
        22          0          0          0          0        100   _rserrno.o
        16          0          0          0          0         68   aeabi_memset.o
       228          4        148          0          0         96   bigflt0.o
      1936        128          0          0          0        672   btod.o
        18          0          0          0          0         80   exit.o
         8          0          0          0          0         68   ferror.o
         6          0          0          0          0        152   heapauxi.o
        44         10         28          0          0         76   lc_numeric_c.o
         2          0          0          0          0          0   libinit.o
        18          0          0          0          0          0   libinit2.o
         2          0          0          0          0          0   libshutdown.o
         2          0          0          0          0          0   libshutdown2.o
         8          4          0          0         96         68   libspace.o
       138          0          0          0          0         80   lludiv10.o
        24          4          0          0          0         84   noretval__2printf.o
         8          4          0          0          0         68   rt_errno_addr_intlibspace.o
         8          4          0          0          0         68   rt_locale_intlibspace.o
        68          0          0          0          0         68   rt_memclr.o
        78          0          0          0          0         80   rt_memclr_w.o
       138          0          0          0          0         68   rt_memcpy_v6.o
       100          0          0          0          0         80   rt_memcpy_w.o
         2          0          0          0          0          0   rtexit.o
        10          0          0          0          0          0   rtexit2.o
       128          0          0          0          0         68   strcmpv7m.o
        74          0          0          0          0         80   sys_stackheap_outer.o
         2          0          0          0          0         68   use_no_semi.o
         2          0          0          0          0         68   use_no_semi_2.o
        12          0          0          0          0         68   dretinf.o
        86          4          0          0          0         84   f2d.o
       430          8          0          0          0        168   faddsub_clz.o
        12          4          0          0          0         68   fcheck1.o
        24          0          0          0          0         68   fcmpi.o
       388         76          0          0          0         96   fdiv.o
        54          4          0          0          0         84   ffix.o
        62          4          0          0          0         84   ffixu.o
        86          0          0          0          0        136   fflt_clz.o
       104          4          0          0          0         84   fleqf.o
       258          4          0          0          0         84   fmul.o
       140          4          0          0          0         84   fnaninf.o
        10          0          0          0          0         68   fretinf.o
        98          0          0          0          0         68   frleqf.o
         4          0          0          0          0         68   printf1.o
       100          0          0          0          0         68   retnan.o
        76          0          0          0          0         68   scalbnf.o
        48          0          0          0          0         68   trapv.o
         0          0          0          0          0          0   usenofp.o
        40          0          0          0          0         68   fpclassify.o
        24          0          0          0          0        204   funder.o
       400         38         64          0          0        132   logf.o

    ----------------------------------------------------------------------
      8038        366        300          0        100       5504   Library Totals
        22          0          3          0          4          0   (incl. Padding)

    ----------------------------------------------------------------------

      Code (inc. data)   RO Data    RW Data    ZI Data      Debug   Library Name

      5560        216        233          0         96       3584   c_w.l
      1992        112          0          0          0       1516   fz_ws.l
       464         38         64          0          0        404   m_ws.l

    ----------------------------------------------------------------------
      8038        366        300          0        100       5504   Library Totals

    ----------------------------------------------------------------------

==============================================================================


      Code (inc. data)   RO Data    RW Data    ZI Data      Debug   

     31308       2480       2004        220      17564     793292   Grand Totals
     31308       2480       2004        220      17564     793292   ELF Image Totals
     31308       2480       2004        220          0          0   ROM Totals

==============================================================================

    Total RO  Size (Code + RO Data)                33312 (  32.53kB)
    Total RW  Size (RW Data + ZI Data)             17784 (  17.37kB)
    Total ROM Size (Code + RO Data + RW Data)      33532 (  32.75kB)

==============================================================================

